[0.020s] Invoking command in '/home/linux/ros2_ws/build/pub1-2': CMAKE_PREFIX_PATH=/opt/ros/foxy:${CMAKE_PREFIX_PATH} /usr/bin/cmake /home/linux/ros2_ws/src/pub1-2 -DAMENT_CMAKE_SYMLINK_INSTALL=1 -DCMAKE_INSTALL_PREFIX=/home/linux/ros2_ws/install/pub1-2
[0.437s] -- The C compiler identification is GNU 9.4.0
[0.847s] -- The CXX compiler identification is GNU 9.4.0
[1.004s] -- Check for working C compiler: /usr/bin/cc
[1.189s] -- Check for working C compiler: /usr/bin/cc -- works
[1.191s] -- Detecting C compiler ABI info
[1.362s] -- Detecting C compiler ABI info - done
[1.373s] -- Detecting C compile features
[1.374s] -- Detecting C compile features - done
[1.379s] -- Check for working CXX compiler: /usr/bin/c++
[1.560s] -- Check for working CXX compiler: /usr/bin/c++ -- works
[1.561s] -- Detecting CXX compiler ABI info
[1.741s] -- Detecting CXX compiler ABI info - done
[1.752s] -- Detecting CXX compile features
[1.752s] -- Detecting CXX compile features - done
[1.765s] -- Found ament_cmake: 0.9.12 (/opt/ros/foxy/share/ament_cmake/cmake)
[1.795s] -- Found PythonInterp: /usr/bin/python3 (found suitable version "3.8.10", minimum required is "3") 
[1.795s] -- Using PYTHON_EXECUTABLE: /usr/bin/python3
[1.982s] -- Override CMake install command with custom implementation using symlinks instead of copying resources
[2.038s] -- Found rclcpp: 2.4.3 (/opt/ros/foxy/share/rclcpp/cmake)
[2.261s] -- Using all available rosidl_typesupport_c: rosidl_typesupport_fastrtps_c;rosidl_typesupport_introspection_c
[2.272s] -- Found rosidl_adapter: 1.3.1 (/opt/ros/foxy/share/rosidl_adapter/cmake)
[3.441s] -- Found OpenSSL: /usr/lib/x86_64-linux-gnu/libcrypto.so (found version "1.1.1f")  
[4.642s] -- Found FastRTPS: /opt/ros/foxy/include  
[6.796s] -- Using all available rosidl_typesupport_cpp: rosidl_typesupport_fastrtps_cpp;rosidl_typesupport_introspection_cpp
[6.889s] -- Found rmw_implementation_cmake: 1.0.4 (/opt/ros/foxy/share/rmw_implementation_cmake/cmake)
[6.893s] -- Using RMW implementation 'rmw_fastrtps_cpp' as default
[6.897s] -- Looking for pthread.h
[7.056s] -- Looking for pthread.h - found
[7.057s] -- Performing Test CMAKE_HAVE_LIBC_PTHREAD
[7.206s] -- Performing Test CMAKE_HAVE_LIBC_PTHREAD - Failed
[7.206s] -- Looking for pthread_create in pthreads
[7.344s] -- Looking for pthread_create in pthreads - not found
[7.344s] -- Looking for pthread_create in pthread
[7.517s] -- Looking for pthread_create in pthread - found
[7.518s] -- Found Threads: TRUE  
[7.725s] -- Found geometry_msgs: 2.0.5 (/opt/ros/foxy/share/geometry_msgs/cmake)
[7.831s] -- Configuring done
[7.839s] -- Generating done
[7.843s] -- Build files have been written to: /home/linux/ros2_ws/build/pub1-2
[7.848s] Invoked command in '/home/linux/ros2_ws/build/pub1-2' returned '0': CMAKE_PREFIX_PATH=/opt/ros/foxy:${CMAKE_PREFIX_PATH} /usr/bin/cmake /home/linux/ros2_ws/src/pub1-2 -DAMENT_CMAKE_SYMLINK_INSTALL=1 -DCMAKE_INSTALL_PREFIX=/home/linux/ros2_ws/install/pub1-2
[7.852s] Invoking command in '/home/linux/ros2_ws/build/pub1-2': CMAKE_PREFIX_PATH=/opt/ros/foxy:${CMAKE_PREFIX_PATH} /usr/bin/cmake --build /home/linux/ros2_ws/build/pub1-2 -- -j6 -l6
[7.891s] [35m[1mScanning dependencies of target pub1[0m
[8.026s] [ 50%] [32mBuilding CXX object CMakeFiles/pub1.dir/src/pub1.cpp.o[0m
[10.898s] [100%] [32m[1mLinking CXX executable pub1[0m
[11.178s] [100%] Built target pub1
[11.190s] Invoked command in '/home/linux/ros2_ws/build/pub1-2' returned '0': CMAKE_PREFIX_PATH=/opt/ros/foxy:${CMAKE_PREFIX_PATH} /usr/bin/cmake --build /home/linux/ros2_ws/build/pub1-2 -- -j6 -l6
[11.203s] Invoking command in '/home/linux/ros2_ws/build/pub1-2': CMAKE_PREFIX_PATH=/opt/ros/foxy:${CMAKE_PREFIX_PATH} /usr/bin/cmake --install /home/linux/ros2_ws/build/pub1-2
[11.211s] -- Install configuration: ""
[11.211s] -- Execute custom install script
[11.213s] -- Symlinking: /home/linux/ros2_ws/install/pub1-2/lib/pub1-2/pub1
[11.224s] -- Symlinking: /home/linux/ros2_ws/install/pub1-2/share/ament_index/resource_index/package_run_dependencies/pub1-2
[11.233s] -- Symlinking: /home/linux/ros2_ws/install/pub1-2/share/ament_index/resource_index/parent_prefix_path/pub1-2
[11.243s] -- Symlinking: /home/linux/ros2_ws/install/pub1-2/share/pub1-2/environment/ament_prefix_path.sh
[11.252s] -- Symlinking: /home/linux/ros2_ws/install/pub1-2/share/pub1-2/environment/ament_prefix_path.dsv
[11.262s] -- Symlinking: /home/linux/ros2_ws/install/pub1-2/share/pub1-2/environment/path.sh
[11.271s] -- Symlinking: /home/linux/ros2_ws/install/pub1-2/share/pub1-2/environment/path.dsv
[11.280s] -- Symlinking: /home/linux/ros2_ws/install/pub1-2/share/pub1-2/local_setup.bash
[11.290s] -- Symlinking: /home/linux/ros2_ws/install/pub1-2/share/pub1-2/local_setup.sh
[11.299s] -- Symlinking: /home/linux/ros2_ws/install/pub1-2/share/pub1-2/local_setup.zsh
[11.308s] -- Symlinking: /home/linux/ros2_ws/install/pub1-2/share/pub1-2/local_setup.dsv
[11.317s] -- Symlinking: /home/linux/ros2_ws/install/pub1-2/share/pub1-2/package.dsv
[11.326s] -- Symlinking: /home/linux/ros2_ws/install/pub1-2/share/ament_index/resource_index/packages/pub1-2
[11.336s] -- Symlinking: /home/linux/ros2_ws/install/pub1-2/share/pub1-2/cmake/pub1-2Config.cmake
[11.346s] -- Symlinking: /home/linux/ros2_ws/install/pub1-2/share/pub1-2/cmake/pub1-2Config-version.cmake
[11.355s] -- Symlinking: /home/linux/ros2_ws/install/pub1-2/share/pub1-2/package.xml
[11.366s] Invoked command in '/home/linux/ros2_ws/build/pub1-2' returned '0': CMAKE_PREFIX_PATH=/opt/ros/foxy:${CMAKE_PREFIX_PATH} /usr/bin/cmake --install /home/linux/ros2_ws/build/pub1-2
