[0.454s] DEBUG:colcon:Command line arguments: ['/usr/bin/colcon', 'build', '--packages-select', 'pub2_3']
[0.454s] DEBUG:colcon:Parsed command line arguments: Namespace(allow_overriding=[], ament_cmake_args=None, base_paths=['.'], build_base='build', catkin_cmake_args=None, catkin_skip_building_tests=False, cmake_args=None, cmake_clean_cache=False, cmake_clean_first=False, cmake_force_configure=False, cmake_target=None, cmake_target_skip_unavailable=False, continue_on_error=False, event_handlers=None, executor='parallel', ignore_user_meta=False, install_base='install', log_base=None, log_level=None, main=<bound method BuildVerb.main of <colcon_core.verb.build.BuildVerb object at 0x7f0754b32a60>>, merge_install=False, metas=['./colcon.meta'], packages_above=None, packages_above_and_dependencies=None, packages_above_depth=None, packages_end=None, packages_ignore=None, packages_ignore_regex=None, packages_select=['pub2_3'], packages_select_build_failed=False, packages_select_by_dep=None, packages_select_regex=None, packages_select_test_failures=False, packages_skip=None, packages_skip_build_finished=False, packages_skip_by_dep=None, packages_skip_regex=None, packages_skip_test_passed=False, packages_skip_up_to=None, packages_start=None, packages_up_to=None, packages_up_to_regex=None, parallel_workers=6, paths=None, symlink_install=False, test_result_base=None, verb_extension=<colcon_core.verb.build.BuildVerb object at 0x7f0754b32a60>, verb_name='build', verb_parser=<colcon_defaults.argument_parser.defaults.DefaultArgumentsDecorator object at 0x7f0754ac31f0>)
[0.632s] Level 1:colcon.colcon_core.package_discovery:discover_packages(colcon_meta) check parameters
[0.632s] Level 1:colcon.colcon_core.package_discovery:discover_packages(recursive) check parameters
[0.632s] Level 1:colcon.colcon_core.package_discovery:discover_packages(ignore) check parameters
[0.632s] Level 1:colcon.colcon_core.package_discovery:discover_packages(path) check parameters
[0.632s] Level 1:colcon.colcon_core.package_discovery:discover_packages(colcon_meta) discover
[0.633s] Level 1:colcon.colcon_core.package_discovery:discover_packages(recursive) discover
[0.633s] INFO:colcon.colcon_core.package_discovery:Crawling recursively for packages in '/home/linux/ros2_ws'
[0.633s] Level 1:colcon.colcon_core.package_identification:_identify(.) by extensions ['ignore', 'ignore_ament_install']
[0.633s] Level 1:colcon.colcon_core.package_identification:_identify(.) by extension 'ignore'
[0.633s] Level 1:colcon.colcon_core.package_identification:_identify(.) by extension 'ignore_ament_install'
[0.633s] Level 1:colcon.colcon_core.package_identification:_identify(.) by extensions ['colcon_pkg']
[0.633s] Level 1:colcon.colcon_core.package_identification:_identify(.) by extension 'colcon_pkg'
[0.633s] Level 1:colcon.colcon_core.package_identification:_identify(.) by extensions ['colcon_meta']
[0.633s] Level 1:colcon.colcon_core.package_identification:_identify(.) by extension 'colcon_meta'
[0.633s] Level 1:colcon.colcon_core.package_identification:_identify(.) by extensions ['ros']
[0.633s] Level 1:colcon.colcon_core.package_identification:_identify(.) by extension 'ros'
[0.644s] Level 1:colcon.colcon_core.package_identification:_identify(.) by extensions ['cmake', 'python']
[0.644s] Level 1:colcon.colcon_core.package_identification:_identify(.) by extension 'cmake'
[0.644s] Level 1:colcon.colcon_core.package_identification:_identify(.) by extension 'python'
[0.644s] Level 1:colcon.colcon_core.package_identification:_identify(.) by extensions ['python_setup_py']
[0.644s] Level 1:colcon.colcon_core.package_identification:_identify(.) by extension 'python_setup_py'
[0.644s] Level 1:colcon.colcon_core.package_identification:_identify(build) by extensions ['ignore', 'ignore_ament_install']
[0.644s] Level 1:colcon.colcon_core.package_identification:_identify(build) by extension 'ignore'
[0.645s] Level 1:colcon.colcon_core.package_identification:_identify(build) ignored
[0.645s] Level 1:colcon.colcon_core.package_identification:_identify(install) by extensions ['ignore', 'ignore_ament_install']
[0.645s] Level 1:colcon.colcon_core.package_identification:_identify(install) by extension 'ignore'
[0.645s] Level 1:colcon.colcon_core.package_identification:_identify(install) ignored
[0.645s] Level 1:colcon.colcon_core.package_identification:_identify(log) by extensions ['ignore', 'ignore_ament_install']
[0.645s] Level 1:colcon.colcon_core.package_identification:_identify(log) by extension 'ignore'
[0.645s] Level 1:colcon.colcon_core.package_identification:_identify(log) ignored
[0.645s] Level 1:colcon.colcon_core.package_identification:_identify(src) by extensions ['ignore', 'ignore_ament_install']
[0.645s] Level 1:colcon.colcon_core.package_identification:_identify(src) by extension 'ignore'
[0.645s] Level 1:colcon.colcon_core.package_identification:_identify(src) by extension 'ignore_ament_install'
[0.645s] Level 1:colcon.colcon_core.package_identification:_identify(src) by extensions ['colcon_pkg']
[0.645s] Level 1:colcon.colcon_core.package_identification:_identify(src) by extension 'colcon_pkg'
[0.645s] Level 1:colcon.colcon_core.package_identification:_identify(src) by extensions ['colcon_meta']
[0.645s] Level 1:colcon.colcon_core.package_identification:_identify(src) by extension 'colcon_meta'
[0.645s] Level 1:colcon.colcon_core.package_identification:_identify(src) by extensions ['ros']
[0.646s] Level 1:colcon.colcon_core.package_identification:_identify(src) by extension 'ros'
[0.646s] Level 1:colcon.colcon_core.package_identification:_identify(src) by extensions ['cmake', 'python']
[0.646s] Level 1:colcon.colcon_core.package_identification:_identify(src) by extension 'cmake'
[0.646s] Level 1:colcon.colcon_core.package_identification:_identify(src) by extension 'python'
[0.646s] Level 1:colcon.colcon_core.package_identification:_identify(src) by extensions ['python_setup_py']
[0.646s] Level 1:colcon.colcon_core.package_identification:_identify(src) by extension 'python_setup_py'
[0.646s] Level 1:colcon.colcon_core.package_identification:_identify(src/pub1) by extensions ['ignore', 'ignore_ament_install']
[0.646s] Level 1:colcon.colcon_core.package_identification:_identify(src/pub1) by extension 'ignore'
[0.646s] Level 1:colcon.colcon_core.package_identification:_identify(src/pub1) by extension 'ignore_ament_install'
[0.647s] Level 1:colcon.colcon_core.package_identification:_identify(src/pub1) by extensions ['colcon_pkg']
[0.647s] Level 1:colcon.colcon_core.package_identification:_identify(src/pub1) by extension 'colcon_pkg'
[0.647s] Level 1:colcon.colcon_core.package_identification:_identify(src/pub1) by extensions ['colcon_meta']
[0.647s] Level 1:colcon.colcon_core.package_identification:_identify(src/pub1) by extension 'colcon_meta'
[0.647s] Level 1:colcon.colcon_core.package_identification:_identify(src/pub1) by extensions ['ros']
[0.647s] Level 1:colcon.colcon_core.package_identification:_identify(src/pub1) by extension 'ros'
[0.650s] DEBUG:colcon.colcon_core.package_identification:Package 'src/pub1' with type 'ros.ament_cmake' and name 'pub1'
[0.651s] Level 1:colcon.colcon_core.package_identification:_identify(src/pub1-1) by extensions ['ignore', 'ignore_ament_install']
[0.651s] Level 1:colcon.colcon_core.package_identification:_identify(src/pub1-1) by extension 'ignore'
[0.651s] Level 1:colcon.colcon_core.package_identification:_identify(src/pub1-1) by extension 'ignore_ament_install'
[0.651s] Level 1:colcon.colcon_core.package_identification:_identify(src/pub1-1) by extensions ['colcon_pkg']
[0.651s] Level 1:colcon.colcon_core.package_identification:_identify(src/pub1-1) by extension 'colcon_pkg'
[0.651s] Level 1:colcon.colcon_core.package_identification:_identify(src/pub1-1) by extensions ['colcon_meta']
[0.651s] Level 1:colcon.colcon_core.package_identification:_identify(src/pub1-1) by extension 'colcon_meta'
[0.651s] Level 1:colcon.colcon_core.package_identification:_identify(src/pub1-1) by extensions ['ros']
[0.651s] Level 1:colcon.colcon_core.package_identification:_identify(src/pub1-1) by extension 'ros'
[0.652s] DEBUG:colcon.colcon_core.package_identification:Package 'src/pub1-1' with type 'ros.catkin' and name 'pub1-1'
[0.652s] Level 1:colcon.colcon_core.package_identification:_identify(src/pub1-2) by extensions ['ignore', 'ignore_ament_install']
[0.652s] Level 1:colcon.colcon_core.package_identification:_identify(src/pub1-2) by extension 'ignore'
[0.652s] Level 1:colcon.colcon_core.package_identification:_identify(src/pub1-2) by extension 'ignore_ament_install'
[0.653s] Level 1:colcon.colcon_core.package_identification:_identify(src/pub1-2) by extensions ['colcon_pkg']
[0.653s] Level 1:colcon.colcon_core.package_identification:_identify(src/pub1-2) by extension 'colcon_pkg'
[0.653s] Level 1:colcon.colcon_core.package_identification:_identify(src/pub1-2) by extensions ['colcon_meta']
[0.653s] Level 1:colcon.colcon_core.package_identification:_identify(src/pub1-2) by extension 'colcon_meta'
[0.653s] Level 1:colcon.colcon_core.package_identification:_identify(src/pub1-2) by extensions ['ros']
[0.653s] Level 1:colcon.colcon_core.package_identification:_identify(src/pub1-2) by extension 'ros'
[0.654s] DEBUG:colcon.colcon_core.package_identification:Package 'src/pub1-2' with type 'ros.ament_cmake' and name 'pub1-2'
[0.654s] Level 1:colcon.colcon_core.package_identification:_identify(src/pub1-3) by extensions ['ignore', 'ignore_ament_install']
[0.654s] Level 1:colcon.colcon_core.package_identification:_identify(src/pub1-3) by extension 'ignore'
[0.654s] Level 1:colcon.colcon_core.package_identification:_identify(src/pub1-3) by extension 'ignore_ament_install'
[0.654s] Level 1:colcon.colcon_core.package_identification:_identify(src/pub1-3) by extensions ['colcon_pkg']
[0.654s] Level 1:colcon.colcon_core.package_identification:_identify(src/pub1-3) by extension 'colcon_pkg'
[0.654s] Level 1:colcon.colcon_core.package_identification:_identify(src/pub1-3) by extensions ['colcon_meta']
[0.654s] Level 1:colcon.colcon_core.package_identification:_identify(src/pub1-3) by extension 'colcon_meta'
[0.654s] Level 1:colcon.colcon_core.package_identification:_identify(src/pub1-3) by extensions ['ros']
[0.654s] Level 1:colcon.colcon_core.package_identification:_identify(src/pub1-3) by extension 'ros'
[0.655s] DEBUG:colcon.colcon_core.package_identification:Package 'src/pub1-3' with type 'ros.ament_cmake' and name 'pub1-3'
[0.655s] Level 1:colcon.colcon_core.package_identification:_identify(src/pub2_3) by extensions ['ignore', 'ignore_ament_install']
[0.655s] Level 1:colcon.colcon_core.package_identification:_identify(src/pub2_3) by extension 'ignore'
[0.655s] Level 1:colcon.colcon_core.package_identification:_identify(src/pub2_3) by extension 'ignore_ament_install'
[0.655s] Level 1:colcon.colcon_core.package_identification:_identify(src/pub2_3) by extensions ['colcon_pkg']
[0.655s] Level 1:colcon.colcon_core.package_identification:_identify(src/pub2_3) by extension 'colcon_pkg'
[0.655s] Level 1:colcon.colcon_core.package_identification:_identify(src/pub2_3) by extensions ['colcon_meta']
[0.655s] Level 1:colcon.colcon_core.package_identification:_identify(src/pub2_3) by extension 'colcon_meta'
[0.655s] Level 1:colcon.colcon_core.package_identification:_identify(src/pub2_3) by extensions ['ros']
[0.655s] Level 1:colcon.colcon_core.package_identification:_identify(src/pub2_3) by extension 'ros'
[0.656s] DEBUG:colcon.colcon_core.package_identification:Package 'src/pub2_3' with type 'ros.ament_cmake' and name 'pub2_3'
[0.656s] Level 1:colcon.colcon_core.package_discovery:discover_packages(recursive) using defaults
[0.656s] Level 1:colcon.colcon_core.package_discovery:discover_packages(ignore) discover
[0.656s] Level 1:colcon.colcon_core.package_discovery:discover_packages(ignore) using defaults
[0.656s] Level 1:colcon.colcon_core.package_discovery:discover_packages(path) discover
[0.656s] Level 1:colcon.colcon_core.package_discovery:discover_packages(path) using defaults
[0.684s] INFO:colcon.colcon_core.package_selection:Skipping not selected package 'pub1' in 'src/pub1'
[0.684s] INFO:colcon.colcon_core.package_selection:Skipping not selected package 'pub1-1' in 'src/pub1-1'
[0.684s] INFO:colcon.colcon_core.package_selection:Skipping not selected package 'pub1-2' in 'src/pub1-2'
[0.684s] INFO:colcon.colcon_core.package_selection:Skipping not selected package 'pub1-3' in 'src/pub1-3'
[0.685s] Level 1:colcon.colcon_core.package_discovery:discover_packages(prefix_path) check parameters
[0.685s] Level 1:colcon.colcon_core.package_discovery:discover_packages(prefix_path) discover
[0.689s] DEBUG:colcon.colcon_installed_package_information.package_discovery:Found 4 installed packages in /home/linux/ros2_ws/install
[0.690s] DEBUG:colcon.colcon_installed_package_information.package_discovery:Found 258 installed packages in /opt/ros/foxy
[0.701s] Level 1:colcon.colcon_core.package_discovery:discover_packages(prefix_path) using defaults
[0.792s] Level 5:colcon.colcon_core.verb:set package 'pub2_3' build argument 'cmake_args' from command line to 'None'
[0.792s] Level 5:colcon.colcon_core.verb:set package 'pub2_3' build argument 'cmake_target' from command line to 'None'
[0.792s] Level 5:colcon.colcon_core.verb:set package 'pub2_3' build argument 'cmake_target_skip_unavailable' from command line to 'False'
[0.792s] Level 5:colcon.colcon_core.verb:set package 'pub2_3' build argument 'cmake_clean_cache' from command line to 'False'
[0.792s] Level 5:colcon.colcon_core.verb:set package 'pub2_3' build argument 'cmake_clean_first' from command line to 'False'
[0.792s] Level 5:colcon.colcon_core.verb:set package 'pub2_3' build argument 'cmake_force_configure' from command line to 'False'
[0.792s] Level 5:colcon.colcon_core.verb:set package 'pub2_3' build argument 'ament_cmake_args' from command line to 'None'
[0.792s] Level 5:colcon.colcon_core.verb:set package 'pub2_3' build argument 'catkin_cmake_args' from command line to 'None'
[0.792s] Level 5:colcon.colcon_core.verb:set package 'pub2_3' build argument 'catkin_skip_building_tests' from command line to 'False'
[0.792s] DEBUG:colcon.colcon_core.verb:Building package 'pub2_3' with the following arguments: {'ament_cmake_args': None, 'build_base': '/home/linux/ros2_ws/build/pub2_3', 'catkin_cmake_args': None, 'catkin_skip_building_tests': False, 'cmake_args': None, 'cmake_clean_cache': False, 'cmake_clean_first': False, 'cmake_force_configure': False, 'cmake_target': None, 'cmake_target_skip_unavailable': False, 'install_base': '/home/linux/ros2_ws/install/pub2_3', 'merge_install': False, 'path': '/home/linux/ros2_ws/src/pub2_3', 'symlink_install': False, 'test_result_base': None}
[0.792s] INFO:colcon.colcon_core.executor:Executing jobs using 'parallel' executor
[0.793s] DEBUG:colcon.colcon_parallel_executor.executor.parallel:run_until_complete
[0.793s] INFO:colcon.colcon_ros.task.ament_cmake.build:Building ROS package in '/home/linux/ros2_ws/src/pub2_3' with build type 'ament_cmake'
[0.794s] INFO:colcon.colcon_cmake.task.cmake.build:Building CMake package in '/home/linux/ros2_ws/src/pub2_3'
[0.801s] INFO:colcon.colcon_core.plugin_system:Skipping extension 'colcon_core.shell.bat': Not used on non-Windows systems
[0.801s] INFO:colcon.colcon_core.shell:Skip shell extension 'powershell' for command environment: Not usable outside of PowerShell
[0.801s] DEBUG:colcon.colcon_core.shell:Skip shell extension 'dsv' for command environment
[0.813s] DEBUG:colcon.colcon_core.event_handler.log_command:Invoking command in '/home/linux/ros2_ws/build/pub2_3': CMAKE_PREFIX_PATH=/home/linux/ros2_ws/install/pub1-3:/home/linux/ros2_ws/install/pub1-2:/opt/ros/foxy:/home/linux/ros2_ws/install/pub1-1:/home/linux/ros2_ws/install/pub1 /usr/bin/cmake /home/linux/ros2_ws/src/pub2_3 -DCMAKE_INSTALL_PREFIX=/home/linux/ros2_ws/install/pub2_3
[8.601s] DEBUG:colcon.colcon_core.event_handler.log_command:Invoked command in '/home/linux/ros2_ws/build/pub2_3' returned '0': CMAKE_PREFIX_PATH=/home/linux/ros2_ws/install/pub1-3:/home/linux/ros2_ws/install/pub1-2:/opt/ros/foxy:/home/linux/ros2_ws/install/pub1-1:/home/linux/ros2_ws/install/pub1 /usr/bin/cmake /home/linux/ros2_ws/src/pub2_3 -DCMAKE_INSTALL_PREFIX=/home/linux/ros2_ws/install/pub2_3
[8.604s] DEBUG:colcon.colcon_core.event_handler.log_command:Invoking command in '/home/linux/ros2_ws/build/pub2_3': CMAKE_PREFIX_PATH=/home/linux/ros2_ws/install/pub1-3:/home/linux/ros2_ws/install/pub1-2:/opt/ros/foxy:/home/linux/ros2_ws/install/pub1-1:/home/linux/ros2_ws/install/pub1 /usr/bin/cmake --build /home/linux/ros2_ws/build/pub2_3 -- -j6 -l6
[12.206s] DEBUG:colcon.colcon_core.event_handler.log_command:Invoked command in '/home/linux/ros2_ws/build/pub2_3' returned '0': CMAKE_PREFIX_PATH=/home/linux/ros2_ws/install/pub1-3:/home/linux/ros2_ws/install/pub1-2:/opt/ros/foxy:/home/linux/ros2_ws/install/pub1-1:/home/linux/ros2_ws/install/pub1 /usr/bin/cmake --build /home/linux/ros2_ws/build/pub2_3 -- -j6 -l6
[12.218s] DEBUG:colcon.colcon_core.event_handler.log_command:Invoking command in '/home/linux/ros2_ws/build/pub2_3': CMAKE_PREFIX_PATH=/home/linux/ros2_ws/install/pub1-3:/home/linux/ros2_ws/install/pub1-2:/opt/ros/foxy:/home/linux/ros2_ws/install/pub1-1:/home/linux/ros2_ws/install/pub1 /usr/bin/cmake --install /home/linux/ros2_ws/build/pub2_3
[12.233s] Level 1:colcon.colcon_core.environment:create_environment_scripts_only(pub2_3)
[12.234s] DEBUG:colcon.colcon_core.event_handler.log_command:Invoked command in '/home/linux/ros2_ws/build/pub2_3' returned '0': CMAKE_PREFIX_PATH=/home/linux/ros2_ws/install/pub1-3:/home/linux/ros2_ws/install/pub1-2:/opt/ros/foxy:/home/linux/ros2_ws/install/pub1-1:/home/linux/ros2_ws/install/pub1 /usr/bin/cmake --install /home/linux/ros2_ws/build/pub2_3
[12.244s] Level 1:colcon.colcon_core.environment:checking '/home/linux/ros2_ws/install/pub2_3' for CMake module files
[12.244s] Level 1:colcon.colcon_core.environment:checking '/home/linux/ros2_ws/install/pub2_3' for CMake config files
[12.245s] Level 1:colcon.colcon_core.shell:create_environment_hook('pub2_3', 'cmake_prefix_path')
[12.245s] INFO:colcon.colcon_core.shell:Creating environment hook '/home/linux/ros2_ws/install/pub2_3/share/pub2_3/hook/cmake_prefix_path.ps1'
[12.246s] INFO:colcon.colcon_core.shell:Creating environment descriptor '/home/linux/ros2_ws/install/pub2_3/share/pub2_3/hook/cmake_prefix_path.dsv'
[12.247s] INFO:colcon.colcon_core.shell:Creating environment hook '/home/linux/ros2_ws/install/pub2_3/share/pub2_3/hook/cmake_prefix_path.sh'
[12.248s] Level 1:colcon.colcon_core.environment:checking '/home/linux/ros2_ws/install/pub2_3/lib'
[12.248s] Level 1:colcon.colcon_core.environment:checking '/home/linux/ros2_ws/install/pub2_3/bin'
[12.249s] Level 1:colcon.colcon_core.environment:checking '/home/linux/ros2_ws/install/pub2_3/lib/pkgconfig/pub2_3.pc'
[12.249s] Level 1:colcon.colcon_core.environment:checking '/home/linux/ros2_ws/install/pub2_3/lib/python3.8/site-packages'
[12.249s] Level 1:colcon.colcon_core.environment:checking '/home/linux/ros2_ws/install/pub2_3/bin'
[12.249s] INFO:colcon.colcon_core.shell:Creating package script '/home/linux/ros2_ws/install/pub2_3/share/pub2_3/package.ps1'
[12.250s] INFO:colcon.colcon_core.shell:Creating package descriptor '/home/linux/ros2_ws/install/pub2_3/share/pub2_3/package.dsv'
[12.251s] INFO:colcon.colcon_core.shell:Creating package script '/home/linux/ros2_ws/install/pub2_3/share/pub2_3/package.sh'
[12.252s] INFO:colcon.colcon_core.shell:Creating package script '/home/linux/ros2_ws/install/pub2_3/share/pub2_3/package.bash'
[12.254s] INFO:colcon.colcon_core.shell:Creating package script '/home/linux/ros2_ws/install/pub2_3/share/pub2_3/package.zsh'
[12.255s] Level 1:colcon.colcon_core.environment:create_file_with_runtime_dependencies(/home/linux/ros2_ws/install/pub2_3/share/colcon-core/packages/pub2_3)
[12.256s] Level 1:colcon.colcon_core.environment:create_environment_scripts_only(pub2_3)
[12.256s] Level 1:colcon.colcon_core.environment:checking '/home/linux/ros2_ws/install/pub2_3' for CMake module files
[12.256s] Level 1:colcon.colcon_core.environment:checking '/home/linux/ros2_ws/install/pub2_3' for CMake config files
[12.257s] Level 1:colcon.colcon_core.shell:create_environment_hook('pub2_3', 'cmake_prefix_path')
[12.257s] INFO:colcon.colcon_core.shell:Creating environment hook '/home/linux/ros2_ws/install/pub2_3/share/pub2_3/hook/cmake_prefix_path.ps1'
[12.257s] INFO:colcon.colcon_core.shell:Creating environment descriptor '/home/linux/ros2_ws/install/pub2_3/share/pub2_3/hook/cmake_prefix_path.dsv'
[12.257s] INFO:colcon.colcon_core.shell:Creating environment hook '/home/linux/ros2_ws/install/pub2_3/share/pub2_3/hook/cmake_prefix_path.sh'
[12.258s] Level 1:colcon.colcon_core.environment:checking '/home/linux/ros2_ws/install/pub2_3/lib'
[12.258s] Level 1:colcon.colcon_core.environment:checking '/home/linux/ros2_ws/install/pub2_3/bin'
[12.258s] Level 1:colcon.colcon_core.environment:checking '/home/linux/ros2_ws/install/pub2_3/lib/pkgconfig/pub2_3.pc'
[12.258s] Level 1:colcon.colcon_core.environment:checking '/home/linux/ros2_ws/install/pub2_3/lib/python3.8/site-packages'
[12.258s] Level 1:colcon.colcon_core.environment:checking '/home/linux/ros2_ws/install/pub2_3/bin'
[12.259s] INFO:colcon.colcon_core.shell:Creating package script '/home/linux/ros2_ws/install/pub2_3/share/pub2_3/package.ps1'
[12.259s] INFO:colcon.colcon_core.shell:Creating package descriptor '/home/linux/ros2_ws/install/pub2_3/share/pub2_3/package.dsv'
[12.260s] INFO:colcon.colcon_core.shell:Creating package script '/home/linux/ros2_ws/install/pub2_3/share/pub2_3/package.sh'
[12.260s] INFO:colcon.colcon_core.shell:Creating package script '/home/linux/ros2_ws/install/pub2_3/share/pub2_3/package.bash'
[12.261s] INFO:colcon.colcon_core.shell:Creating package script '/home/linux/ros2_ws/install/pub2_3/share/pub2_3/package.zsh'
[12.261s] Level 1:colcon.colcon_core.environment:create_file_with_runtime_dependencies(/home/linux/ros2_ws/install/pub2_3/share/colcon-core/packages/pub2_3)
[12.261s] DEBUG:colcon.colcon_parallel_executor.executor.parallel:closing loop
[12.262s] DEBUG:colcon.colcon_parallel_executor.executor.parallel:loop closed
[12.262s] DEBUG:colcon.colcon_parallel_executor.executor.parallel:run_until_complete finished with '0'
[12.262s] DEBUG:colcon.colcon_core.event_reactor:joining thread
[12.315s] INFO:colcon.colcon_core.plugin_system:Skipping extension 'colcon_notification.desktop_notification.notify_send': Could not find 'notify-send'
[12.315s] INFO:colcon.colcon_core.plugin_system:Skipping extension 'colcon_notification.desktop_notification.terminal_notifier': Not used on non-Darwin systems
[12.315s] INFO:colcon.colcon_core.plugin_system:Skipping extension 'colcon_notification.desktop_notification.win32': Not used on non-Windows systems
[12.315s] INFO:colcon.colcon_notification.desktop_notification:Sending desktop notification using 'notify2'
[12.322s] DEBUG:colcon.colcon_notification.desktop_notification.notify2:Failed to initialize notify2: org.freedesktop.DBus.Error.ServiceUnknown: The name org.freedesktop.Notifications was not provided by any .service files
[12.322s] DEBUG:colcon.colcon_core.event_reactor:joined thread
[12.322s] INFO:colcon.colcon_core.shell:Creating prefix script '/home/linux/ros2_ws/install/local_setup.ps1'
[12.324s] INFO:colcon.colcon_core.shell:Creating prefix util module '/home/linux/ros2_ws/install/_local_setup_util_ps1.py'
[12.325s] INFO:colcon.colcon_core.shell:Creating prefix chain script '/home/linux/ros2_ws/install/setup.ps1'
[12.327s] INFO:colcon.colcon_core.shell:Creating prefix script '/home/linux/ros2_ws/install/local_setup.sh'
[12.328s] INFO:colcon.colcon_core.shell:Creating prefix util module '/home/linux/ros2_ws/install/_local_setup_util_sh.py'
[12.328s] INFO:colcon.colcon_core.shell:Creating prefix chain script '/home/linux/ros2_ws/install/setup.sh'
[12.330s] INFO:colcon.colcon_core.shell:Creating prefix script '/home/linux/ros2_ws/install/local_setup.bash'
[12.330s] INFO:colcon.colcon_core.shell:Creating prefix chain script '/home/linux/ros2_ws/install/setup.bash'
[12.332s] INFO:colcon.colcon_core.shell:Creating prefix script '/home/linux/ros2_ws/install/local_setup.zsh'
[12.333s] INFO:colcon.colcon_core.shell:Creating prefix chain script '/home/linux/ros2_ws/install/setup.zsh'
