[0.020s] Invoking command in '/home/linux/ros2_ws/build/pub1': CMAKE_PREFIX_PATH=/opt/ros/foxy /usr/bin/cmake /home/linux/ros2_ws/src/pub1 -DAMENT_CMAKE_SYMLINK_INSTALL=1 -DCMAKE_INSTALL_PREFIX=/home/linux/ros2_ws/install/pub1
[0.452s] -- The C compiler identification is GNU 9.4.0
[0.840s] -- The CXX compiler identification is GNU 9.4.0
[0.967s] -- Check for working C compiler: /usr/bin/cc
[1.150s] -- Check for working C compiler: /usr/bin/cc -- works
[1.153s] -- Detecting C compiler ABI info
[1.314s] -- Detecting C compiler ABI info - done
[1.326s] -- Detecting C compile features
[1.326s] -- Detecting C compile features - done
[1.331s] -- Check for working CXX compiler: /usr/bin/c++
[1.508s] -- Check for working CXX compiler: /usr/bin/c++ -- works
[1.509s] -- Detecting CXX compiler ABI info
[1.662s] -- Detecting CXX compiler ABI info - done
[1.673s] -- Detecting CXX compile features
[1.674s] -- Detecting CXX compile features - done
[1.691s] -- Found ament_cmake: 0.9.12 (/opt/ros/foxy/share/ament_cmake/cmake)
[1.719s] -- Found PythonInterp: /usr/bin/python3 (found suitable version "3.8.10", minimum required is "3") 
[1.720s] -- Using PYTHON_EXECUTABLE: /usr/bin/python3
[1.897s] -- Override CMake install command with custom implementation using symlinks instead of copying resources
[1.958s] -- Found rclcpp: 2.4.3 (/opt/ros/foxy/share/rclcpp/cmake)
[2.158s] -- Using all available rosidl_typesupport_c: rosidl_typesupport_fastrtps_c;rosidl_typesupport_introspection_c
[2.172s] -- Found rosidl_adapter: 1.3.1 (/opt/ros/foxy/share/rosidl_adapter/cmake)
[3.358s] -- Found OpenSSL: /usr/lib/x86_64-linux-gnu/libcrypto.so (found version "1.1.1f")  
[4.566s] -- Found FastRTPS: /opt/ros/foxy/include  
[6.706s] -- Using all available rosidl_typesupport_cpp: rosidl_typesupport_fastrtps_cpp;rosidl_typesupport_introspection_cpp
[6.797s] -- Found rmw_implementation_cmake: 1.0.4 (/opt/ros/foxy/share/rmw_implementation_cmake/cmake)
[6.802s] -- Using RMW implementation 'rmw_fastrtps_cpp' as default
[6.806s] -- Looking for pthread.h
[6.993s] -- Looking for pthread.h - found
[6.993s] -- Performing Test CMAKE_HAVE_LIBC_PTHREAD
[7.160s] -- Performing Test CMAKE_HAVE_LIBC_PTHREAD - Failed
[7.160s] -- Looking for pthread_create in pthreads
[7.315s] -- Looking for pthread_create in pthreads - not found
[7.315s] -- Looking for pthread_create in pthread
[7.484s] -- Looking for pthread_create in pthread - found
[7.486s] -- Found Threads: TRUE  
[7.693s] CMake Error at /opt/ros/foxy/share/ament_cmake_target_dependencies/cmake/ament_target_dependencies.cmake:77 (message):
[7.693s]   ament_target_dependencies() the passed package name 'rclcppstd_msgs' was
[7.693s]   not found before
[7.693s] Call Stack (most recent call first):
[7.693s]   CMakeLists.txt:23 (ament_target_dependencies)
[7.693s] 
[7.693s] 
[7.695s] -- Configuring incomplete, errors occurred!
[7.695s] See also "/home/linux/ros2_ws/build/pub1/CMakeFiles/CMakeOutput.log".
[7.695s] See also "/home/linux/ros2_ws/build/pub1/CMakeFiles/CMakeError.log".
[7.702s] Invoked command in '/home/linux/ros2_ws/build/pub1' returned '1': CMAKE_PREFIX_PATH=/opt/ros/foxy /usr/bin/cmake /home/linux/ros2_ws/src/pub1 -DAMENT_CMAKE_SYMLINK_INSTALL=1 -DCMAKE_INSTALL_PREFIX=/home/linux/ros2_ws/install/pub1
