[0.023s] Invoking command in '/home/linux/ros2_ws/build/pub1-1': /usr/bin/cmake --build /home/linux/ros2_ws/build/pub1-1 -- -j6 -l6
[0.209s] [100%] Built target pub1
[0.221s] Invoked command in '/home/linux/ros2_ws/build/pub1-1' returned '0': /usr/bin/cmake --build /home/linux/ros2_ws/build/pub1-1 -- -j6 -l6
[0.236s] Invoking command in '/home/linux/ros2_ws/build/pub1-1': /usr/bin/cmake --install /home/linux/ros2_ws/build/pub1-1
[0.245s] -- Install configuration: ""
[0.246s] -- Up-to-date: /home/linux/ros2_ws/install/pub1-1/lib/pub1-1/pub1
[0.247s] -- Up-to-date: /home/linux/ros2_ws/install/pub1-1/share/ament_index/resource_index/package_run_dependencies/pub1-1
[0.247s] -- Up-to-date: /home/linux/ros2_ws/install/pub1-1/share/ament_index/resource_index/parent_prefix_path/pub1-1
[0.247s] -- Up-to-date: /home/linux/ros2_ws/install/pub1-1/share/pub1-1/environment/ament_prefix_path.sh
[0.247s] -- Up-to-date: /home/linux/ros2_ws/install/pub1-1/share/pub1-1/environment/ament_prefix_path.dsv
[0.247s] -- Up-to-date: /home/linux/ros2_ws/install/pub1-1/share/pub1-1/environment/path.sh
[0.248s] -- Up-to-date: /home/linux/ros2_ws/install/pub1-1/share/pub1-1/environment/path.dsv
[0.248s] -- Up-to-date: /home/linux/ros2_ws/install/pub1-1/share/pub1-1/local_setup.bash
[0.248s] -- Up-to-date: /home/linux/ros2_ws/install/pub1-1/share/pub1-1/local_setup.sh
[0.248s] -- Up-to-date: /home/linux/ros2_ws/install/pub1-1/share/pub1-1/local_setup.zsh
[0.248s] -- Up-to-date: /home/linux/ros2_ws/install/pub1-1/share/pub1-1/local_setup.dsv
[0.248s] -- Installing: /home/linux/ros2_ws/install/pub1-1/share/pub1-1/package.dsv
[0.248s] -- Up-to-date: /home/linux/ros2_ws/install/pub1-1/share/ament_index/resource_index/packages/pub1-1
[0.248s] -- Up-to-date: /home/linux/ros2_ws/install/pub1-1/share/pub1-1/cmake/pub1-1Config.cmake
[0.248s] -- Up-to-date: /home/linux/ros2_ws/install/pub1-1/share/pub1-1/cmake/pub1-1Config-version.cmake
[0.248s] -- Up-to-date: /home/linux/ros2_ws/install/pub1-1/share/pub1-1/package.xml
[0.250s] Invoked command in '/home/linux/ros2_ws/build/pub1-1' returned '0': /usr/bin/cmake --install /home/linux/ros2_ws/build/pub1-1
