[0.033s] Invoking command in '/home/linux/ros2_ws/build/pub2-3': CMAKE_PREFIX_PATH=/home/linux/turtle_ws/install/pub2-3:/home/linux/ros2_ws/install/pub2_3:/home/linux/ros2_ws/install/pub2-2:/home/linux/ros2_ws/install/pub2-1:/home/linux/ros2_ws/install/pub2:/home/linux/ros2_ws/install/pub1-3:/home/linux/ros2_ws/install/pub1-2:/opt/ros/foxy:/home/linux/ros2_ws/install/pub1-1:/home/linux/ros2_ws/install/pub1 /usr/bin/cmake /home/linux/ros2_ws/src/pub2-3 -DCMAKE_INSTALL_PREFIX=/home/linux/ros2_ws/install/pub2-3
[0.502s] -- The C compiler identification is GNU 9.4.0
[0.961s] -- The CXX compiler identification is GNU 9.4.0
[1.126s] -- Check for working C compiler: /usr/bin/cc
[1.319s] -- Check for working C compiler: /usr/bin/cc -- works
[1.322s] -- Detecting C compiler ABI info
[1.494s] -- Detecting C compiler ABI info - done
[1.505s] -- Detecting C compile features
[1.506s] -- Detecting C compile features - done
[1.511s] -- Check for working CXX compiler: /usr/bin/c++
[1.678s] -- Check for working CXX compiler: /usr/bin/c++ -- works
[1.679s] -- Detecting CXX compiler ABI info
[1.872s] -- Detecting CXX compiler ABI info - done
[1.885s] -- Detecting CXX compile features
[1.885s] -- Detecting CXX compile features - done
[1.901s] -- Found ament_cmake: 0.9.12 (/opt/ros/foxy/share/ament_cmake/cmake)
[1.934s] -- Found PythonInterp: /usr/bin/python3 (found suitable version "3.8.10", minimum required is "3") 
[1.934s] -- Using PYTHON_EXECUTABLE: /usr/bin/python3
[2.184s] -- Found rclcpp: 2.4.3 (/opt/ros/foxy/share/rclcpp/cmake)
[2.422s] -- Using all available rosidl_typesupport_c: rosidl_typesupport_fastrtps_c;rosidl_typesupport_introspection_c
[2.438s] -- Found rosidl_adapter: 1.3.1 (/opt/ros/foxy/share/rosidl_adapter/cmake)
[3.752s] -- Found OpenSSL: /usr/lib/x86_64-linux-gnu/libcrypto.so (found version "1.1.1f")  
[5.004s] -- Found FastRTPS: /opt/ros/foxy/include  
[7.223s] -- Using all available rosidl_typesupport_cpp: rosidl_typesupport_fastrtps_cpp;rosidl_typesupport_introspection_cpp
[7.319s] -- Found rmw_implementation_cmake: 1.0.4 (/opt/ros/foxy/share/rmw_implementation_cmake/cmake)
[7.323s] -- Using RMW implementation 'rmw_fastrtps_cpp' as default
[7.325s] -- Looking for pthread.h
[7.510s] -- Looking for pthread.h - found
[7.510s] -- Performing Test CMAKE_HAVE_LIBC_PTHREAD
[7.685s] -- Performing Test CMAKE_HAVE_LIBC_PTHREAD - Failed
[7.685s] -- Looking for pthread_create in pthreads
[7.849s] -- Looking for pthread_create in pthreads - not found
[7.849s] -- Looking for pthread_create in pthread
[8.022s] -- Looking for pthread_create in pthread - found
[8.023s] -- Found Threads: TRUE  
[8.260s] -- Found geometry_msgs: 2.0.5 (/opt/ros/foxy/share/geometry_msgs/cmake)
[8.302s] -- Found ament_lint_auto: 0.9.8 (/opt/ros/foxy/share/ament_lint_auto/cmake)
[8.407s] -- Added test 'copyright' to check source files copyright and LICENSE
[8.410s] -- Added test 'cppcheck' to perform static code analysis on C / C++ code
[8.410s] -- Configured cppcheck include dirs: 
[8.410s] -- Configured cppcheck exclude dirs and/or files: 
[8.411s] -- Added test 'cpplint' to check C / C++ code against the Google style
[8.411s] -- Configured cpplint exclude dirs and/or files: 
[8.414s] -- Added test 'lint_cmake' to check CMake code style
[8.417s] -- Added test 'uncrustify' to check C / C++ code style
[8.417s] -- Configured uncrustify additional arguments: 
[8.418s] -- Added test 'xmllint' to check XML markup files
[8.424s] -- Configuring done
[8.437s] -- Generating done
[8.440s] -- Build files have been written to: /home/linux/ros2_ws/build/pub2-3
[8.448s] Invoked command in '/home/linux/ros2_ws/build/pub2-3' returned '0': CMAKE_PREFIX_PATH=/home/linux/turtle_ws/install/pub2-3:/home/linux/ros2_ws/install/pub2_3:/home/linux/ros2_ws/install/pub2-2:/home/linux/ros2_ws/install/pub2-1:/home/linux/ros2_ws/install/pub2:/home/linux/ros2_ws/install/pub1-3:/home/linux/ros2_ws/install/pub1-2:/opt/ros/foxy:/home/linux/ros2_ws/install/pub1-1:/home/linux/ros2_ws/install/pub1 /usr/bin/cmake /home/linux/ros2_ws/src/pub2-3 -DCMAKE_INSTALL_PREFIX=/home/linux/ros2_ws/install/pub2-3
[8.451s] Invoking command in '/home/linux/ros2_ws/build/pub2-3': CMAKE_PREFIX_PATH=/home/linux/turtle_ws/install/pub2-3:/home/linux/ros2_ws/install/pub2_3:/home/linux/ros2_ws/install/pub2-2:/home/linux/ros2_ws/install/pub2-1:/home/linux/ros2_ws/install/pub2:/home/linux/ros2_ws/install/pub1-3:/home/linux/ros2_ws/install/pub1-2:/opt/ros/foxy:/home/linux/ros2_ws/install/pub1-1:/home/linux/ros2_ws/install/pub1 /usr/bin/cmake --build /home/linux/ros2_ws/build/pub2-3 -- -j6 -l6
[8.489s] [35m[1mScanning dependencies of target pub_node[0m
[8.632s] [ 50%] [32mBuilding CXX object CMakeFiles/pub_node.dir/src/pub_node.cpp.o[0m
[11.615s] [100%] [32m[1mLinking CXX executable pub_node[0m
[11.916s] [100%] Built target pub_node
[11.927s] Invoked command in '/home/linux/ros2_ws/build/pub2-3' returned '0': CMAKE_PREFIX_PATH=/home/linux/turtle_ws/install/pub2-3:/home/linux/ros2_ws/install/pub2_3:/home/linux/ros2_ws/install/pub2-2:/home/linux/ros2_ws/install/pub2-1:/home/linux/ros2_ws/install/pub2:/home/linux/ros2_ws/install/pub1-3:/home/linux/ros2_ws/install/pub1-2:/opt/ros/foxy:/home/linux/ros2_ws/install/pub1-1:/home/linux/ros2_ws/install/pub1 /usr/bin/cmake --build /home/linux/ros2_ws/build/pub2-3 -- -j6 -l6
[11.940s] Invoking command in '/home/linux/ros2_ws/build/pub2-3': CMAKE_PREFIX_PATH=/home/linux/turtle_ws/install/pub2-3:/home/linux/ros2_ws/install/pub2_3:/home/linux/ros2_ws/install/pub2-2:/home/linux/ros2_ws/install/pub2-1:/home/linux/ros2_ws/install/pub2:/home/linux/ros2_ws/install/pub1-3:/home/linux/ros2_ws/install/pub1-2:/opt/ros/foxy:/home/linux/ros2_ws/install/pub1-1:/home/linux/ros2_ws/install/pub1 /usr/bin/cmake --install /home/linux/ros2_ws/build/pub2-3
[11.947s] -- Install configuration: ""
[11.948s] -- Installing: /home/linux/ros2_ws/install/pub2-3/lib/pub2-3/pub_node
[11.949s] -- Set runtime path of "/home/linux/ros2_ws/install/pub2-3/lib/pub2-3/pub_node" to ""
[11.949s] -- Installing: /home/linux/ros2_ws/install/pub2-3/share/ament_index/resource_index/package_run_dependencies/pub2-3
[11.950s] -- Installing: /home/linux/ros2_ws/install/pub2-3/share/ament_index/resource_index/parent_prefix_path/pub2-3
[11.950s] -- Installing: /home/linux/ros2_ws/install/pub2-3/share/pub2-3/environment/ament_prefix_path.sh
[11.950s] -- Installing: /home/linux/ros2_ws/install/pub2-3/share/pub2-3/environment/ament_prefix_path.dsv
[11.951s] -- Installing: /home/linux/ros2_ws/install/pub2-3/share/pub2-3/environment/path.sh
[11.951s] -- Installing: /home/linux/ros2_ws/install/pub2-3/share/pub2-3/environment/path.dsv
[11.951s] -- Installing: /home/linux/ros2_ws/install/pub2-3/share/pub2-3/local_setup.bash
[11.951s] -- Installing: /home/linux/ros2_ws/install/pub2-3/share/pub2-3/local_setup.sh
[11.951s] -- Installing: /home/linux/ros2_ws/install/pub2-3/share/pub2-3/local_setup.zsh
[11.952s] -- Installing: /home/linux/ros2_ws/install/pub2-3/share/pub2-3/local_setup.dsv
[11.952s] -- Installing: /home/linux/ros2_ws/install/pub2-3/share/pub2-3/package.dsv
[11.952s] -- Installing: /home/linux/ros2_ws/install/pub2-3/share/ament_index/resource_index/packages/pub2-3
[11.952s] -- Installing: /home/linux/ros2_ws/install/pub2-3/share/pub2-3/cmake/pub2-3Config.cmake
[11.952s] -- Installing: /home/linux/ros2_ws/install/pub2-3/share/pub2-3/cmake/pub2-3Config-version.cmake
[11.953s] -- Installing: /home/linux/ros2_ws/install/pub2-3/share/pub2-3/package.xml
[11.955s] Invoked command in '/home/linux/ros2_ws/build/pub2-3' returned '0': CMAKE_PREFIX_PATH=/home/linux/turtle_ws/install/pub2-3:/home/linux/ros2_ws/install/pub2_3:/home/linux/ros2_ws/install/pub2-2:/home/linux/ros2_ws/install/pub2-1:/home/linux/ros2_ws/install/pub2:/home/linux/ros2_ws/install/pub1-3:/home/linux/ros2_ws/install/pub1-2:/opt/ros/foxy:/home/linux/ros2_ws/install/pub1-1:/home/linux/ros2_ws/install/pub1 /usr/bin/cmake --install /home/linux/ros2_ws/build/pub2-3
