[0.030s] Invoking command in '/home/linux/ros2_ws/build/pub1-3': CMAKE_PREFIX_PATH=/home/linux/ros2_ws/install/pub1-2:/opt/ros/foxy:/home/linux/ros2_ws/install/pub1-1:/home/linux/ros2_ws/install/pub1 /usr/bin/cmake /home/linux/ros2_ws/src/pub1-3 -DAMENT_CMAKE_SYMLINK_INSTALL=1 -DCMAKE_INSTALL_PREFIX=/home/linux/ros2_ws/install/pub1-3
[0.690s] -- The C compiler identification is GNU 9.4.0
[1.203s] -- The CXX compiler identification is GNU 9.4.0
[1.370s] -- Check for working C compiler: /usr/bin/cc
[1.558s] -- Check for working C compiler: /usr/bin/cc -- works
[1.562s] -- Detecting C compiler ABI info
[1.730s] -- Detecting C compiler ABI info - done
[1.741s] -- Detecting C compile features
[1.742s] -- Detecting C compile features - done
[1.747s] -- Check for working CXX compiler: /usr/bin/c++
[1.902s] -- Check for working CXX compiler: /usr/bin/c++ -- works
[1.903s] -- Detecting CXX compiler ABI info
[2.078s] -- Detecting CXX compiler ABI info - done
[2.089s] -- Detecting CXX compile features
[2.090s] -- Detecting CXX compile features - done
[2.108s] -- Found ament_cmake: 0.9.12 (/opt/ros/foxy/share/ament_cmake/cmake)
[2.139s] -- Found PythonInterp: /usr/bin/python3 (found suitable version "3.8.10", minimum required is "3") 
[2.139s] -- Using PYTHON_EXECUTABLE: /usr/bin/python3
[2.323s] -- Override CMake install command with custom implementation using symlinks instead of copying resources
[2.388s] -- Found rclcpp: 2.4.3 (/opt/ros/foxy/share/rclcpp/cmake)
[2.642s] -- Using all available rosidl_typesupport_c: rosidl_typesupport_fastrtps_c;rosidl_typesupport_introspection_c
[2.659s] -- Found rosidl_adapter: 1.3.1 (/opt/ros/foxy/share/rosidl_adapter/cmake)
[3.859s] -- Found OpenSSL: /usr/lib/x86_64-linux-gnu/libcrypto.so (found version "1.1.1f")  
[5.083s] -- Found FastRTPS: /opt/ros/foxy/include  
[7.204s] -- Using all available rosidl_typesupport_cpp: rosidl_typesupport_fastrtps_cpp;rosidl_typesupport_introspection_cpp
[7.311s] -- Found rmw_implementation_cmake: 1.0.4 (/opt/ros/foxy/share/rmw_implementation_cmake/cmake)
[7.318s] -- Using RMW implementation 'rmw_fastrtps_cpp' as default
[7.322s] -- Looking for pthread.h
[7.509s] -- Looking for pthread.h - found
[7.509s] -- Performing Test CMAKE_HAVE_LIBC_PTHREAD
[7.682s] -- Performing Test CMAKE_HAVE_LIBC_PTHREAD - Failed
[7.682s] -- Looking for pthread_create in pthreads
[7.842s] -- Looking for pthread_create in pthreads - not found
[7.842s] -- Looking for pthread_create in pthread
[7.984s] -- Looking for pthread_create in pthread - found
[7.985s] -- Found Threads: TRUE  
[8.214s] -- Found geometry_msgs: 2.0.5 (/opt/ros/foxy/share/geometry_msgs/cmake)
[8.326s] -- Configuring done
[8.335s] -- Generating done
[8.338s] -- Build files have been written to: /home/linux/ros2_ws/build/pub1-3
[8.345s] Invoked command in '/home/linux/ros2_ws/build/pub1-3' returned '0': CMAKE_PREFIX_PATH=/home/linux/ros2_ws/install/pub1-2:/opt/ros/foxy:/home/linux/ros2_ws/install/pub1-1:/home/linux/ros2_ws/install/pub1 /usr/bin/cmake /home/linux/ros2_ws/src/pub1-3 -DAMENT_CMAKE_SYMLINK_INSTALL=1 -DCMAKE_INSTALL_PREFIX=/home/linux/ros2_ws/install/pub1-3
[8.347s] Invoking command in '/home/linux/ros2_ws/build/pub1-3': CMAKE_PREFIX_PATH=/home/linux/ros2_ws/install/pub1-2:/opt/ros/foxy:/home/linux/ros2_ws/install/pub1-1:/home/linux/ros2_ws/install/pub1 /usr/bin/cmake --build /home/linux/ros2_ws/build/pub1-3 -- -j6 -l6
[8.388s] [35m[1mScanning dependencies of target turtle_teleop[0m
[8.561s] [ 50%] [32mBuilding CXX object CMakeFiles/turtle_teleop.dir/src/turtle_teleop.cpp.o[0m
[11.562s] [100%] [32m[1mLinking CXX executable turtle_teleop[0m
[11.902s] [100%] Built target turtle_teleop
[11.913s] Invoked command in '/home/linux/ros2_ws/build/pub1-3' returned '0': CMAKE_PREFIX_PATH=/home/linux/ros2_ws/install/pub1-2:/opt/ros/foxy:/home/linux/ros2_ws/install/pub1-1:/home/linux/ros2_ws/install/pub1 /usr/bin/cmake --build /home/linux/ros2_ws/build/pub1-3 -- -j6 -l6
[11.926s] Invoking command in '/home/linux/ros2_ws/build/pub1-3': CMAKE_PREFIX_PATH=/home/linux/ros2_ws/install/pub1-2:/opt/ros/foxy:/home/linux/ros2_ws/install/pub1-1:/home/linux/ros2_ws/install/pub1 /usr/bin/cmake --install /home/linux/ros2_ws/build/pub1-3
[11.934s] -- Install configuration: ""
[11.934s] -- Execute custom install script
[11.935s] -- Symlinking: /home/linux/ros2_ws/install/pub1-3/lib/pub1-3/turtle_teleop
[11.945s] -- Symlinking: /home/linux/ros2_ws/install/pub1-3/share/ament_index/resource_index/package_run_dependencies/pub1-3
[11.954s] -- Symlinking: /home/linux/ros2_ws/install/pub1-3/share/ament_index/resource_index/parent_prefix_path/pub1-3
[11.964s] -- Symlinking: /home/linux/ros2_ws/install/pub1-3/share/pub1-3/environment/ament_prefix_path.sh
[11.973s] -- Symlinking: /home/linux/ros2_ws/install/pub1-3/share/pub1-3/environment/ament_prefix_path.dsv
[11.982s] -- Symlinking: /home/linux/ros2_ws/install/pub1-3/share/pub1-3/environment/path.sh
[11.991s] -- Symlinking: /home/linux/ros2_ws/install/pub1-3/share/pub1-3/environment/path.dsv
[12.000s] -- Symlinking: /home/linux/ros2_ws/install/pub1-3/share/pub1-3/local_setup.bash
[12.009s] -- Symlinking: /home/linux/ros2_ws/install/pub1-3/share/pub1-3/local_setup.sh
[12.018s] -- Symlinking: /home/linux/ros2_ws/install/pub1-3/share/pub1-3/local_setup.zsh
[12.027s] -- Symlinking: /home/linux/ros2_ws/install/pub1-3/share/pub1-3/local_setup.dsv
[12.035s] -- Symlinking: /home/linux/ros2_ws/install/pub1-3/share/pub1-3/package.dsv
[12.045s] -- Symlinking: /home/linux/ros2_ws/install/pub1-3/share/ament_index/resource_index/packages/pub1-3
[12.055s] -- Symlinking: /home/linux/ros2_ws/install/pub1-3/share/pub1-3/cmake/pub1-3Config.cmake
[12.064s] -- Symlinking: /home/linux/ros2_ws/install/pub1-3/share/pub1-3/cmake/pub1-3Config-version.cmake
[12.073s] -- Symlinking: /home/linux/ros2_ws/install/pub1-3/share/pub1-3/package.xml
[12.085s] Invoked command in '/home/linux/ros2_ws/build/pub1-3' returned '0': CMAKE_PREFIX_PATH=/home/linux/ros2_ws/install/pub1-2:/opt/ros/foxy:/home/linux/ros2_ws/install/pub1-1:/home/linux/ros2_ws/install/pub1 /usr/bin/cmake --install /home/linux/ros2_ws/build/pub1-3
