[0.289s] DEBUG:colcon:Command line arguments: ['/usr/bin/colcon', 'build', '--symlink-install', '--packages-select', 'psub1-2']
[0.290s] DEBUG:colcon:Parsed command line arguments: Namespace(allow_overriding=[], ament_cmake_args=None, base_paths=['.'], build_base='build', catkin_cmake_args=None, catkin_skip_building_tests=False, cmake_args=None, cmake_clean_cache=False, cmake_clean_first=False, cmake_force_configure=False, cmake_target=None, cmake_target_skip_unavailable=False, continue_on_error=False, event_handlers=None, executor='parallel', ignore_user_meta=False, install_base='install', log_base=None, log_level=None, main=<bound method BuildVerb.main of <colcon_core.verb.build.BuildVerb object at 0x7f44765001f0>>, merge_install=False, metas=['./colcon.meta'], packages_above=None, packages_above_and_dependencies=None, packages_above_depth=None, packages_end=None, packages_ignore=None, packages_ignore_regex=None, packages_select=['psub1-2'], packages_select_build_failed=False, packages_select_by_dep=None, packages_select_regex=None, packages_select_test_failures=False, packages_skip=None, packages_skip_build_finished=False, packages_skip_by_dep=None, packages_skip_regex=None, packages_skip_test_passed=False, packages_skip_up_to=None, packages_start=None, packages_up_to=None, packages_up_to_regex=None, parallel_workers=6, paths=None, symlink_install=True, test_result_base=None, verb_extension=<colcon_core.verb.build.BuildVerb object at 0x7f44765001f0>, verb_name='build', verb_parser=<colcon_defaults.argument_parser.defaults.DefaultArgumentsDecorator object at 0x7f4476500970>)
[0.439s] Level 1:colcon.colcon_core.package_discovery:discover_packages(colcon_meta) check parameters
[0.439s] Level 1:colcon.colcon_core.package_discovery:discover_packages(recursive) check parameters
[0.439s] Level 1:colcon.colcon_core.package_discovery:discover_packages(ignore) check parameters
[0.439s] Level 1:colcon.colcon_core.package_discovery:discover_packages(path) check parameters
[0.439s] Level 1:colcon.colcon_core.package_discovery:discover_packages(colcon_meta) discover
[0.440s] Level 1:colcon.colcon_core.package_discovery:discover_packages(recursive) discover
[0.440s] INFO:colcon.colcon_core.package_discovery:Crawling recursively for packages in '/home/linux/ros2_ws/src'
[0.440s] Level 1:colcon.colcon_core.package_identification:_identify(.) by extensions ['ignore', 'ignore_ament_install']
[0.440s] Level 1:colcon.colcon_core.package_identification:_identify(.) by extension 'ignore'
[0.440s] Level 1:colcon.colcon_core.package_identification:_identify(.) by extension 'ignore_ament_install'
[0.440s] Level 1:colcon.colcon_core.package_identification:_identify(.) by extensions ['colcon_pkg']
[0.440s] Level 1:colcon.colcon_core.package_identification:_identify(.) by extension 'colcon_pkg'
[0.440s] Level 1:colcon.colcon_core.package_identification:_identify(.) by extensions ['colcon_meta']
[0.440s] Level 1:colcon.colcon_core.package_identification:_identify(.) by extension 'colcon_meta'
[0.440s] Level 1:colcon.colcon_core.package_identification:_identify(.) by extensions ['ros']
[0.440s] Level 1:colcon.colcon_core.package_identification:_identify(.) by extension 'ros'
[0.451s] Level 1:colcon.colcon_core.package_identification:_identify(.) by extensions ['cmake', 'python']
[0.451s] Level 1:colcon.colcon_core.package_identification:_identify(.) by extension 'cmake'
[0.451s] Level 1:colcon.colcon_core.package_identification:_identify(.) by extension 'python'
[0.451s] Level 1:colcon.colcon_core.package_identification:_identify(.) by extensions ['python_setup_py']
[0.451s] Level 1:colcon.colcon_core.package_identification:_identify(.) by extension 'python_setup_py'
[0.451s] Level 1:colcon.colcon_core.package_identification:_identify(build) by extensions ['ignore', 'ignore_ament_install']
[0.451s] Level 1:colcon.colcon_core.package_identification:_identify(build) by extension 'ignore'
[0.451s] Level 1:colcon.colcon_core.package_identification:_identify(build) ignored
[0.452s] Level 1:colcon.colcon_core.package_identification:_identify(install) by extensions ['ignore', 'ignore_ament_install']
[0.452s] Level 1:colcon.colcon_core.package_identification:_identify(install) by extension 'ignore'
[0.452s] Level 1:colcon.colcon_core.package_identification:_identify(install) ignored
[0.452s] Level 1:colcon.colcon_core.package_identification:_identify(log) by extensions ['ignore', 'ignore_ament_install']
[0.452s] Level 1:colcon.colcon_core.package_identification:_identify(log) by extension 'ignore'
[0.452s] Level 1:colcon.colcon_core.package_identification:_identify(log) ignored
[0.452s] Level 1:colcon.colcon_core.package_identification:_identify(psub1) by extensions ['ignore', 'ignore_ament_install']
[0.452s] Level 1:colcon.colcon_core.package_identification:_identify(psub1) by extension 'ignore'
[0.452s] Level 1:colcon.colcon_core.package_identification:_identify(psub1) by extension 'ignore_ament_install'
[0.452s] Level 1:colcon.colcon_core.package_identification:_identify(psub1) by extensions ['colcon_pkg']
[0.452s] Level 1:colcon.colcon_core.package_identification:_identify(psub1) by extension 'colcon_pkg'
[0.452s] Level 1:colcon.colcon_core.package_identification:_identify(psub1) by extensions ['colcon_meta']
[0.452s] Level 1:colcon.colcon_core.package_identification:_identify(psub1) by extension 'colcon_meta'
[0.452s] Level 1:colcon.colcon_core.package_identification:_identify(psub1) by extensions ['ros']
[0.453s] Level 1:colcon.colcon_core.package_identification:_identify(psub1) by extension 'ros'
[0.455s] DEBUG:colcon.colcon_core.package_identification:Package 'psub1' with type 'ros.ament_cmake' and name 'psub1'
[0.456s] Level 1:colcon.colcon_core.package_identification:_identify(psub1-1) by extensions ['ignore', 'ignore_ament_install']
[0.456s] Level 1:colcon.colcon_core.package_identification:_identify(psub1-1) by extension 'ignore'
[0.456s] Level 1:colcon.colcon_core.package_identification:_identify(psub1-1) by extension 'ignore_ament_install'
[0.456s] Level 1:colcon.colcon_core.package_identification:_identify(psub1-1) by extensions ['colcon_pkg']
[0.456s] Level 1:colcon.colcon_core.package_identification:_identify(psub1-1) by extension 'colcon_pkg'
[0.456s] Level 1:colcon.colcon_core.package_identification:_identify(psub1-1) by extensions ['colcon_meta']
[0.456s] Level 1:colcon.colcon_core.package_identification:_identify(psub1-1) by extension 'colcon_meta'
[0.456s] Level 1:colcon.colcon_core.package_identification:_identify(psub1-1) by extensions ['ros']
[0.456s] Level 1:colcon.colcon_core.package_identification:_identify(psub1-1) by extension 'ros'
[0.457s] DEBUG:colcon.colcon_core.package_identification:Package 'psub1-1' with type 'ros.ament_cmake' and name 'psub1-1'
[0.457s] Level 1:colcon.colcon_core.package_identification:_identify(pub1) by extensions ['ignore', 'ignore_ament_install']
[0.457s] Level 1:colcon.colcon_core.package_identification:_identify(pub1) by extension 'ignore'
[0.457s] Level 1:colcon.colcon_core.package_identification:_identify(pub1) by extension 'ignore_ament_install'
[0.457s] Level 1:colcon.colcon_core.package_identification:_identify(pub1) by extensions ['colcon_pkg']
[0.457s] Level 1:colcon.colcon_core.package_identification:_identify(pub1) by extension 'colcon_pkg'
[0.457s] Level 1:colcon.colcon_core.package_identification:_identify(pub1) by extensions ['colcon_meta']
[0.457s] Level 1:colcon.colcon_core.package_identification:_identify(pub1) by extension 'colcon_meta'
[0.458s] Level 1:colcon.colcon_core.package_identification:_identify(pub1) by extensions ['ros']
[0.458s] Level 1:colcon.colcon_core.package_identification:_identify(pub1) by extension 'ros'
[0.458s] DEBUG:colcon.colcon_core.package_identification:Package 'pub1' with type 'ros.ament_cmake' and name 'pub1'
[0.458s] Level 1:colcon.colcon_core.package_identification:_identify(pub1-1) by extensions ['ignore', 'ignore_ament_install']
[0.458s] Level 1:colcon.colcon_core.package_identification:_identify(pub1-1) by extension 'ignore'
[0.458s] Level 1:colcon.colcon_core.package_identification:_identify(pub1-1) by extension 'ignore_ament_install'
[0.458s] Level 1:colcon.colcon_core.package_identification:_identify(pub1-1) by extensions ['colcon_pkg']
[0.459s] Level 1:colcon.colcon_core.package_identification:_identify(pub1-1) by extension 'colcon_pkg'
[0.459s] Level 1:colcon.colcon_core.package_identification:_identify(pub1-1) by extensions ['colcon_meta']
[0.459s] Level 1:colcon.colcon_core.package_identification:_identify(pub1-1) by extension 'colcon_meta'
[0.459s] Level 1:colcon.colcon_core.package_identification:_identify(pub1-1) by extensions ['ros']
[0.459s] Level 1:colcon.colcon_core.package_identification:_identify(pub1-1) by extension 'ros'
[0.459s] DEBUG:colcon.colcon_core.package_identification:Package 'pub1-1' with type 'ros.catkin' and name 'pub1-1'
[0.459s] Level 1:colcon.colcon_core.package_identification:_identify(pub1-2) by extensions ['ignore', 'ignore_ament_install']
[0.459s] Level 1:colcon.colcon_core.package_identification:_identify(pub1-2) by extension 'ignore'
[0.460s] Level 1:colcon.colcon_core.package_identification:_identify(pub1-2) by extension 'ignore_ament_install'
[0.460s] Level 1:colcon.colcon_core.package_identification:_identify(pub1-2) by extensions ['colcon_pkg']
[0.460s] Level 1:colcon.colcon_core.package_identification:_identify(pub1-2) by extension 'colcon_pkg'
[0.460s] Level 1:colcon.colcon_core.package_identification:_identify(pub1-2) by extensions ['colcon_meta']
[0.460s] Level 1:colcon.colcon_core.package_identification:_identify(pub1-2) by extension 'colcon_meta'
[0.460s] Level 1:colcon.colcon_core.package_identification:_identify(pub1-2) by extensions ['ros']
[0.460s] Level 1:colcon.colcon_core.package_identification:_identify(pub1-2) by extension 'ros'
[0.460s] DEBUG:colcon.colcon_core.package_identification:Package 'pub1-2' with type 'ros.ament_cmake' and name 'pub1-2'
[0.461s] Level 1:colcon.colcon_core.package_identification:_identify(pub1-3) by extensions ['ignore', 'ignore_ament_install']
[0.461s] Level 1:colcon.colcon_core.package_identification:_identify(pub1-3) by extension 'ignore'
[0.461s] Level 1:colcon.colcon_core.package_identification:_identify(pub1-3) by extension 'ignore_ament_install'
[0.461s] Level 1:colcon.colcon_core.package_identification:_identify(pub1-3) by extensions ['colcon_pkg']
[0.461s] Level 1:colcon.colcon_core.package_identification:_identify(pub1-3) by extension 'colcon_pkg'
[0.461s] Level 1:colcon.colcon_core.package_identification:_identify(pub1-3) by extensions ['colcon_meta']
[0.461s] Level 1:colcon.colcon_core.package_identification:_identify(pub1-3) by extension 'colcon_meta'
[0.461s] Level 1:colcon.colcon_core.package_identification:_identify(pub1-3) by extensions ['ros']
[0.461s] Level 1:colcon.colcon_core.package_identification:_identify(pub1-3) by extension 'ros'
[0.462s] DEBUG:colcon.colcon_core.package_identification:Package 'pub1-3' with type 'ros.ament_cmake' and name 'pub1-3'
[0.462s] Level 1:colcon.colcon_core.package_identification:_identify(pub2) by extensions ['ignore', 'ignore_ament_install']
[0.462s] Level 1:colcon.colcon_core.package_identification:_identify(pub2) by extension 'ignore'
[0.462s] Level 1:colcon.colcon_core.package_identification:_identify(pub2) by extension 'ignore_ament_install'
[0.462s] Level 1:colcon.colcon_core.package_identification:_identify(pub2) by extensions ['colcon_pkg']
[0.462s] Level 1:colcon.colcon_core.package_identification:_identify(pub2) by extension 'colcon_pkg'
[0.462s] Level 1:colcon.colcon_core.package_identification:_identify(pub2) by extensions ['colcon_meta']
[0.462s] Level 1:colcon.colcon_core.package_identification:_identify(pub2) by extension 'colcon_meta'
[0.462s] Level 1:colcon.colcon_core.package_identification:_identify(pub2) by extensions ['ros']
[0.462s] Level 1:colcon.colcon_core.package_identification:_identify(pub2) by extension 'ros'
[0.463s] DEBUG:colcon.colcon_core.package_identification:Package 'pub2' with type 'ros.ament_cmake' and name 'pub2'
[0.463s] Level 1:colcon.colcon_core.package_identification:_identify(pub2-1) by extensions ['ignore', 'ignore_ament_install']
[0.463s] Level 1:colcon.colcon_core.package_identification:_identify(pub2-1) by extension 'ignore'
[0.463s] Level 1:colcon.colcon_core.package_identification:_identify(pub2-1) by extension 'ignore_ament_install'
[0.463s] Level 1:colcon.colcon_core.package_identification:_identify(pub2-1) by extensions ['colcon_pkg']
[0.463s] Level 1:colcon.colcon_core.package_identification:_identify(pub2-1) by extension 'colcon_pkg'
[0.463s] Level 1:colcon.colcon_core.package_identification:_identify(pub2-1) by extensions ['colcon_meta']
[0.464s] Level 1:colcon.colcon_core.package_identification:_identify(pub2-1) by extension 'colcon_meta'
[0.464s] Level 1:colcon.colcon_core.package_identification:_identify(pub2-1) by extensions ['ros']
[0.464s] Level 1:colcon.colcon_core.package_identification:_identify(pub2-1) by extension 'ros'
[0.465s] DEBUG:colcon.colcon_core.package_identification:Package 'pub2-1' with type 'ros.ament_cmake' and name 'pub2-1'
[0.465s] Level 1:colcon.colcon_core.package_identification:_identify(pub2-2) by extensions ['ignore', 'ignore_ament_install']
[0.465s] Level 1:colcon.colcon_core.package_identification:_identify(pub2-2) by extension 'ignore'
[0.465s] Level 1:colcon.colcon_core.package_identification:_identify(pub2-2) by extension 'ignore_ament_install'
[0.465s] Level 1:colcon.colcon_core.package_identification:_identify(pub2-2) by extensions ['colcon_pkg']
[0.465s] Level 1:colcon.colcon_core.package_identification:_identify(pub2-2) by extension 'colcon_pkg'
[0.465s] Level 1:colcon.colcon_core.package_identification:_identify(pub2-2) by extensions ['colcon_meta']
[0.465s] Level 1:colcon.colcon_core.package_identification:_identify(pub2-2) by extension 'colcon_meta'
[0.465s] Level 1:colcon.colcon_core.package_identification:_identify(pub2-2) by extensions ['ros']
[0.465s] Level 1:colcon.colcon_core.package_identification:_identify(pub2-2) by extension 'ros'
[0.466s] DEBUG:colcon.colcon_core.package_identification:Package 'pub2-2' with type 'ros.ament_cmake' and name 'pub2-2'
[0.466s] Level 1:colcon.colcon_core.package_identification:_identify(pub2-3) by extensions ['ignore', 'ignore_ament_install']
[0.466s] Level 1:colcon.colcon_core.package_identification:_identify(pub2-3) by extension 'ignore'
[0.466s] Level 1:colcon.colcon_core.package_identification:_identify(pub2-3) by extension 'ignore_ament_install'
[0.466s] Level 1:colcon.colcon_core.package_identification:_identify(pub2-3) by extensions ['colcon_pkg']
[0.466s] Level 1:colcon.colcon_core.package_identification:_identify(pub2-3) by extension 'colcon_pkg'
[0.466s] Level 1:colcon.colcon_core.package_identification:_identify(pub2-3) by extensions ['colcon_meta']
[0.466s] Level 1:colcon.colcon_core.package_identification:_identify(pub2-3) by extension 'colcon_meta'
[0.466s] Level 1:colcon.colcon_core.package_identification:_identify(pub2-3) by extensions ['ros']
[0.466s] Level 1:colcon.colcon_core.package_identification:_identify(pub2-3) by extension 'ros'
[0.467s] DEBUG:colcon.colcon_core.package_identification:Package 'pub2-3' with type 'ros.ament_cmake' and name 'pub2-3'
[0.467s] Level 1:colcon.colcon_core.package_identification:_identify(pub2_3) by extensions ['ignore', 'ignore_ament_install']
[0.467s] Level 1:colcon.colcon_core.package_identification:_identify(pub2_3) by extension 'ignore'
[0.467s] Level 1:colcon.colcon_core.package_identification:_identify(pub2_3) by extension 'ignore_ament_install'
[0.467s] Level 1:colcon.colcon_core.package_identification:_identify(pub2_3) by extensions ['colcon_pkg']
[0.467s] Level 1:colcon.colcon_core.package_identification:_identify(pub2_3) by extension 'colcon_pkg'
[0.467s] Level 1:colcon.colcon_core.package_identification:_identify(pub2_3) by extensions ['colcon_meta']
[0.467s] Level 1:colcon.colcon_core.package_identification:_identify(pub2_3) by extension 'colcon_meta'
[0.468s] Level 1:colcon.colcon_core.package_identification:_identify(pub2_3) by extensions ['ros']
[0.468s] Level 1:colcon.colcon_core.package_identification:_identify(pub2_3) by extension 'ros'
[0.468s] DEBUG:colcon.colcon_core.package_identification:Package 'pub2_3' with type 'ros.ament_cmake' and name 'pub2_3'
[0.468s] Level 1:colcon.colcon_core.package_discovery:discover_packages(recursive) using defaults
[0.468s] Level 1:colcon.colcon_core.package_discovery:discover_packages(ignore) discover
[0.468s] Level 1:colcon.colcon_core.package_discovery:discover_packages(ignore) using defaults
[0.468s] Level 1:colcon.colcon_core.package_discovery:discover_packages(path) discover
[0.468s] Level 1:colcon.colcon_core.package_discovery:discover_packages(path) using defaults
[0.469s] WARNING:colcon.colcon_core.package_selection:ignoring unknown package 'psub1-2' in --packages-select
[0.493s] INFO:colcon.colcon_core.package_selection:Skipping not selected package 'psub1' in 'psub1'
[0.494s] INFO:colcon.colcon_core.package_selection:Skipping not selected package 'psub1-1' in 'psub1-1'
[0.494s] INFO:colcon.colcon_core.package_selection:Skipping not selected package 'pub1' in 'pub1'
[0.494s] INFO:colcon.colcon_core.package_selection:Skipping not selected package 'pub1-1' in 'pub1-1'
[0.494s] INFO:colcon.colcon_core.package_selection:Skipping not selected package 'pub1-2' in 'pub1-2'
[0.494s] INFO:colcon.colcon_core.package_selection:Skipping not selected package 'pub1-3' in 'pub1-3'
[0.494s] INFO:colcon.colcon_core.package_selection:Skipping not selected package 'pub2' in 'pub2'
[0.494s] INFO:colcon.colcon_core.package_selection:Skipping not selected package 'pub2-1' in 'pub2-1'
[0.494s] INFO:colcon.colcon_core.package_selection:Skipping not selected package 'pub2-2' in 'pub2-2'
[0.494s] INFO:colcon.colcon_core.package_selection:Skipping not selected package 'pub2-3' in 'pub2-3'
[0.494s] INFO:colcon.colcon_core.package_selection:Skipping not selected package 'pub2_3' in 'pub2_3'
[0.494s] Level 1:colcon.colcon_core.package_discovery:discover_packages(prefix_path) check parameters
[0.494s] Level 1:colcon.colcon_core.package_discovery:discover_packages(prefix_path) discover
[0.497s] DEBUG:colcon.colcon_installed_package_information.package_discovery:Found 11 installed packages in /home/linux/ros2_ws/install
[0.499s] DEBUG:colcon.colcon_installed_package_information.package_discovery:Found 258 installed packages in /opt/ros/foxy
[0.501s] Level 1:colcon.colcon_core.package_discovery:discover_packages(prefix_path) using defaults
[0.559s] INFO:colcon.colcon_core.executor:Executing jobs using 'parallel' executor
[0.560s] DEBUG:colcon.colcon_parallel_executor.executor.parallel:run_until_complete
[0.561s] DEBUG:colcon.colcon_parallel_executor.executor.parallel:closing loop
[0.561s] DEBUG:colcon.colcon_parallel_executor.executor.parallel:loop closed
[0.561s] DEBUG:colcon.colcon_parallel_executor.executor.parallel:run_until_complete finished with '0'
[0.561s] DEBUG:colcon.colcon_core.event_reactor:joining thread
[0.636s] INFO:colcon.colcon_core.plugin_system:Skipping extension 'colcon_notification.desktop_notification.notify_send': Could not find 'notify-send'
[0.636s] INFO:colcon.colcon_core.plugin_system:Skipping extension 'colcon_notification.desktop_notification.terminal_notifier': Not used on non-Darwin systems
[0.636s] INFO:colcon.colcon_core.plugin_system:Skipping extension 'colcon_notification.desktop_notification.win32': Not used on non-Windows systems
[0.636s] INFO:colcon.colcon_notification.desktop_notification:Sending desktop notification using 'notify2'
[0.637s] DEBUG:colcon.colcon_notification.desktop_notification.notify2:Failed to initialize notify2: org.freedesktop.DBus.Error.ServiceUnknown: The name org.freedesktop.Notifications was not provided by any .service files
[0.638s] DEBUG:colcon.colcon_core.event_reactor:joined thread
[0.639s] INFO:colcon.colcon_core.plugin_system:Skipping extension 'colcon_core.shell.bat': Not used on non-Windows systems
[0.640s] INFO:colcon.colcon_core.shell:Creating prefix script '/home/linux/ros2_ws/src/install/local_setup.ps1'
[0.641s] INFO:colcon.colcon_core.shell:Creating prefix util module '/home/linux/ros2_ws/src/install/_local_setup_util_ps1.py'
[0.642s] INFO:colcon.colcon_core.shell:Creating prefix chain script '/home/linux/ros2_ws/src/install/setup.ps1'
[0.643s] INFO:colcon.colcon_core.shell:Creating prefix script '/home/linux/ros2_ws/src/install/local_setup.sh'
[0.644s] INFO:colcon.colcon_core.shell:Creating prefix util module '/home/linux/ros2_ws/src/install/_local_setup_util_sh.py'
[0.644s] INFO:colcon.colcon_core.shell:Creating prefix chain script '/home/linux/ros2_ws/src/install/setup.sh'
[0.646s] INFO:colcon.colcon_core.shell:Creating prefix script '/home/linux/ros2_ws/src/install/local_setup.bash'
[0.646s] INFO:colcon.colcon_core.shell:Creating prefix chain script '/home/linux/ros2_ws/src/install/setup.bash'
[0.648s] INFO:colcon.colcon_core.shell:Creating prefix script '/home/linux/ros2_ws/src/install/local_setup.zsh'
[0.649s] INFO:colcon.colcon_core.shell:Creating prefix chain script '/home/linux/ros2_ws/src/install/setup.zsh'
