[0.016s] Invoking command in '/home/linux/ros2_ws/build/psub1-1': CMAKE_PREFIX_PATH=/home/linux/ros2_ws/install/pub2_3:/home/linux/ros2_ws/install/pub2-3:/home/linux/ros2_ws/install/pub2-2:/home/linux/ros2_ws/install/pub2-1:/home/linux/ros2_ws/install/pub2:/home/linux/ros2_ws/install/pub1-3:/home/linux/ros2_ws/install/pub1-2:/opt/ros/foxy:/home/linux/ros2_ws/install/pub1-1:/home/linux/ros2_ws/install/pub1:/home/linux/ros2_ws/install/psub1 /usr/bin/cmake --build /home/linux/ros2_ws/build/psub1-1 -- -j6 -l6
[0.061s] [35m[1mScanning dependencies of target pub[0m
[0.063s] [35m[1mScanning dependencies of target sub[0m
[0.093s] [ 50%] [32mBuilding CXX object CMakeFiles/sub.dir/src/sub.cpp.o[0m
[0.093s] [ 50%] [32mBuilding CXX object CMakeFiles/pub.dir/src/pub.cpp.o[0m
[3.200s] [ 75%] [32m[1mLinking CXX executable pub[0m
[3.595s] [ 75%] Built target pub
[4.972s] [100%] [32m[1mLinking CXX executable sub[0m
[5.315s] [100%] Built target sub
[5.328s] Invoked command in '/home/linux/ros2_ws/build/psub1-1' returned '0': CMAKE_PREFIX_PATH=/home/linux/ros2_ws/install/pub2_3:/home/linux/ros2_ws/install/pub2-3:/home/linux/ros2_ws/install/pub2-2:/home/linux/ros2_ws/install/pub2-1:/home/linux/ros2_ws/install/pub2:/home/linux/ros2_ws/install/pub1-3:/home/linux/ros2_ws/install/pub1-2:/opt/ros/foxy:/home/linux/ros2_ws/install/pub1-1:/home/linux/ros2_ws/install/pub1:/home/linux/ros2_ws/install/psub1 /usr/bin/cmake --build /home/linux/ros2_ws/build/psub1-1 -- -j6 -l6
[5.343s] Invoking command in '/home/linux/ros2_ws/build/psub1-1': CMAKE_PREFIX_PATH=/home/linux/ros2_ws/install/pub2_3:/home/linux/ros2_ws/install/pub2-3:/home/linux/ros2_ws/install/pub2-2:/home/linux/ros2_ws/install/pub2-1:/home/linux/ros2_ws/install/pub2:/home/linux/ros2_ws/install/pub1-3:/home/linux/ros2_ws/install/pub1-2:/opt/ros/foxy:/home/linux/ros2_ws/install/pub1-1:/home/linux/ros2_ws/install/pub1:/home/linux/ros2_ws/install/psub1 /usr/bin/cmake --install /home/linux/ros2_ws/build/psub1-1
[5.351s] -- Install configuration: ""
[5.351s] -- Execute custom install script
[5.352s] -- Up-to-date symlink: /home/linux/ros2_ws/install/psub1-1/lib/psub1-1/pub
[5.352s] -- Up-to-date symlink: /home/linux/ros2_ws/install/psub1-1/lib/psub1-1/sub
[5.352s] -- Up-to-date symlink: /home/linux/ros2_ws/install/psub1-1/share/ament_index/resource_index/package_run_dependencies/psub1-1
[5.353s] -- Up-to-date symlink: /home/linux/ros2_ws/install/psub1-1/share/ament_index/resource_index/parent_prefix_path/psub1-1
[5.353s] -- Up-to-date symlink: /home/linux/ros2_ws/install/psub1-1/share/psub1-1/environment/ament_prefix_path.sh
[5.353s] -- Up-to-date symlink: /home/linux/ros2_ws/install/psub1-1/share/psub1-1/environment/ament_prefix_path.dsv
[5.353s] -- Up-to-date symlink: /home/linux/ros2_ws/install/psub1-1/share/psub1-1/environment/path.sh
[5.354s] -- Up-to-date symlink: /home/linux/ros2_ws/install/psub1-1/share/psub1-1/environment/path.dsv
[5.354s] -- Up-to-date symlink: /home/linux/ros2_ws/install/psub1-1/share/psub1-1/local_setup.bash
[5.354s] -- Up-to-date symlink: /home/linux/ros2_ws/install/psub1-1/share/psub1-1/local_setup.sh
[5.355s] -- Up-to-date symlink: /home/linux/ros2_ws/install/psub1-1/share/psub1-1/local_setup.zsh
[5.355s] -- Up-to-date symlink: /home/linux/ros2_ws/install/psub1-1/share/psub1-1/local_setup.dsv
[5.355s] -- Symlinking: /home/linux/ros2_ws/install/psub1-1/share/psub1-1/package.dsv
[5.365s] -- Up-to-date symlink: /home/linux/ros2_ws/install/psub1-1/share/ament_index/resource_index/packages/psub1-1
[5.366s] -- Up-to-date symlink: /home/linux/ros2_ws/install/psub1-1/share/psub1-1/cmake/psub1-1Config.cmake
[5.366s] -- Up-to-date symlink: /home/linux/ros2_ws/install/psub1-1/share/psub1-1/cmake/psub1-1Config-version.cmake
[5.366s] -- Up-to-date symlink: /home/linux/ros2_ws/install/psub1-1/share/psub1-1/package.xml
[5.369s] Invoked command in '/home/linux/ros2_ws/build/psub1-1' returned '0': CMAKE_PREFIX_PATH=/home/linux/ros2_ws/install/pub2_3:/home/linux/ros2_ws/install/pub2-3:/home/linux/ros2_ws/install/pub2-2:/home/linux/ros2_ws/install/pub2-1:/home/linux/ros2_ws/install/pub2:/home/linux/ros2_ws/install/pub1-3:/home/linux/ros2_ws/install/pub1-2:/opt/ros/foxy:/home/linux/ros2_ws/install/pub1-1:/home/linux/ros2_ws/install/pub1:/home/linux/ros2_ws/install/psub1 /usr/bin/cmake --install /home/linux/ros2_ws/build/psub1-1
