[0.013s] Invoking command in '/home/linux/ros2_ws/build/pub1-1': /usr/bin/cmake /home/linux/ros2_ws/src/pub1-1 -DCMAKE_INSTALL_PREFIX=/home/linux/ros2_ws/install/pub1-1
[0.467s] -- The C compiler identification is GNU 9.4.0
[0.902s] -- The CXX compiler identification is GNU 9.4.0
[1.058s] -- Check for working C compiler: /usr/bin/cc
[1.223s] -- Check for working C compiler: /usr/bin/cc -- works
[1.225s] -- Detecting C compiler ABI info
[1.377s] -- Detecting C compiler ABI info - done
[1.388s] -- Detecting C compile features
[1.389s] -- Detecting C compile features - done
[1.394s] -- Check for working CXX compiler: /usr/bin/c++
[1.552s] -- Check for working CXX compiler: /usr/bin/c++ -- works
[1.553s] -- Detecting CXX compiler ABI info
[1.713s] -- Detecting CXX compiler ABI info - done
[1.725s] -- Detecting CXX compile features
[1.725s] -- Detecting CXX compile features - done
[1.744s] -- Found ament_cmake: 0.9.12 (/opt/ros/foxy/share/ament_cmake/cmake)
[1.775s] -- Found PythonInterp: /usr/bin/python3 (found suitable version "3.8.10", minimum required is "3") 
[1.775s] -- Using PYTHON_EXECUTABLE: /usr/bin/python3
[2.012s] -- Found rclcpp: 2.4.3 (/opt/ros/foxy/share/rclcpp/cmake)
[2.220s] -- Using all available rosidl_typesupport_c: rosidl_typesupport_fastrtps_c;rosidl_typesupport_introspection_c
[2.236s] -- Found rosidl_adapter: 1.3.1 (/opt/ros/foxy/share/rosidl_adapter/cmake)
[3.200s] -- Found OpenSSL: /usr/lib/x86_64-linux-gnu/libcrypto.so (found version "1.1.1f")  
[4.254s] -- Found FastRTPS: /opt/ros/foxy/include  
[6.365s] -- Using all available rosidl_typesupport_cpp: rosidl_typesupport_fastrtps_cpp;rosidl_typesupport_introspection_cpp
[6.528s] -- Found rmw_implementation_cmake: 1.0.4 (/opt/ros/foxy/share/rmw_implementation_cmake/cmake)
[6.533s] -- Using RMW implementation 'rmw_fastrtps_cpp' as default
[6.536s] -- Looking for pthread.h
[6.728s] -- Looking for pthread.h - found
[6.729s] -- Performing Test CMAKE_HAVE_LIBC_PTHREAD
[6.909s] -- Performing Test CMAKE_HAVE_LIBC_PTHREAD - Failed
[6.910s] -- Looking for pthread_create in pthreads
[7.066s] -- Looking for pthread_create in pthreads - not found
[7.066s] -- Looking for pthread_create in pthread
[7.231s] -- Looking for pthread_create in pthread - found
[7.232s] -- Found Threads: TRUE  
[7.492s] Error parsing '/home/linux/ros2_ws/src/pub1-1/package.xml':
[7.724s] Traceback (most recent call last):
[7.724s]   File "/usr/lib/python3/dist-packages/catkin_pkg/package.py", line 610, in parse_package_string
[7.724s]     root = dom.parseString(data)
[7.724s]   File "/usr/lib/python3.8/xml/dom/minidom.py", line 1969, in parseString
[7.724s]     return expatbuilder.parseString(string)
[7.724s]   File "/usr/lib/python3.8/xml/dom/expatbuilder.py", line 925, in parseString
[7.724s]     return builder.parseString(string)
[7.724s]   File "/usr/lib/python3.8/xml/dom/expatbuilder.py", line 223, in parseString
[7.724s]     parser.Parse(string, True)
[7.724s] xml.parsers.expat.ExpatError: no element found: line 1, column 0
[7.725s] 
[7.725s] During handling of the above exception, another exception occurred:
[7.725s] 
[7.725s] Traceback (most recent call last):
[7.725s]   File "/opt/ros/foxy/share/ament_cmake_core/cmake/core/package_xml_2_cmake.py", line 143, in <module>
[7.725s]     main()
[7.725s]   File "/opt/ros/foxy/share/ament_cmake_core/cmake/core/package_xml_2_cmake.py", line 52, in main
[7.725s]     raise e
[7.725s]   File "/opt/ros/foxy/share/ament_cmake_core/cmake/core/package_xml_2_cmake.py", line 48, in main
[7.725s]     package = parse_package_string(
[7.725s]   File "/usr/lib/python3/dist-packages/catkin_pkg/package.py", line 612, in parse_package_string
[7.725s]     raise InvalidPackage('The manifest contains invalid XML:\n%s' % ex, filename)
[7.725s] catkin_pkg.package.InvalidPackage: Error(s) in package '/home/linux/ros2_ws/src/pub1-1/package.xml':
[7.725s] The manifest contains invalid XML:
[7.725s] no element found: line 1, column 0
[7.744s] CMake Error at /opt/ros/foxy/share/ament_cmake_core/cmake/core/ament_package_xml.cmake:94 (message):
[7.744s]   execute_process(/usr/bin/python3
[7.744s]   /opt/ros/foxy/share/ament_cmake_core/cmake/core/package_xml_2_cmake.py
[7.744s]   /home/linux/ros2_ws/src/pub1-1/package.xml
[7.744s]   /home/linux/ros2_ws/build/pub1-1/ament_cmake_core/package.cmake) returned
[7.744s]   error code 1
[7.744s] Call Stack (most recent call first):
[7.744s]   /opt/ros/foxy/share/ament_cmake_core/cmake/core/ament_package_xml.cmake:49 (_ament_package_xml)
[7.744s]   /opt/ros/foxy/share/ament_cmake_core/cmake/core/ament_package.cmake:63 (ament_package_xml)
[7.744s]   CMakeLists.txt:30 (ament_package)
[7.744s] 
[7.744s] 
[7.746s] -- Configuring incomplete, errors occurred!
[7.746s] See also "/home/linux/ros2_ws/build/pub1-1/CMakeFiles/CMakeOutput.log".
[7.746s] See also "/home/linux/ros2_ws/build/pub1-1/CMakeFiles/CMakeError.log".
[7.755s] Invoked command in '/home/linux/ros2_ws/build/pub1-1' returned '1': /usr/bin/cmake /home/linux/ros2_ws/src/pub1-1 -DCMAKE_INSTALL_PREFIX=/home/linux/ros2_ws/install/pub1-1
