[0.018s] Invoking command in '/home/linux/ros2_ws/build/psub1': CMAKE_PREFIX_PATH=/home/linux/ros2_ws/install/pub2_3:/home/linux/ros2_ws/install/pub2-3:/home/linux/ros2_ws/install/pub2-2:/home/linux/ros2_ws/install/pub2-1:/home/linux/ros2_ws/install/pub2:/home/linux/ros2_ws/install/pub1-3:/home/linux/ros2_ws/install/pub1-2:/opt/ros/foxy:/home/linux/ros2_ws/install/pub1-1:/home/linux/ros2_ws/install/pub1 /usr/bin/cmake /home/linux/ros2_ws/src/psub1 -DAMENT_CMAKE_SYMLINK_INSTALL=1 -DCMAKE_INSTALL_PREFIX=/home/linux/ros2_ws/install/psub1
[0.399s] -- The C compiler identification is GNU 9.4.0
[0.827s] -- The CXX compiler identification is GNU 9.4.0
[0.988s] -- Check for working C compiler: /usr/bin/cc
[1.164s] -- Check for working C compiler: /usr/bin/cc -- works
[1.166s] -- Detecting C compiler ABI info
[1.333s] -- Detecting C compiler ABI info - done
[1.344s] -- Detecting C compile features
[1.345s] -- Detecting C compile features - done
[1.349s] -- Check for working CXX compiler: /usr/bin/c++
[1.522s] -- Check for working CXX compiler: /usr/bin/c++ -- works
[1.523s] -- Detecting CXX compiler ABI info
[1.697s] -- Detecting CXX compiler ABI info - done
[1.708s] -- Detecting CXX compile features
[1.708s] -- Detecting CXX compile features - done
[1.718s] -- Found ament_cmake: 0.9.12 (/opt/ros/foxy/share/ament_cmake/cmake)
[1.748s] -- Found PythonInterp: /usr/bin/python3 (found suitable version "3.8.10", minimum required is "3") 
[1.748s] -- Using PYTHON_EXECUTABLE: /usr/bin/python3
[1.921s] -- Override CMake install command with custom implementation using symlinks instead of copying resources
[1.974s] -- Found rclcpp: 2.4.3 (/opt/ros/foxy/share/rclcpp/cmake)
[2.192s] -- Using all available rosidl_typesupport_c: rosidl_typesupport_fastrtps_c;rosidl_typesupport_introspection_c
[2.207s] -- Found rosidl_adapter: 1.3.1 (/opt/ros/foxy/share/rosidl_adapter/cmake)
[3.403s] -- Found OpenSSL: /usr/lib/x86_64-linux-gnu/libcrypto.so (found version "1.1.1f")  
[4.636s] -- Found FastRTPS: /opt/ros/foxy/include  
[6.826s] -- Using all available rosidl_typesupport_cpp: rosidl_typesupport_fastrtps_cpp;rosidl_typesupport_introspection_cpp
[6.927s] -- Found rmw_implementation_cmake: 1.0.4 (/opt/ros/foxy/share/rmw_implementation_cmake/cmake)
[6.930s] -- Using RMW implementation 'rmw_fastrtps_cpp' as default
[6.933s] -- Looking for pthread.h
[7.113s] -- Looking for pthread.h - found
[7.113s] -- Performing Test CMAKE_HAVE_LIBC_PTHREAD
[7.279s] -- Performing Test CMAKE_HAVE_LIBC_PTHREAD - Failed
[7.279s] -- Looking for pthread_create in pthreads
[7.435s] -- Looking for pthread_create in pthreads - not found
[7.435s] -- Looking for pthread_create in pthread
[7.596s] -- Looking for pthread_create in pthread - found
[7.597s] -- Found Threads: TRUE  
[7.865s] -- Configuring done
[7.875s] -- Generating done
[7.879s] -- Build files have been written to: /home/linux/ros2_ws/build/psub1
[7.887s] Invoked command in '/home/linux/ros2_ws/build/psub1' returned '0': CMAKE_PREFIX_PATH=/home/linux/ros2_ws/install/pub2_3:/home/linux/ros2_ws/install/pub2-3:/home/linux/ros2_ws/install/pub2-2:/home/linux/ros2_ws/install/pub2-1:/home/linux/ros2_ws/install/pub2:/home/linux/ros2_ws/install/pub1-3:/home/linux/ros2_ws/install/pub1-2:/opt/ros/foxy:/home/linux/ros2_ws/install/pub1-1:/home/linux/ros2_ws/install/pub1 /usr/bin/cmake /home/linux/ros2_ws/src/psub1 -DAMENT_CMAKE_SYMLINK_INSTALL=1 -DCMAKE_INSTALL_PREFIX=/home/linux/ros2_ws/install/psub1
[7.888s] Invoking command in '/home/linux/ros2_ws/build/psub1': CMAKE_PREFIX_PATH=/home/linux/ros2_ws/install/pub2_3:/home/linux/ros2_ws/install/pub2-3:/home/linux/ros2_ws/install/pub2-2:/home/linux/ros2_ws/install/pub2-1:/home/linux/ros2_ws/install/pub2:/home/linux/ros2_ws/install/pub1-3:/home/linux/ros2_ws/install/pub1-2:/opt/ros/foxy:/home/linux/ros2_ws/install/pub1-1:/home/linux/ros2_ws/install/pub1 /usr/bin/cmake --build /home/linux/ros2_ws/build/psub1 -- -j6 -l6
[7.923s] [35m[1mScanning dependencies of target pub[0m
[7.923s] [35m[1mScanning dependencies of target sub[0m
[8.046s] [ 50%] [32mBuilding CXX object CMakeFiles/pub.dir/src/pub.cpp.o[0m
[8.046s] [ 50%] [32mBuilding CXX object CMakeFiles/sub.dir/src/sub.cpp.o[0m
[10.920s] [ 75%] [32m[1mLinking CXX executable pub[0m
[11.216s] [ 75%] Built target pub
[12.573s] [100%] [32m[1mLinking CXX executable sub[0m
[12.890s] [100%] Built target sub
[12.900s] Invoked command in '/home/linux/ros2_ws/build/psub1' returned '0': CMAKE_PREFIX_PATH=/home/linux/ros2_ws/install/pub2_3:/home/linux/ros2_ws/install/pub2-3:/home/linux/ros2_ws/install/pub2-2:/home/linux/ros2_ws/install/pub2-1:/home/linux/ros2_ws/install/pub2:/home/linux/ros2_ws/install/pub1-3:/home/linux/ros2_ws/install/pub1-2:/opt/ros/foxy:/home/linux/ros2_ws/install/pub1-1:/home/linux/ros2_ws/install/pub1 /usr/bin/cmake --build /home/linux/ros2_ws/build/psub1 -- -j6 -l6
[12.912s] Invoking command in '/home/linux/ros2_ws/build/psub1': CMAKE_PREFIX_PATH=/home/linux/ros2_ws/install/pub2_3:/home/linux/ros2_ws/install/pub2-3:/home/linux/ros2_ws/install/pub2-2:/home/linux/ros2_ws/install/pub2-1:/home/linux/ros2_ws/install/pub2:/home/linux/ros2_ws/install/pub1-3:/home/linux/ros2_ws/install/pub1-2:/opt/ros/foxy:/home/linux/ros2_ws/install/pub1-1:/home/linux/ros2_ws/install/pub1 /usr/bin/cmake --install /home/linux/ros2_ws/build/psub1
[12.919s] -- Install configuration: ""
[12.919s] -- Execute custom install script
[12.920s] -- Symlinking: /home/linux/ros2_ws/install/psub1/lib/psub1/pub
[12.929s] -- Symlinking: /home/linux/ros2_ws/install/psub1/lib/psub1/sub
[12.937s] -- Symlinking: /home/linux/ros2_ws/install/psub1/share/ament_index/resource_index/package_run_dependencies/psub1
[12.946s] -- Symlinking: /home/linux/ros2_ws/install/psub1/share/ament_index/resource_index/parent_prefix_path/psub1
[12.955s] -- Symlinking: /home/linux/ros2_ws/install/psub1/share/psub1/environment/ament_prefix_path.sh
[12.963s] -- Symlinking: /home/linux/ros2_ws/install/psub1/share/psub1/environment/ament_prefix_path.dsv
[12.972s] -- Symlinking: /home/linux/ros2_ws/install/psub1/share/psub1/environment/path.sh
[12.980s] -- Symlinking: /home/linux/ros2_ws/install/psub1/share/psub1/environment/path.dsv
[12.988s] -- Symlinking: /home/linux/ros2_ws/install/psub1/share/psub1/local_setup.bash
[12.997s] -- Symlinking: /home/linux/ros2_ws/install/psub1/share/psub1/local_setup.sh
[13.005s] -- Symlinking: /home/linux/ros2_ws/install/psub1/share/psub1/local_setup.zsh
[13.013s] -- Symlinking: /home/linux/ros2_ws/install/psub1/share/psub1/local_setup.dsv
[13.022s] -- Symlinking: /home/linux/ros2_ws/install/psub1/share/psub1/package.dsv
[13.030s] -- Symlinking: /home/linux/ros2_ws/install/psub1/share/ament_index/resource_index/packages/psub1
[13.039s] -- Symlinking: /home/linux/ros2_ws/install/psub1/share/psub1/cmake/psub1Config.cmake
[13.047s] -- Symlinking: /home/linux/ros2_ws/install/psub1/share/psub1/cmake/psub1Config-version.cmake
[13.056s] -- Symlinking: /home/linux/ros2_ws/install/psub1/share/psub1/package.xml
[13.066s] Invoked command in '/home/linux/ros2_ws/build/psub1' returned '0': CMAKE_PREFIX_PATH=/home/linux/ros2_ws/install/pub2_3:/home/linux/ros2_ws/install/pub2-3:/home/linux/ros2_ws/install/pub2-2:/home/linux/ros2_ws/install/pub2-1:/home/linux/ros2_ws/install/pub2:/home/linux/ros2_ws/install/pub1-3:/home/linux/ros2_ws/install/pub1-2:/opt/ros/foxy:/home/linux/ros2_ws/install/pub1-1:/home/linux/ros2_ws/install/pub1 /usr/bin/cmake --install /home/linux/ros2_ws/build/psub1
