[0.019s] Invoking command in '/home/linux/ros2_ws/build/pub2-2': CMAKE_PREFIX_PATH=/home/linux/ros2_ws/install/pub2-1:/home/linux/ros2_ws/install/pub2:/home/linux/ros2_ws/install/pub2_3:/home/linux/ros2_ws/install/pub1-3:/home/linux/ros2_ws/install/pub1-2:/opt/ros/foxy:/home/linux/ros2_ws/install/pub1-1:/home/linux/ros2_ws/install/pub1 /usr/bin/cmake /home/linux/ros2_ws/src/pub2-2 -DAMENT_CMAKE_SYMLINK_INSTALL=1 -DCMAKE_INSTALL_PREFIX=/home/linux/ros2_ws/install/pub2-2
[0.425s] -- The C compiler identification is GNU 9.4.0
[0.804s] -- The CXX compiler identification is GNU 9.4.0
[0.923s] -- Check for working C compiler: /usr/bin/cc
[1.102s] -- Check for working C compiler: /usr/bin/cc -- works
[1.105s] -- Detecting C compiler ABI info
[1.272s] -- Detecting C compiler ABI info - done
[1.283s] -- Detecting C compile features
[1.284s] -- Detecting C compile features - done
[1.289s] -- Check for working CXX compiler: /usr/bin/c++
[1.437s] -- Check for working CXX compiler: /usr/bin/c++ -- works
[1.438s] -- Detecting CXX compiler ABI info
[1.616s] -- Detecting CXX compiler ABI info - done
[1.627s] -- Detecting CXX compile features
[1.628s] -- Detecting CXX compile features - done
[1.643s] -- Found ament_cmake: 0.9.12 (/opt/ros/foxy/share/ament_cmake/cmake)
[1.674s] -- Found PythonInterp: /usr/bin/python3 (found suitable version "3.8.10", minimum required is "3") 
[1.674s] -- Using PYTHON_EXECUTABLE: /usr/bin/python3
[1.862s] -- Override CMake install command with custom implementation using symlinks instead of copying resources
[1.925s] -- Found rclcpp: 2.4.3 (/opt/ros/foxy/share/rclcpp/cmake)
[2.169s] -- Using all available rosidl_typesupport_c: rosidl_typesupport_fastrtps_c;rosidl_typesupport_introspection_c
[2.183s] -- Found rosidl_adapter: 1.3.1 (/opt/ros/foxy/share/rosidl_adapter/cmake)
[3.367s] -- Found OpenSSL: /usr/lib/x86_64-linux-gnu/libcrypto.so (found version "1.1.1f")  
[4.545s] -- Found FastRTPS: /opt/ros/foxy/include  
[6.564s] -- Using all available rosidl_typesupport_cpp: rosidl_typesupport_fastrtps_cpp;rosidl_typesupport_introspection_cpp
[6.649s] -- Found rmw_implementation_cmake: 1.0.4 (/opt/ros/foxy/share/rmw_implementation_cmake/cmake)
[6.653s] -- Using RMW implementation 'rmw_fastrtps_cpp' as default
[6.655s] -- Looking for pthread.h
[6.833s] -- Looking for pthread.h - found
[6.833s] -- Performing Test CMAKE_HAVE_LIBC_PTHREAD
[6.978s] -- Performing Test CMAKE_HAVE_LIBC_PTHREAD - Failed
[6.978s] -- Looking for pthread_create in pthreads
[7.130s] -- Looking for pthread_create in pthreads - not found
[7.131s] -- Looking for pthread_create in pthread
[7.275s] -- Looking for pthread_create in pthread - found
[7.276s] -- Found Threads: TRUE  
[7.477s] -- Found geometry_msgs: 2.0.5 (/opt/ros/foxy/share/geometry_msgs/cmake)
[7.580s] -- Configuring done
[7.588s] -- Generating done
[7.592s] -- Build files have been written to: /home/linux/ros2_ws/build/pub2-2
[7.597s] Invoked command in '/home/linux/ros2_ws/build/pub2-2' returned '0': CMAKE_PREFIX_PATH=/home/linux/ros2_ws/install/pub2-1:/home/linux/ros2_ws/install/pub2:/home/linux/ros2_ws/install/pub2_3:/home/linux/ros2_ws/install/pub1-3:/home/linux/ros2_ws/install/pub1-2:/opt/ros/foxy:/home/linux/ros2_ws/install/pub1-1:/home/linux/ros2_ws/install/pub1 /usr/bin/cmake /home/linux/ros2_ws/src/pub2-2 -DAMENT_CMAKE_SYMLINK_INSTALL=1 -DCMAKE_INSTALL_PREFIX=/home/linux/ros2_ws/install/pub2-2
[7.600s] Invoking command in '/home/linux/ros2_ws/build/pub2-2': CMAKE_PREFIX_PATH=/home/linux/ros2_ws/install/pub2-1:/home/linux/ros2_ws/install/pub2:/home/linux/ros2_ws/install/pub2_3:/home/linux/ros2_ws/install/pub1-3:/home/linux/ros2_ws/install/pub1-2:/opt/ros/foxy:/home/linux/ros2_ws/install/pub1-1:/home/linux/ros2_ws/install/pub1 /usr/bin/cmake --build /home/linux/ros2_ws/build/pub2-2 -- -j6 -l6
[7.639s] [35m[1mScanning dependencies of target pub2_2[0m
[7.796s] [ 50%] [32mBuilding CXX object CMakeFiles/pub2_2.dir/src/pub.cpp.o[0m
[10.440s] [100%] [32m[1mLinking CXX executable pub2_2[0m
[10.721s] [100%] Built target pub2_2
[10.732s] Invoked command in '/home/linux/ros2_ws/build/pub2-2' returned '0': CMAKE_PREFIX_PATH=/home/linux/ros2_ws/install/pub2-1:/home/linux/ros2_ws/install/pub2:/home/linux/ros2_ws/install/pub2_3:/home/linux/ros2_ws/install/pub1-3:/home/linux/ros2_ws/install/pub1-2:/opt/ros/foxy:/home/linux/ros2_ws/install/pub1-1:/home/linux/ros2_ws/install/pub1 /usr/bin/cmake --build /home/linux/ros2_ws/build/pub2-2 -- -j6 -l6
[10.746s] Invoking command in '/home/linux/ros2_ws/build/pub2-2': CMAKE_PREFIX_PATH=/home/linux/ros2_ws/install/pub2-1:/home/linux/ros2_ws/install/pub2:/home/linux/ros2_ws/install/pub2_3:/home/linux/ros2_ws/install/pub1-3:/home/linux/ros2_ws/install/pub1-2:/opt/ros/foxy:/home/linux/ros2_ws/install/pub1-1:/home/linux/ros2_ws/install/pub1 /usr/bin/cmake --install /home/linux/ros2_ws/build/pub2-2
[10.753s] -- Install configuration: ""
[10.753s] -- Execute custom install script
[10.754s] -- Symlinking: /home/linux/ros2_ws/install/pub2-2/lib/pub2-2/pub2_2
[10.764s] -- Symlinking: /home/linux/ros2_ws/install/pub2-2/share/ament_index/resource_index/package_run_dependencies/pub2-2
[10.773s] -- Symlinking: /home/linux/ros2_ws/install/pub2-2/share/ament_index/resource_index/parent_prefix_path/pub2-2
[10.782s] -- Symlinking: /home/linux/ros2_ws/install/pub2-2/share/pub2-2/environment/ament_prefix_path.sh
[10.791s] -- Symlinking: /home/linux/ros2_ws/install/pub2-2/share/pub2-2/environment/ament_prefix_path.dsv
[10.800s] -- Symlinking: /home/linux/ros2_ws/install/pub2-2/share/pub2-2/environment/path.sh
[10.808s] -- Symlinking: /home/linux/ros2_ws/install/pub2-2/share/pub2-2/environment/path.dsv
[10.817s] -- Symlinking: /home/linux/ros2_ws/install/pub2-2/share/pub2-2/local_setup.bash
[10.826s] -- Symlinking: /home/linux/ros2_ws/install/pub2-2/share/pub2-2/local_setup.sh
[10.835s] -- Symlinking: /home/linux/ros2_ws/install/pub2-2/share/pub2-2/local_setup.zsh
[10.845s] -- Symlinking: /home/linux/ros2_ws/install/pub2-2/share/pub2-2/local_setup.dsv
[10.854s] -- Symlinking: /home/linux/ros2_ws/install/pub2-2/share/pub2-2/package.dsv
[10.864s] -- Symlinking: /home/linux/ros2_ws/install/pub2-2/share/ament_index/resource_index/packages/pub2-2
[10.873s] -- Symlinking: /home/linux/ros2_ws/install/pub2-2/share/pub2-2/cmake/pub2-2Config.cmake
[10.882s] -- Symlinking: /home/linux/ros2_ws/install/pub2-2/share/pub2-2/cmake/pub2-2Config-version.cmake
[10.891s] -- Symlinking: /home/linux/ros2_ws/install/pub2-2/share/pub2-2/package.xml
[10.902s] Invoked command in '/home/linux/ros2_ws/build/pub2-2' returned '0': CMAKE_PREFIX_PATH=/home/linux/ros2_ws/install/pub2-1:/home/linux/ros2_ws/install/pub2:/home/linux/ros2_ws/install/pub2_3:/home/linux/ros2_ws/install/pub1-3:/home/linux/ros2_ws/install/pub1-2:/opt/ros/foxy:/home/linux/ros2_ws/install/pub1-1:/home/linux/ros2_ws/install/pub1 /usr/bin/cmake --install /home/linux/ros2_ws/build/pub2-2
