[0.016s] Invoking command in '/home/linux/ros2_ws/build/psub1-1': CMAKE_PREFIX_PATH=/home/linux/ros2_ws/install/pub2_3:/home/linux/ros2_ws/install/pub2-3:/home/linux/ros2_ws/install/pub2-2:/home/linux/ros2_ws/install/pub2-1:/home/linux/ros2_ws/install/pub2:/home/linux/ros2_ws/install/pub1-3:/home/linux/ros2_ws/install/pub1-2:/opt/ros/foxy:/home/linux/ros2_ws/install/pub1-1:/home/linux/ros2_ws/install/pub1 /usr/bin/cmake /home/linux/ros2_ws/src/psub1-1 -DAMENT_CMAKE_SYMLINK_INSTALL=1 -DCMAKE_INSTALL_PREFIX=/home/linux/ros2_ws/install/psub1-1
[0.213s] -- The C compiler identification is GNU 9.4.0
[0.518s] -- The CXX compiler identification is GNU 9.4.0
[0.672s] -- Check for working C compiler: /usr/bin/cc
[0.833s] -- Check for working C compiler: /usr/bin/cc -- works
[0.834s] -- Detecting C compiler ABI info
[0.999s] -- Detecting C compiler ABI info - done
[1.010s] -- Detecting C compile features
[1.010s] -- Detecting C compile features - done
[1.012s] -- Check for working CXX compiler: /usr/bin/c++
[1.167s] -- Check for working CXX compiler: /usr/bin/c++ -- works
[1.168s] -- Detecting CXX compiler ABI info
[1.319s] -- Detecting CXX compiler ABI info - done
[1.331s] -- Detecting CXX compile features
[1.331s] -- Detecting CXX compile features - done
[1.333s] -- Found ament_cmake: 0.9.12 (/opt/ros/foxy/share/ament_cmake/cmake)
[1.356s] -- Found PythonInterp: /usr/bin/python3 (found suitable version "3.8.10", minimum required is "3") 
[1.356s] -- Using PYTHON_EXECUTABLE: /usr/bin/python3
[1.518s] -- Override CMake install command with custom implementation using symlinks instead of copying resources
[1.545s] -- Found rclcpp: 2.4.3 (/opt/ros/foxy/share/rclcpp/cmake)
[1.726s] -- Using all available rosidl_typesupport_c: rosidl_typesupport_fastrtps_c;rosidl_typesupport_introspection_c
[1.733s] -- Found rosidl_adapter: 1.3.1 (/opt/ros/foxy/share/rosidl_adapter/cmake)
[2.892s] -- Found OpenSSL: /usr/lib/x86_64-linux-gnu/libcrypto.so (found version "1.1.1f")  
[4.101s] -- Found FastRTPS: /opt/ros/foxy/include  
[6.248s] -- Using all available rosidl_typesupport_cpp: rosidl_typesupport_fastrtps_cpp;rosidl_typesupport_introspection_cpp
[6.307s] -- Found rmw_implementation_cmake: 1.0.4 (/opt/ros/foxy/share/rmw_implementation_cmake/cmake)
[6.308s] -- Using RMW implementation 'rmw_fastrtps_cpp' as default
[6.309s] -- Looking for pthread.h
[6.474s] -- Looking for pthread.h - found
[6.474s] -- Performing Test CMAKE_HAVE_LIBC_PTHREAD
[6.647s] -- Performing Test CMAKE_HAVE_LIBC_PTHREAD - Failed
[6.647s] -- Looking for pthread_create in pthreads
[6.780s] -- Looking for pthread_create in pthreads - not found
[6.780s] -- Looking for pthread_create in pthread
[6.926s] -- Looking for pthread_create in pthread - found
[6.927s] -- Found Threads: TRUE  
[7.139s] CMake Error at /opt/ros/foxy/share/ament_cmake_core/cmake/core/ament_package_xml.cmake:53 (message):
[7.139s]   ament_package_xml() package name 'psub1-1' in '/package.xml' does not match
[7.139s]   current PROJECT_NAME 'psub1'.  You must call project() with the same
[7.139s]   package name before.
[7.139s] Call Stack (most recent call first):
[7.139s]   /opt/ros/foxy/share/ament_cmake_core/cmake/core/ament_package.cmake:63 (ament_package_xml)
[7.139s]   CMakeLists.txt:29 (ament_package)
[7.139s] 
[7.139s] 
[7.141s] -- Configuring incomplete, errors occurred!
[7.141s] See also "/home/linux/ros2_ws/build/psub1-1/CMakeFiles/CMakeOutput.log".
[7.141s] See also "/home/linux/ros2_ws/build/psub1-1/CMakeFiles/CMakeError.log".
[7.150s] Invoked command in '/home/linux/ros2_ws/build/psub1-1' returned '1': CMAKE_PREFIX_PATH=/home/linux/ros2_ws/install/pub2_3:/home/linux/ros2_ws/install/pub2-3:/home/linux/ros2_ws/install/pub2-2:/home/linux/ros2_ws/install/pub2-1:/home/linux/ros2_ws/install/pub2:/home/linux/ros2_ws/install/pub1-3:/home/linux/ros2_ws/install/pub1-2:/opt/ros/foxy:/home/linux/ros2_ws/install/pub1-1:/home/linux/ros2_ws/install/pub1 /usr/bin/cmake /home/linux/ros2_ws/src/psub1-1 -DAMENT_CMAKE_SYMLINK_INSTALL=1 -DCMAKE_INSTALL_PREFIX=/home/linux/ros2_ws/install/psub1-1
