CMake Warning at CMakeLists.txt:14 (find_package):
  By not providing "Findament_cmakeREQUIRED.cmake" in CMAKE_MODULE_PATH this
  project has asked CMake to find a package configuration file provided by
  "ament_cmakeREQUIRED", but CMake did not find one.

  Could not find a package configuration file provided by
  "ament_cmakeREQUIRED" with any of the following names:

    ament_cmakeREQUIREDConfig.cmake
    ament_cmakerequired-config.cmake

  Add the installation prefix of "ament_cmakeREQUIRED" to CMAKE_PREFIX_PATH
  or set "ament_cmakeREQUIRED_DIR" to a directory containing one of the above
  files.  If "ament_cmakeREQUIRED" provides a separate development package or
  SDK, be sure it has been installed.


-- Found rclcpp: 2.4.3 (/opt/ros/foxy/share/rclcpp/cmake)
-- Using PYTHON_EXECUTABLE: /usr/bin/python3
-- Override CMake install command with custom implementation using symlinks instead of copying resources
-- Using all available rosidl_typesupport_c: rosidl_typesupport_fastrtps_c;rosidl_typesupport_introspection_c
-- Found rosidl_adapter: 1.3.1 (/opt/ros/foxy/share/rosidl_adapter/cmake)
-- Using all available rosidl_typesupport_cpp: rosidl_typesupport_fastrtps_cpp;rosidl_typesupport_introspection_cpp
-- Found rmw_implementation_cmake: 1.0.4 (/opt/ros/foxy/share/rmw_implementation_cmake/cmake)
-- Using RMW implementation 'rmw_fastrtps_cpp' as default
CMake Error at /opt/ros/foxy/share/ament_cmake_target_dependencies/cmake/ament_target_dependencies.cmake:77 (message):
  ament_target_dependencies() the passed package name 'rclcppstd_msgs' was
  not found before
Call Stack (most recent call first):
  CMakeLists.txt:20 (ament_target_dependencies)


-- Configuring incomplete, errors occurred!
See also "/home/linux/ros2_ws/build/pub1/CMakeFiles/CMakeOutput.log".
See also "/home/linux/ros2_ws/build/pub1/CMakeFiles/CMakeError.log".
