[0.015s] Invoking command in '/home/linux/ros2_ws/build/pub1': CMAKE_PREFIX_PATH=/opt/ros/foxy /usr/bin/cmake /home/linux/ros2_ws/src/pub1 -DAMENT_CMAKE_SYMLINK_INSTALL=1 -DCMAKE_INSTALL_PREFIX=/home/linux/ros2_ws/install/pub1
[1.001s] CMake Warning at CMakeLists.txt:14 (find_package):
[1.001s]   By not providing "Findament_cmakeREQUIRED.cmake" in CMAKE_MODULE_PATH this
[1.001s]   project has asked CMake to find a package configuration file provided by
[1.002s]   "ament_cmakeREQUIRED", but CMake did not find one.
[1.002s] 
[1.002s]   Could not find a package configuration file provided by
[1.002s]   "ament_cmakeREQUIRED" with any of the following names:
[1.002s] 
[1.002s]     ament_cmakeREQUIREDConfig.cmake
[1.003s]     ament_cmakerequired-config.cmake
[1.003s] 
[1.003s]   Add the installation prefix of "ament_cmakeREQUIRED" to CMAKE_PREFIX_PATH
[1.003s]   or set "ament_cmakeREQUIRED_DIR" to a directory containing one of the above
[1.003s]   files.  If "ament_cmakeREQUIRED" provides a separate development package or
[1.003s]   SDK, be sure it has been installed.
[1.003s] 
[1.003s] 
[1.003s] -- Found rclcpp: 2.4.3 (/opt/ros/foxy/share/rclcpp/cmake)
[1.027s] -- Using PYTHON_EXECUTABLE: /usr/bin/python3
[1.202s] -- Override CMake install command with custom implementation using symlinks instead of copying resources
[1.440s] -- Using all available rosidl_typesupport_c: rosidl_typesupport_fastrtps_c;rosidl_typesupport_introspection_c
[1.447s] -- Found rosidl_adapter: 1.3.1 (/opt/ros/foxy/share/rosidl_adapter/cmake)
[5.596s] -- Using all available rosidl_typesupport_cpp: rosidl_typesupport_fastrtps_cpp;rosidl_typesupport_introspection_cpp
[5.678s] -- Found rmw_implementation_cmake: 1.0.4 (/opt/ros/foxy/share/rmw_implementation_cmake/cmake)
[5.681s] -- Using RMW implementation 'rmw_fastrtps_cpp' as default
[5.868s] CMake Error at /opt/ros/foxy/share/ament_cmake_target_dependencies/cmake/ament_target_dependencies.cmake:77 (message):
[5.868s]   ament_target_dependencies() the passed package name 'rclcppstd_msgs' was
[5.868s]   not found before
[5.868s] Call Stack (most recent call first):
[5.868s]   CMakeLists.txt:20 (ament_target_dependencies)
[5.868s] 
[5.868s] 
[5.869s] -- Configuring incomplete, errors occurred!
[5.870s] See also "/home/linux/ros2_ws/build/pub1/CMakeFiles/CMakeOutput.log".
[5.870s] See also "/home/linux/ros2_ws/build/pub1/CMakeFiles/CMakeError.log".
[5.875s] Invoked command in '/home/linux/ros2_ws/build/pub1' returned '1': CMAKE_PREFIX_PATH=/opt/ros/foxy /usr/bin/cmake /home/linux/ros2_ws/src/pub1 -DAMENT_CMAKE_SYMLINK_INSTALL=1 -DCMAKE_INSTALL_PREFIX=/home/linux/ros2_ws/install/pub1
