[0.404s] DEBUG:colcon:Command line arguments: ['/usr/bin/colcon', 'build', '--symlink-install', '--packages-select', 'psub1']
[0.404s] DEBUG:colcon:Parsed command line arguments: Namespace(allow_overriding=[], ament_cmake_args=None, base_paths=['.'], build_base='build', catkin_cmake_args=None, catkin_skip_building_tests=False, cmake_args=None, cmake_clean_cache=False, cmake_clean_first=False, cmake_force_configure=False, cmake_target=None, cmake_target_skip_unavailable=False, continue_on_error=False, event_handlers=None, executor='parallel', ignore_user_meta=False, install_base='install', log_base=None, log_level=None, main=<bound method BuildVerb.main of <colcon_core.verb.build.BuildVerb object at 0x7face79c81f0>>, merge_install=False, metas=['./colcon.meta'], packages_above=None, packages_above_and_dependencies=None, packages_above_depth=None, packages_end=None, packages_ignore=None, packages_ignore_regex=None, packages_select=['psub1'], packages_select_build_failed=False, packages_select_by_dep=None, packages_select_regex=None, packages_select_test_failures=False, packages_skip=None, packages_skip_build_finished=False, packages_skip_by_dep=None, packages_skip_regex=None, packages_skip_test_passed=False, packages_skip_up_to=None, packages_start=None, packages_up_to=None, packages_up_to_regex=None, parallel_workers=6, paths=None, symlink_install=True, test_result_base=None, verb_extension=<colcon_core.verb.build.BuildVerb object at 0x7face79c81f0>, verb_name='build', verb_parser=<colcon_defaults.argument_parser.defaults.DefaultArgumentsDecorator object at 0x7face79c8970>)
[0.595s] Level 1:colcon.colcon_core.package_discovery:discover_packages(colcon_meta) check parameters
[0.595s] Level 1:colcon.colcon_core.package_discovery:discover_packages(recursive) check parameters
[0.595s] Level 1:colcon.colcon_core.package_discovery:discover_packages(ignore) check parameters
[0.595s] Level 1:colcon.colcon_core.package_discovery:discover_packages(path) check parameters
[0.595s] Level 1:colcon.colcon_core.package_discovery:discover_packages(colcon_meta) discover
[0.595s] Level 1:colcon.colcon_core.package_discovery:discover_packages(recursive) discover
[0.595s] INFO:colcon.colcon_core.package_discovery:Crawling recursively for packages in '/home/linux/ros2_ws'
[0.595s] Level 1:colcon.colcon_core.package_identification:_identify(.) by extensions ['ignore', 'ignore_ament_install']
[0.595s] Level 1:colcon.colcon_core.package_identification:_identify(.) by extension 'ignore'
[0.595s] Level 1:colcon.colcon_core.package_identification:_identify(.) by extension 'ignore_ament_install'
[0.595s] Level 1:colcon.colcon_core.package_identification:_identify(.) by extensions ['colcon_pkg']
[0.595s] Level 1:colcon.colcon_core.package_identification:_identify(.) by extension 'colcon_pkg'
[0.596s] Level 1:colcon.colcon_core.package_identification:_identify(.) by extensions ['colcon_meta']
[0.596s] Level 1:colcon.colcon_core.package_identification:_identify(.) by extension 'colcon_meta'
[0.596s] Level 1:colcon.colcon_core.package_identification:_identify(.) by extensions ['ros']
[0.596s] Level 1:colcon.colcon_core.package_identification:_identify(.) by extension 'ros'
[0.606s] Level 1:colcon.colcon_core.package_identification:_identify(.) by extensions ['cmake', 'python']
[0.606s] Level 1:colcon.colcon_core.package_identification:_identify(.) by extension 'cmake'
[0.606s] Level 1:colcon.colcon_core.package_identification:_identify(.) by extension 'python'
[0.607s] Level 1:colcon.colcon_core.package_identification:_identify(.) by extensions ['python_setup_py']
[0.607s] Level 1:colcon.colcon_core.package_identification:_identify(.) by extension 'python_setup_py'
[0.607s] Level 1:colcon.colcon_core.package_identification:_identify(build) by extensions ['ignore', 'ignore_ament_install']
[0.607s] Level 1:colcon.colcon_core.package_identification:_identify(build) by extension 'ignore'
[0.607s] Level 1:colcon.colcon_core.package_identification:_identify(build) ignored
[0.607s] Level 1:colcon.colcon_core.package_identification:_identify(install) by extensions ['ignore', 'ignore_ament_install']
[0.607s] Level 1:colcon.colcon_core.package_identification:_identify(install) by extension 'ignore'
[0.607s] Level 1:colcon.colcon_core.package_identification:_identify(install) ignored
[0.607s] Level 1:colcon.colcon_core.package_identification:_identify(log) by extensions ['ignore', 'ignore_ament_install']
[0.607s] Level 1:colcon.colcon_core.package_identification:_identify(log) by extension 'ignore'
[0.607s] Level 1:colcon.colcon_core.package_identification:_identify(log) ignored
[0.607s] Level 1:colcon.colcon_core.package_identification:_identify(src) by extensions ['ignore', 'ignore_ament_install']
[0.607s] Level 1:colcon.colcon_core.package_identification:_identify(src) by extension 'ignore'
[0.608s] Level 1:colcon.colcon_core.package_identification:_identify(src) by extension 'ignore_ament_install'
[0.608s] Level 1:colcon.colcon_core.package_identification:_identify(src) by extensions ['colcon_pkg']
[0.608s] Level 1:colcon.colcon_core.package_identification:_identify(src) by extension 'colcon_pkg'
[0.608s] Level 1:colcon.colcon_core.package_identification:_identify(src) by extensions ['colcon_meta']
[0.608s] Level 1:colcon.colcon_core.package_identification:_identify(src) by extension 'colcon_meta'
[0.608s] Level 1:colcon.colcon_core.package_identification:_identify(src) by extensions ['ros']
[0.608s] Level 1:colcon.colcon_core.package_identification:_identify(src) by extension 'ros'
[0.608s] Level 1:colcon.colcon_core.package_identification:_identify(src) by extensions ['cmake', 'python']
[0.608s] Level 1:colcon.colcon_core.package_identification:_identify(src) by extension 'cmake'
[0.608s] Level 1:colcon.colcon_core.package_identification:_identify(src) by extension 'python'
[0.608s] Level 1:colcon.colcon_core.package_identification:_identify(src) by extensions ['python_setup_py']
[0.608s] Level 1:colcon.colcon_core.package_identification:_identify(src) by extension 'python_setup_py'
[0.608s] Level 1:colcon.colcon_core.package_identification:_identify(src/psub1) by extensions ['ignore', 'ignore_ament_install']
[0.608s] Level 1:colcon.colcon_core.package_identification:_identify(src/psub1) by extension 'ignore'
[0.608s] Level 1:colcon.colcon_core.package_identification:_identify(src/psub1) by extension 'ignore_ament_install'
[0.608s] Level 1:colcon.colcon_core.package_identification:_identify(src/psub1) by extensions ['colcon_pkg']
[0.608s] Level 1:colcon.colcon_core.package_identification:_identify(src/psub1) by extension 'colcon_pkg'
[0.608s] Level 1:colcon.colcon_core.package_identification:_identify(src/psub1) by extensions ['colcon_meta']
[0.608s] Level 1:colcon.colcon_core.package_identification:_identify(src/psub1) by extension 'colcon_meta'
[0.608s] Level 1:colcon.colcon_core.package_identification:_identify(src/psub1) by extensions ['ros']
[0.608s] Level 1:colcon.colcon_core.package_identification:_identify(src/psub1) by extension 'ros'
[0.613s] DEBUG:colcon.colcon_core.package_identification:Package 'src/psub1' with type 'ros.ament_cmake' and name 'psub1'
[0.614s] Level 1:colcon.colcon_core.package_identification:_identify(src/pub1) by extensions ['ignore', 'ignore_ament_install']
[0.614s] Level 1:colcon.colcon_core.package_identification:_identify(src/pub1) by extension 'ignore'
[0.614s] Level 1:colcon.colcon_core.package_identification:_identify(src/pub1) by extension 'ignore_ament_install'
[0.614s] Level 1:colcon.colcon_core.package_identification:_identify(src/pub1) by extensions ['colcon_pkg']
[0.614s] Level 1:colcon.colcon_core.package_identification:_identify(src/pub1) by extension 'colcon_pkg'
[0.614s] Level 1:colcon.colcon_core.package_identification:_identify(src/pub1) by extensions ['colcon_meta']
[0.614s] Level 1:colcon.colcon_core.package_identification:_identify(src/pub1) by extension 'colcon_meta'
[0.614s] Level 1:colcon.colcon_core.package_identification:_identify(src/pub1) by extensions ['ros']
[0.614s] Level 1:colcon.colcon_core.package_identification:_identify(src/pub1) by extension 'ros'
[0.615s] DEBUG:colcon.colcon_core.package_identification:Package 'src/pub1' with type 'ros.ament_cmake' and name 'pub1'
[0.616s] Level 1:colcon.colcon_core.package_identification:_identify(src/pub1-1) by extensions ['ignore', 'ignore_ament_install']
[0.616s] Level 1:colcon.colcon_core.package_identification:_identify(src/pub1-1) by extension 'ignore'
[0.616s] Level 1:colcon.colcon_core.package_identification:_identify(src/pub1-1) by extension 'ignore_ament_install'
[0.616s] Level 1:colcon.colcon_core.package_identification:_identify(src/pub1-1) by extensions ['colcon_pkg']
[0.616s] Level 1:colcon.colcon_core.package_identification:_identify(src/pub1-1) by extension 'colcon_pkg'
[0.616s] Level 1:colcon.colcon_core.package_identification:_identify(src/pub1-1) by extensions ['colcon_meta']
[0.617s] Level 1:colcon.colcon_core.package_identification:_identify(src/pub1-1) by extension 'colcon_meta'
[0.617s] Level 1:colcon.colcon_core.package_identification:_identify(src/pub1-1) by extensions ['ros']
[0.617s] Level 1:colcon.colcon_core.package_identification:_identify(src/pub1-1) by extension 'ros'
[0.618s] DEBUG:colcon.colcon_core.package_identification:Package 'src/pub1-1' with type 'ros.catkin' and name 'pub1-1'
[0.619s] Level 1:colcon.colcon_core.package_identification:_identify(src/pub1-2) by extensions ['ignore', 'ignore_ament_install']
[0.619s] Level 1:colcon.colcon_core.package_identification:_identify(src/pub1-2) by extension 'ignore'
[0.619s] Level 1:colcon.colcon_core.package_identification:_identify(src/pub1-2) by extension 'ignore_ament_install'
[0.619s] Level 1:colcon.colcon_core.package_identification:_identify(src/pub1-2) by extensions ['colcon_pkg']
[0.619s] Level 1:colcon.colcon_core.package_identification:_identify(src/pub1-2) by extension 'colcon_pkg'
[0.619s] Level 1:colcon.colcon_core.package_identification:_identify(src/pub1-2) by extensions ['colcon_meta']
[0.619s] Level 1:colcon.colcon_core.package_identification:_identify(src/pub1-2) by extension 'colcon_meta'
[0.619s] Level 1:colcon.colcon_core.package_identification:_identify(src/pub1-2) by extensions ['ros']
[0.619s] Level 1:colcon.colcon_core.package_identification:_identify(src/pub1-2) by extension 'ros'
[0.621s] DEBUG:colcon.colcon_core.package_identification:Package 'src/pub1-2' with type 'ros.ament_cmake' and name 'pub1-2'
[0.621s] Level 1:colcon.colcon_core.package_identification:_identify(src/pub1-3) by extensions ['ignore', 'ignore_ament_install']
[0.622s] Level 1:colcon.colcon_core.package_identification:_identify(src/pub1-3) by extension 'ignore'
[0.622s] Level 1:colcon.colcon_core.package_identification:_identify(src/pub1-3) by extension 'ignore_ament_install'
[0.622s] Level 1:colcon.colcon_core.package_identification:_identify(src/pub1-3) by extensions ['colcon_pkg']
[0.622s] Level 1:colcon.colcon_core.package_identification:_identify(src/pub1-3) by extension 'colcon_pkg'
[0.622s] Level 1:colcon.colcon_core.package_identification:_identify(src/pub1-3) by extensions ['colcon_meta']
[0.622s] Level 1:colcon.colcon_core.package_identification:_identify(src/pub1-3) by extension 'colcon_meta'
[0.622s] Level 1:colcon.colcon_core.package_identification:_identify(src/pub1-3) by extensions ['ros']
[0.622s] Level 1:colcon.colcon_core.package_identification:_identify(src/pub1-3) by extension 'ros'
[0.623s] DEBUG:colcon.colcon_core.package_identification:Package 'src/pub1-3' with type 'ros.ament_cmake' and name 'pub1-3'
[0.624s] Level 1:colcon.colcon_core.package_identification:_identify(src/pub2) by extensions ['ignore', 'ignore_ament_install']
[0.624s] Level 1:colcon.colcon_core.package_identification:_identify(src/pub2) by extension 'ignore'
[0.624s] Level 1:colcon.colcon_core.package_identification:_identify(src/pub2) by extension 'ignore_ament_install'
[0.624s] Level 1:colcon.colcon_core.package_identification:_identify(src/pub2) by extensions ['colcon_pkg']
[0.624s] Level 1:colcon.colcon_core.package_identification:_identify(src/pub2) by extension 'colcon_pkg'
[0.624s] Level 1:colcon.colcon_core.package_identification:_identify(src/pub2) by extensions ['colcon_meta']
[0.624s] Level 1:colcon.colcon_core.package_identification:_identify(src/pub2) by extension 'colcon_meta'
[0.624s] Level 1:colcon.colcon_core.package_identification:_identify(src/pub2) by extensions ['ros']
[0.625s] Level 1:colcon.colcon_core.package_identification:_identify(src/pub2) by extension 'ros'
[0.626s] DEBUG:colcon.colcon_core.package_identification:Package 'src/pub2' with type 'ros.ament_cmake' and name 'pub2'
[0.627s] Level 1:colcon.colcon_core.package_identification:_identify(src/pub2-1) by extensions ['ignore', 'ignore_ament_install']
[0.627s] Level 1:colcon.colcon_core.package_identification:_identify(src/pub2-1) by extension 'ignore'
[0.627s] Level 1:colcon.colcon_core.package_identification:_identify(src/pub2-1) by extension 'ignore_ament_install'
[0.627s] Level 1:colcon.colcon_core.package_identification:_identify(src/pub2-1) by extensions ['colcon_pkg']
[0.627s] Level 1:colcon.colcon_core.package_identification:_identify(src/pub2-1) by extension 'colcon_pkg'
[0.627s] Level 1:colcon.colcon_core.package_identification:_identify(src/pub2-1) by extensions ['colcon_meta']
[0.627s] Level 1:colcon.colcon_core.package_identification:_identify(src/pub2-1) by extension 'colcon_meta'
[0.627s] Level 1:colcon.colcon_core.package_identification:_identify(src/pub2-1) by extensions ['ros']
[0.627s] Level 1:colcon.colcon_core.package_identification:_identify(src/pub2-1) by extension 'ros'
[0.628s] DEBUG:colcon.colcon_core.package_identification:Package 'src/pub2-1' with type 'ros.ament_cmake' and name 'pub2-1'
[0.629s] Level 1:colcon.colcon_core.package_identification:_identify(src/pub2-2) by extensions ['ignore', 'ignore_ament_install']
[0.629s] Level 1:colcon.colcon_core.package_identification:_identify(src/pub2-2) by extension 'ignore'
[0.629s] Level 1:colcon.colcon_core.package_identification:_identify(src/pub2-2) by extension 'ignore_ament_install'
[0.630s] Level 1:colcon.colcon_core.package_identification:_identify(src/pub2-2) by extensions ['colcon_pkg']
[0.630s] Level 1:colcon.colcon_core.package_identification:_identify(src/pub2-2) by extension 'colcon_pkg'
[0.630s] Level 1:colcon.colcon_core.package_identification:_identify(src/pub2-2) by extensions ['colcon_meta']
[0.630s] Level 1:colcon.colcon_core.package_identification:_identify(src/pub2-2) by extension 'colcon_meta'
[0.630s] Level 1:colcon.colcon_core.package_identification:_identify(src/pub2-2) by extensions ['ros']
[0.630s] Level 1:colcon.colcon_core.package_identification:_identify(src/pub2-2) by extension 'ros'
[0.631s] DEBUG:colcon.colcon_core.package_identification:Package 'src/pub2-2' with type 'ros.ament_cmake' and name 'pub2-2'
[0.632s] Level 1:colcon.colcon_core.package_identification:_identify(src/pub2-3) by extensions ['ignore', 'ignore_ament_install']
[0.632s] Level 1:colcon.colcon_core.package_identification:_identify(src/pub2-3) by extension 'ignore'
[0.632s] Level 1:colcon.colcon_core.package_identification:_identify(src/pub2-3) by extension 'ignore_ament_install'
[0.632s] Level 1:colcon.colcon_core.package_identification:_identify(src/pub2-3) by extensions ['colcon_pkg']
[0.632s] Level 1:colcon.colcon_core.package_identification:_identify(src/pub2-3) by extension 'colcon_pkg'
[0.632s] Level 1:colcon.colcon_core.package_identification:_identify(src/pub2-3) by extensions ['colcon_meta']
[0.632s] Level 1:colcon.colcon_core.package_identification:_identify(src/pub2-3) by extension 'colcon_meta'
[0.632s] Level 1:colcon.colcon_core.package_identification:_identify(src/pub2-3) by extensions ['ros']
[0.632s] Level 1:colcon.colcon_core.package_identification:_identify(src/pub2-3) by extension 'ros'
[0.633s] DEBUG:colcon.colcon_core.package_identification:Package 'src/pub2-3' with type 'ros.ament_cmake' and name 'pub2-3'
[0.634s] Level 1:colcon.colcon_core.package_identification:_identify(src/pub2_3) by extensions ['ignore', 'ignore_ament_install']
[0.634s] Level 1:colcon.colcon_core.package_identification:_identify(src/pub2_3) by extension 'ignore'
[0.634s] Level 1:colcon.colcon_core.package_identification:_identify(src/pub2_3) by extension 'ignore_ament_install'
[0.634s] Level 1:colcon.colcon_core.package_identification:_identify(src/pub2_3) by extensions ['colcon_pkg']
[0.635s] Level 1:colcon.colcon_core.package_identification:_identify(src/pub2_3) by extension 'colcon_pkg'
[0.635s] Level 1:colcon.colcon_core.package_identification:_identify(src/pub2_3) by extensions ['colcon_meta']
[0.635s] Level 1:colcon.colcon_core.package_identification:_identify(src/pub2_3) by extension 'colcon_meta'
[0.635s] Level 1:colcon.colcon_core.package_identification:_identify(src/pub2_3) by extensions ['ros']
[0.635s] Level 1:colcon.colcon_core.package_identification:_identify(src/pub2_3) by extension 'ros'
[0.636s] DEBUG:colcon.colcon_core.package_identification:Package 'src/pub2_3' with type 'ros.ament_cmake' and name 'pub2_3'
[0.636s] Level 1:colcon.colcon_core.package_discovery:discover_packages(recursive) using defaults
[0.636s] Level 1:colcon.colcon_core.package_discovery:discover_packages(ignore) discover
[0.636s] Level 1:colcon.colcon_core.package_discovery:discover_packages(ignore) using defaults
[0.636s] Level 1:colcon.colcon_core.package_discovery:discover_packages(path) discover
[0.636s] Level 1:colcon.colcon_core.package_discovery:discover_packages(path) using defaults
[0.674s] INFO:colcon.colcon_core.package_selection:Skipping not selected package 'pub1' in 'src/pub1'
[0.674s] INFO:colcon.colcon_core.package_selection:Skipping not selected package 'pub1-1' in 'src/pub1-1'
[0.674s] INFO:colcon.colcon_core.package_selection:Skipping not selected package 'pub1-2' in 'src/pub1-2'
[0.674s] INFO:colcon.colcon_core.package_selection:Skipping not selected package 'pub1-3' in 'src/pub1-3'
[0.674s] INFO:colcon.colcon_core.package_selection:Skipping not selected package 'pub2' in 'src/pub2'
[0.674s] INFO:colcon.colcon_core.package_selection:Skipping not selected package 'pub2-1' in 'src/pub2-1'
[0.674s] INFO:colcon.colcon_core.package_selection:Skipping not selected package 'pub2-2' in 'src/pub2-2'
[0.674s] INFO:colcon.colcon_core.package_selection:Skipping not selected package 'pub2-3' in 'src/pub2-3'
[0.674s] INFO:colcon.colcon_core.package_selection:Skipping not selected package 'pub2_3' in 'src/pub2_3'
[0.675s] Level 1:colcon.colcon_core.package_discovery:discover_packages(prefix_path) check parameters
[0.675s] Level 1:colcon.colcon_core.package_discovery:discover_packages(prefix_path) discover
[0.680s] DEBUG:colcon.colcon_installed_package_information.package_discovery:Found 9 installed packages in /home/linux/ros2_ws/install
[0.681s] DEBUG:colcon.colcon_installed_package_information.package_discovery:Found 258 installed packages in /opt/ros/foxy
[0.682s] Level 1:colcon.colcon_core.package_discovery:discover_packages(prefix_path) using defaults
[0.767s] Level 5:colcon.colcon_core.verb:set package 'psub1' build argument 'cmake_args' from command line to 'None'
[0.767s] Level 5:colcon.colcon_core.verb:set package 'psub1' build argument 'cmake_target' from command line to 'None'
[0.767s] Level 5:colcon.colcon_core.verb:set package 'psub1' build argument 'cmake_target_skip_unavailable' from command line to 'False'
[0.768s] Level 5:colcon.colcon_core.verb:set package 'psub1' build argument 'cmake_clean_cache' from command line to 'False'
[0.768s] Level 5:colcon.colcon_core.verb:set package 'psub1' build argument 'cmake_clean_first' from command line to 'False'
[0.768s] Level 5:colcon.colcon_core.verb:set package 'psub1' build argument 'cmake_force_configure' from command line to 'False'
[0.768s] Level 5:colcon.colcon_core.verb:set package 'psub1' build argument 'ament_cmake_args' from command line to 'None'
[0.768s] Level 5:colcon.colcon_core.verb:set package 'psub1' build argument 'catkin_cmake_args' from command line to 'None'
[0.768s] Level 5:colcon.colcon_core.verb:set package 'psub1' build argument 'catkin_skip_building_tests' from command line to 'False'
[0.768s] DEBUG:colcon.colcon_core.verb:Building package 'psub1' with the following arguments: {'ament_cmake_args': None, 'build_base': '/home/linux/ros2_ws/build/psub1', 'catkin_cmake_args': None, 'catkin_skip_building_tests': False, 'cmake_args': None, 'cmake_clean_cache': False, 'cmake_clean_first': False, 'cmake_force_configure': False, 'cmake_target': None, 'cmake_target_skip_unavailable': False, 'install_base': '/home/linux/ros2_ws/install/psub1', 'merge_install': False, 'path': '/home/linux/ros2_ws/src/psub1', 'symlink_install': True, 'test_result_base': None}
[0.768s] INFO:colcon.colcon_core.executor:Executing jobs using 'parallel' executor
[0.769s] DEBUG:colcon.colcon_parallel_executor.executor.parallel:run_until_complete
[0.769s] INFO:colcon.colcon_ros.task.ament_cmake.build:Building ROS package in '/home/linux/ros2_ws/src/psub1' with build type 'ament_cmake'
[0.769s] INFO:colcon.colcon_cmake.task.cmake.build:Building CMake package in '/home/linux/ros2_ws/src/psub1'
[0.776s] INFO:colcon.colcon_core.plugin_system:Skipping extension 'colcon_core.shell.bat': Not used on non-Windows systems
[0.776s] INFO:colcon.colcon_core.shell:Skip shell extension 'powershell' for command environment: Not usable outside of PowerShell
[0.776s] DEBUG:colcon.colcon_core.shell:Skip shell extension 'dsv' for command environment
[0.788s] DEBUG:colcon.colcon_core.event_handler.log_command:Invoking command in '/home/linux/ros2_ws/build/psub1': CMAKE_PREFIX_PATH=/home/linux/ros2_ws/install/pub2_3:/home/linux/ros2_ws/install/pub2-3:/home/linux/ros2_ws/install/pub2-2:/home/linux/ros2_ws/install/pub2-1:/home/linux/ros2_ws/install/pub2:/home/linux/ros2_ws/install/pub1-3:/home/linux/ros2_ws/install/pub1-2:/opt/ros/foxy:/home/linux/ros2_ws/install/pub1-1:/home/linux/ros2_ws/install/pub1 /usr/bin/cmake /home/linux/ros2_ws/src/psub1 -DAMENT_CMAKE_SYMLINK_INSTALL=1 -DCMAKE_INSTALL_PREFIX=/home/linux/ros2_ws/install/psub1
[8.658s] DEBUG:colcon.colcon_core.event_handler.log_command:Invoked command in '/home/linux/ros2_ws/build/psub1' returned '0': CMAKE_PREFIX_PATH=/home/linux/ros2_ws/install/pub2_3:/home/linux/ros2_ws/install/pub2-3:/home/linux/ros2_ws/install/pub2-2:/home/linux/ros2_ws/install/pub2-1:/home/linux/ros2_ws/install/pub2:/home/linux/ros2_ws/install/pub1-3:/home/linux/ros2_ws/install/pub1-2:/opt/ros/foxy:/home/linux/ros2_ws/install/pub1-1:/home/linux/ros2_ws/install/pub1 /usr/bin/cmake /home/linux/ros2_ws/src/psub1 -DAMENT_CMAKE_SYMLINK_INSTALL=1 -DCMAKE_INSTALL_PREFIX=/home/linux/ros2_ws/install/psub1
[8.658s] DEBUG:colcon.colcon_core.event_handler.log_command:Invoking command in '/home/linux/ros2_ws/build/psub1': CMAKE_PREFIX_PATH=/home/linux/ros2_ws/install/pub2_3:/home/linux/ros2_ws/install/pub2-3:/home/linux/ros2_ws/install/pub2-2:/home/linux/ros2_ws/install/pub2-1:/home/linux/ros2_ws/install/pub2:/home/linux/ros2_ws/install/pub1-3:/home/linux/ros2_ws/install/pub1-2:/opt/ros/foxy:/home/linux/ros2_ws/install/pub1-1:/home/linux/ros2_ws/install/pub1 /usr/bin/cmake --build /home/linux/ros2_ws/build/psub1 -- -j6 -l6
[13.670s] DEBUG:colcon.colcon_core.event_handler.log_command:Invoked command in '/home/linux/ros2_ws/build/psub1' returned '0': CMAKE_PREFIX_PATH=/home/linux/ros2_ws/install/pub2_3:/home/linux/ros2_ws/install/pub2-3:/home/linux/ros2_ws/install/pub2-2:/home/linux/ros2_ws/install/pub2-1:/home/linux/ros2_ws/install/pub2:/home/linux/ros2_ws/install/pub1-3:/home/linux/ros2_ws/install/pub1-2:/opt/ros/foxy:/home/linux/ros2_ws/install/pub1-1:/home/linux/ros2_ws/install/pub1 /usr/bin/cmake --build /home/linux/ros2_ws/build/psub1 -- -j6 -l6
[13.682s] DEBUG:colcon.colcon_core.event_handler.log_command:Invoking command in '/home/linux/ros2_ws/build/psub1': CMAKE_PREFIX_PATH=/home/linux/ros2_ws/install/pub2_3:/home/linux/ros2_ws/install/pub2-3:/home/linux/ros2_ws/install/pub2-2:/home/linux/ros2_ws/install/pub2-1:/home/linux/ros2_ws/install/pub2:/home/linux/ros2_ws/install/pub1-3:/home/linux/ros2_ws/install/pub1-2:/opt/ros/foxy:/home/linux/ros2_ws/install/pub1-1:/home/linux/ros2_ws/install/pub1 /usr/bin/cmake --install /home/linux/ros2_ws/build/psub1
[13.835s] Level 1:colcon.colcon_core.environment:create_environment_scripts_only(psub1)
[13.836s] DEBUG:colcon.colcon_core.event_handler.log_command:Invoked command in '/home/linux/ros2_ws/build/psub1' returned '0': CMAKE_PREFIX_PATH=/home/linux/ros2_ws/install/pub2_3:/home/linux/ros2_ws/install/pub2-3:/home/linux/ros2_ws/install/pub2-2:/home/linux/ros2_ws/install/pub2-1:/home/linux/ros2_ws/install/pub2:/home/linux/ros2_ws/install/pub1-3:/home/linux/ros2_ws/install/pub1-2:/opt/ros/foxy:/home/linux/ros2_ws/install/pub1-1:/home/linux/ros2_ws/install/pub1 /usr/bin/cmake --install /home/linux/ros2_ws/build/psub1
[13.858s] Level 1:colcon.colcon_core.environment:checking '/home/linux/ros2_ws/install/psub1' for CMake module files
[13.858s] Level 1:colcon.colcon_core.environment:checking '/home/linux/ros2_ws/install/psub1' for CMake config files
[13.858s] Level 1:colcon.colcon_core.shell:create_environment_hook('psub1', 'cmake_prefix_path')
[13.859s] INFO:colcon.colcon_core.shell:Creating environment hook '/home/linux/ros2_ws/install/psub1/share/psub1/hook/cmake_prefix_path.ps1'
[13.861s] INFO:colcon.colcon_core.shell:Creating environment descriptor '/home/linux/ros2_ws/install/psub1/share/psub1/hook/cmake_prefix_path.dsv'
[13.862s] INFO:colcon.colcon_core.shell:Creating environment hook '/home/linux/ros2_ws/install/psub1/share/psub1/hook/cmake_prefix_path.sh'
[13.863s] Level 1:colcon.colcon_core.environment:checking '/home/linux/ros2_ws/install/psub1/lib'
[13.864s] Level 1:colcon.colcon_core.environment:checking '/home/linux/ros2_ws/install/psub1/bin'
[13.864s] Level 1:colcon.colcon_core.environment:checking '/home/linux/ros2_ws/install/psub1/lib/pkgconfig/psub1.pc'
[13.864s] Level 1:colcon.colcon_core.environment:checking '/home/linux/ros2_ws/install/psub1/lib/python3.8/site-packages'
[13.864s] Level 1:colcon.colcon_core.environment:checking '/home/linux/ros2_ws/install/psub1/bin'
[13.864s] INFO:colcon.colcon_core.shell:Creating package script '/home/linux/ros2_ws/install/psub1/share/psub1/package.ps1'
[13.866s] INFO:colcon.colcon_core.shell:Creating package descriptor '/home/linux/ros2_ws/install/psub1/share/psub1/package.dsv'
[13.867s] INFO:colcon.colcon_core.shell:Creating package script '/home/linux/ros2_ws/install/psub1/share/psub1/package.sh'
[13.869s] INFO:colcon.colcon_core.shell:Creating package script '/home/linux/ros2_ws/install/psub1/share/psub1/package.bash'
[13.871s] INFO:colcon.colcon_core.shell:Creating package script '/home/linux/ros2_ws/install/psub1/share/psub1/package.zsh'
[13.873s] Level 1:colcon.colcon_core.environment:create_file_with_runtime_dependencies(/home/linux/ros2_ws/install/psub1/share/colcon-core/packages/psub1)
[13.874s] Level 1:colcon.colcon_core.environment:create_environment_scripts_only(psub1)
[13.874s] Level 1:colcon.colcon_core.environment:checking '/home/linux/ros2_ws/install/psub1' for CMake module files
[13.875s] Level 1:colcon.colcon_core.environment:checking '/home/linux/ros2_ws/install/psub1' for CMake config files
[13.875s] Level 1:colcon.colcon_core.shell:create_environment_hook('psub1', 'cmake_prefix_path')
[13.875s] INFO:colcon.colcon_core.shell:Creating environment hook '/home/linux/ros2_ws/install/psub1/share/psub1/hook/cmake_prefix_path.ps1'
[13.876s] INFO:colcon.colcon_core.shell:Creating environment descriptor '/home/linux/ros2_ws/install/psub1/share/psub1/hook/cmake_prefix_path.dsv'
[13.876s] INFO:colcon.colcon_core.shell:Creating environment hook '/home/linux/ros2_ws/install/psub1/share/psub1/hook/cmake_prefix_path.sh'
[13.876s] Level 1:colcon.colcon_core.environment:checking '/home/linux/ros2_ws/install/psub1/lib'
[13.877s] Level 1:colcon.colcon_core.environment:checking '/home/linux/ros2_ws/install/psub1/bin'
[13.877s] Level 1:colcon.colcon_core.environment:checking '/home/linux/ros2_ws/install/psub1/lib/pkgconfig/psub1.pc'
[13.877s] Level 1:colcon.colcon_core.environment:checking '/home/linux/ros2_ws/install/psub1/lib/python3.8/site-packages'
[13.877s] Level 1:colcon.colcon_core.environment:checking '/home/linux/ros2_ws/install/psub1/bin'
[13.877s] INFO:colcon.colcon_core.shell:Creating package script '/home/linux/ros2_ws/install/psub1/share/psub1/package.ps1'
[13.878s] INFO:colcon.colcon_core.shell:Creating package descriptor '/home/linux/ros2_ws/install/psub1/share/psub1/package.dsv'
[13.878s] INFO:colcon.colcon_core.shell:Creating package script '/home/linux/ros2_ws/install/psub1/share/psub1/package.sh'
[13.878s] INFO:colcon.colcon_core.shell:Creating package script '/home/linux/ros2_ws/install/psub1/share/psub1/package.bash'
[13.879s] INFO:colcon.colcon_core.shell:Creating package script '/home/linux/ros2_ws/install/psub1/share/psub1/package.zsh'
[13.879s] Level 1:colcon.colcon_core.environment:create_file_with_runtime_dependencies(/home/linux/ros2_ws/install/psub1/share/colcon-core/packages/psub1)
[13.880s] DEBUG:colcon.colcon_parallel_executor.executor.parallel:closing loop
[13.880s] DEBUG:colcon.colcon_parallel_executor.executor.parallel:loop closed
[13.880s] DEBUG:colcon.colcon_parallel_executor.executor.parallel:run_until_complete finished with '0'
[13.880s] DEBUG:colcon.colcon_core.event_reactor:joining thread
[13.944s] INFO:colcon.colcon_core.plugin_system:Skipping extension 'colcon_notification.desktop_notification.notify_send': Could not find 'notify-send'
[13.944s] INFO:colcon.colcon_core.plugin_system:Skipping extension 'colcon_notification.desktop_notification.terminal_notifier': Not used on non-Darwin systems
[13.944s] INFO:colcon.colcon_core.plugin_system:Skipping extension 'colcon_notification.desktop_notification.win32': Not used on non-Windows systems
[13.944s] INFO:colcon.colcon_notification.desktop_notification:Sending desktop notification using 'notify2'
[13.949s] DEBUG:colcon.colcon_notification.desktop_notification.notify2:Failed to initialize notify2: org.freedesktop.DBus.Error.ServiceUnknown: The name org.freedesktop.Notifications was not provided by any .service files
[13.950s] DEBUG:colcon.colcon_core.event_reactor:joined thread
[13.950s] INFO:colcon.colcon_core.shell:Creating prefix script '/home/linux/ros2_ws/install/local_setup.ps1'
[13.951s] INFO:colcon.colcon_core.shell:Creating prefix util module '/home/linux/ros2_ws/install/_local_setup_util_ps1.py'
[13.953s] INFO:colcon.colcon_core.shell:Creating prefix chain script '/home/linux/ros2_ws/install/setup.ps1'
[13.955s] INFO:colcon.colcon_core.shell:Creating prefix script '/home/linux/ros2_ws/install/local_setup.sh'
[13.956s] INFO:colcon.colcon_core.shell:Creating prefix util module '/home/linux/ros2_ws/install/_local_setup_util_sh.py'
[13.957s] INFO:colcon.colcon_core.shell:Creating prefix chain script '/home/linux/ros2_ws/install/setup.sh'
[13.958s] INFO:colcon.colcon_core.shell:Creating prefix script '/home/linux/ros2_ws/install/local_setup.bash'
[13.959s] INFO:colcon.colcon_core.shell:Creating prefix chain script '/home/linux/ros2_ws/install/setup.bash'
[13.961s] INFO:colcon.colcon_core.shell:Creating prefix script '/home/linux/ros2_ws/install/local_setup.zsh'
[13.962s] INFO:colcon.colcon_core.shell:Creating prefix chain script '/home/linux/ros2_ws/install/setup.zsh'
