[0.019s] Invoking command in '/home/linux/ros2_ws/build/pub2': CMAKE_PREFIX_PATH=/home/linux/ros2_ws/install/pub2_3:/home/linux/ros2_ws/install/pub1-3:/home/linux/ros2_ws/install/pub1-2:/opt/ros/foxy:/home/linux/ros2_ws/install/pub1-1:/home/linux/ros2_ws/install/pub1 /usr/bin/cmake /home/linux/ros2_ws/src/pub2 -DAMENT_CMAKE_SYMLINK_INSTALL=1 -DCMAKE_INSTALL_PREFIX=/home/linux/ros2_ws/install/pub2
[0.406s] -- The C compiler identification is GNU 9.4.0
[0.792s] -- The CXX compiler identification is GNU 9.4.0
[0.936s] -- Check for working C compiler: /usr/bin/cc
[1.089s] -- Check for working C compiler: /usr/bin/cc -- works
[1.092s] -- Detecting C compiler ABI info
[1.253s] -- Detecting C compiler ABI info - done
[1.264s] -- Detecting C compile features
[1.265s] -- Detecting C compile features - done
[1.270s] -- Check for working CXX compiler: /usr/bin/c++
[1.443s] -- Check for working CXX compiler: /usr/bin/c++ -- works
[1.443s] -- Detecting CXX compiler ABI info
[1.617s] -- Detecting CXX compiler ABI info - done
[1.628s] -- Detecting CXX compile features
[1.628s] -- Detecting CXX compile features - done
[1.637s] -- Found ament_cmake: 0.9.12 (/opt/ros/foxy/share/ament_cmake/cmake)
[1.666s] -- Found PythonInterp: /usr/bin/python3 (found suitable version "3.8.10", minimum required is "3") 
[1.666s] -- Using PYTHON_EXECUTABLE: /usr/bin/python3
[1.841s] -- Override CMake install command with custom implementation using symlinks instead of copying resources
[1.889s] -- Found rclcpp: 2.4.3 (/opt/ros/foxy/share/rclcpp/cmake)
[2.099s] -- Using all available rosidl_typesupport_c: rosidl_typesupport_fastrtps_c;rosidl_typesupport_introspection_c
[2.112s] -- Found rosidl_adapter: 1.3.1 (/opt/ros/foxy/share/rosidl_adapter/cmake)
[3.248s] -- Found OpenSSL: /usr/lib/x86_64-linux-gnu/libcrypto.so (found version "1.1.1f")  
[4.407s] -- Found FastRTPS: /opt/ros/foxy/include  
[6.482s] -- Using all available rosidl_typesupport_cpp: rosidl_typesupport_fastrtps_cpp;rosidl_typesupport_introspection_cpp
[6.577s] -- Found rmw_implementation_cmake: 1.0.4 (/opt/ros/foxy/share/rmw_implementation_cmake/cmake)
[6.580s] -- Using RMW implementation 'rmw_fastrtps_cpp' as default
[6.583s] -- Looking for pthread.h
[6.761s] -- Looking for pthread.h - found
[6.761s] -- Performing Test CMAKE_HAVE_LIBC_PTHREAD
[6.927s] -- Performing Test CMAKE_HAVE_LIBC_PTHREAD - Failed
[6.927s] -- Looking for pthread_create in pthreads
[7.060s] -- Looking for pthread_create in pthreads - not found
[7.060s] -- Looking for pthread_create in pthread
[7.218s] -- Looking for pthread_create in pthread - found
[7.219s] -- Found Threads: TRUE  
[7.484s] -- Configuring done
[7.492s] -- Generating done
[7.495s] -- Build files have been written to: /home/linux/ros2_ws/build/pub2
[7.505s] Invoked command in '/home/linux/ros2_ws/build/pub2' returned '0': CMAKE_PREFIX_PATH=/home/linux/ros2_ws/install/pub2_3:/home/linux/ros2_ws/install/pub1-3:/home/linux/ros2_ws/install/pub1-2:/opt/ros/foxy:/home/linux/ros2_ws/install/pub1-1:/home/linux/ros2_ws/install/pub1 /usr/bin/cmake /home/linux/ros2_ws/src/pub2 -DAMENT_CMAKE_SYMLINK_INSTALL=1 -DCMAKE_INSTALL_PREFIX=/home/linux/ros2_ws/install/pub2
[7.506s] Invoking command in '/home/linux/ros2_ws/build/pub2': CMAKE_PREFIX_PATH=/home/linux/ros2_ws/install/pub2_3:/home/linux/ros2_ws/install/pub1-3:/home/linux/ros2_ws/install/pub1-2:/opt/ros/foxy:/home/linux/ros2_ws/install/pub1-1:/home/linux/ros2_ws/install/pub1 /usr/bin/cmake --build /home/linux/ros2_ws/build/pub2 -- -j6 -l6
[7.544s] [35m[1mScanning dependencies of target pub2[0m
[7.677s] [ 50%] [32mBuilding CXX object CMakeFiles/pub2.dir/src/pub.cpp.o[0m
[10.600s] [100%] [32m[1mLinking CXX executable pub2[0m
[10.884s] [100%] Built target pub2
[10.896s] Invoked command in '/home/linux/ros2_ws/build/pub2' returned '0': CMAKE_PREFIX_PATH=/home/linux/ros2_ws/install/pub2_3:/home/linux/ros2_ws/install/pub1-3:/home/linux/ros2_ws/install/pub1-2:/opt/ros/foxy:/home/linux/ros2_ws/install/pub1-1:/home/linux/ros2_ws/install/pub1 /usr/bin/cmake --build /home/linux/ros2_ws/build/pub2 -- -j6 -l6
[10.908s] Invoking command in '/home/linux/ros2_ws/build/pub2': CMAKE_PREFIX_PATH=/home/linux/ros2_ws/install/pub2_3:/home/linux/ros2_ws/install/pub1-3:/home/linux/ros2_ws/install/pub1-2:/opt/ros/foxy:/home/linux/ros2_ws/install/pub1-1:/home/linux/ros2_ws/install/pub1 /usr/bin/cmake --install /home/linux/ros2_ws/build/pub2
[10.916s] -- Install configuration: ""
[10.916s] -- Execute custom install script
[10.917s] -- Symlinking: /home/linux/ros2_ws/install/pub2/lib/pub2/pub2
[10.927s] -- Symlinking: /home/linux/ros2_ws/install/pub2/share/ament_index/resource_index/package_run_dependencies/pub2
[10.936s] -- Symlinking: /home/linux/ros2_ws/install/pub2/share/ament_index/resource_index/parent_prefix_path/pub2
[10.945s] -- Symlinking: /home/linux/ros2_ws/install/pub2/share/pub2/environment/ament_prefix_path.sh
[10.955s] -- Symlinking: /home/linux/ros2_ws/install/pub2/share/pub2/environment/ament_prefix_path.dsv
[10.964s] -- Symlinking: /home/linux/ros2_ws/install/pub2/share/pub2/environment/path.sh
[10.972s] -- Symlinking: /home/linux/ros2_ws/install/pub2/share/pub2/environment/path.dsv
[10.981s] -- Symlinking: /home/linux/ros2_ws/install/pub2/share/pub2/local_setup.bash
[10.990s] -- Symlinking: /home/linux/ros2_ws/install/pub2/share/pub2/local_setup.sh
[10.999s] -- Symlinking: /home/linux/ros2_ws/install/pub2/share/pub2/local_setup.zsh
[11.007s] -- Symlinking: /home/linux/ros2_ws/install/pub2/share/pub2/local_setup.dsv
[11.016s] -- Symlinking: /home/linux/ros2_ws/install/pub2/share/pub2/package.dsv
[11.025s] -- Symlinking: /home/linux/ros2_ws/install/pub2/share/ament_index/resource_index/packages/pub2
[11.034s] -- Symlinking: /home/linux/ros2_ws/install/pub2/share/pub2/cmake/pub2Config.cmake
[11.043s] -- Symlinking: /home/linux/ros2_ws/install/pub2/share/pub2/cmake/pub2Config-version.cmake
[11.052s] -- Symlinking: /home/linux/ros2_ws/install/pub2/share/pub2/package.xml
[11.063s] Invoked command in '/home/linux/ros2_ws/build/pub2' returned '0': CMAKE_PREFIX_PATH=/home/linux/ros2_ws/install/pub2_3:/home/linux/ros2_ws/install/pub1-3:/home/linux/ros2_ws/install/pub1-2:/opt/ros/foxy:/home/linux/ros2_ws/install/pub1-1:/home/linux/ros2_ws/install/pub1 /usr/bin/cmake --install /home/linux/ros2_ws/build/pub2
