[0.018s] Invoking command in '/home/linux/ros2_ws/build/pub2_3': CMAKE_PREFIX_PATH=/home/linux/ros2_ws/install/pub1-3:/home/linux/ros2_ws/install/pub1-2:/opt/ros/foxy:/home/linux/ros2_ws/install/pub1-1:/home/linux/ros2_ws/install/pub1 /usr/bin/cmake /home/linux/ros2_ws/src/pub2_3 -DCMAKE_INSTALL_PREFIX=/home/linux/ros2_ws/install/pub2_3
[0.431s] -- The C compiler identification is GNU 9.4.0
[0.834s] -- The CXX compiler identification is GNU 9.4.0
[0.959s] -- Check for working C compiler: /usr/bin/cc
[1.128s] -- Check for working C compiler: /usr/bin/cc -- works
[1.130s] -- Detecting C compiler ABI info
[1.294s] -- Detecting C compiler ABI info - done
[1.305s] -- Detecting C compile features
[1.306s] -- Detecting C compile features - done
[1.311s] -- Check for working CXX compiler: /usr/bin/c++
[1.482s] -- Check for working CXX compiler: /usr/bin/c++ -- works
[1.483s] -- Detecting CXX compiler ABI info
[1.643s] -- Detecting CXX compiler ABI info - done
[1.654s] -- Detecting CXX compile features
[1.655s] -- Detecting CXX compile features - done
[1.664s] -- Found ament_cmake: 0.9.12 (/opt/ros/foxy/share/ament_cmake/cmake)
[1.695s] -- Found PythonInterp: /usr/bin/python3 (found suitable version "3.8.10", minimum required is "3") 
[1.695s] -- Using PYTHON_EXECUTABLE: /usr/bin/python3
[1.923s] -- Found rclcpp: 2.4.3 (/opt/ros/foxy/share/rclcpp/cmake)
[2.123s] -- Using all available rosidl_typesupport_c: rosidl_typesupport_fastrtps_c;rosidl_typesupport_introspection_c
[2.137s] -- Found rosidl_adapter: 1.3.1 (/opt/ros/foxy/share/rosidl_adapter/cmake)
[3.132s] -- Found OpenSSL: /usr/lib/x86_64-linux-gnu/libcrypto.so (found version "1.1.1f")  
[4.338s] -- Found FastRTPS: /opt/ros/foxy/include  
[6.514s] -- Using all available rosidl_typesupport_cpp: rosidl_typesupport_fastrtps_cpp;rosidl_typesupport_introspection_cpp
[6.683s] -- Found rmw_implementation_cmake: 1.0.4 (/opt/ros/foxy/share/rmw_implementation_cmake/cmake)
[6.688s] -- Using RMW implementation 'rmw_fastrtps_cpp' as default
[6.691s] -- Looking for pthread.h
[6.908s] -- Looking for pthread.h - found
[6.909s] -- Performing Test CMAKE_HAVE_LIBC_PTHREAD
[7.096s] -- Performing Test CMAKE_HAVE_LIBC_PTHREAD - Failed
[7.096s] -- Looking for pthread_create in pthreads
[7.252s] -- Looking for pthread_create in pthreads - not found
[7.252s] -- Looking for pthread_create in pthread
[7.420s] -- Looking for pthread_create in pthread - found
[7.421s] -- Found Threads: TRUE  
[7.626s] -- Found geometry_msgs: 2.0.5 (/opt/ros/foxy/share/geometry_msgs/cmake)
[7.672s] -- Found ament_lint_auto: 0.9.8 (/opt/ros/foxy/share/ament_lint_auto/cmake)
[7.775s] -- Added test 'copyright' to check source files copyright and LICENSE
[7.778s] -- Added test 'cppcheck' to perform static code analysis on C / C++ code
[7.778s] -- Configured cppcheck include dirs: 
[7.778s] -- Configured cppcheck exclude dirs and/or files: 
[7.779s] -- Added test 'cpplint' to check C / C++ code against the Google style
[7.779s] -- Configured cpplint exclude dirs and/or files: 
[7.781s] -- Added test 'lint_cmake' to check CMake code style
[7.783s] -- Added test 'uncrustify' to check C / C++ code style
[7.783s] -- Configured uncrustify additional arguments: 
[7.784s] -- Added test 'xmllint' to check XML markup files
[7.789s] -- Configuring done
[7.797s] -- Generating done
[7.800s] -- Build files have been written to: /home/linux/ros2_ws/build/pub2_3
[7.806s] Invoked command in '/home/linux/ros2_ws/build/pub2_3' returned '0': CMAKE_PREFIX_PATH=/home/linux/ros2_ws/install/pub1-3:/home/linux/ros2_ws/install/pub1-2:/opt/ros/foxy:/home/linux/ros2_ws/install/pub1-1:/home/linux/ros2_ws/install/pub1 /usr/bin/cmake /home/linux/ros2_ws/src/pub2_3 -DCMAKE_INSTALL_PREFIX=/home/linux/ros2_ws/install/pub2_3
[7.809s] Invoking command in '/home/linux/ros2_ws/build/pub2_3': CMAKE_PREFIX_PATH=/home/linux/ros2_ws/install/pub1-3:/home/linux/ros2_ws/install/pub1-2:/opt/ros/foxy:/home/linux/ros2_ws/install/pub1-1:/home/linux/ros2_ws/install/pub1 /usr/bin/cmake --build /home/linux/ros2_ws/build/pub2_3 -- -j6 -l6
[7.848s] [35m[1mScanning dependencies of target pub_node[0m
[7.983s] [ 50%] [32mBuilding CXX object CMakeFiles/pub_node.dir/src/pub_node.cpp.o[0m
[11.046s] [100%] [32m[1mLinking CXX executable pub_node[0m
[11.400s] [100%] Built target pub_node
[11.411s] Invoked command in '/home/linux/ros2_ws/build/pub2_3' returned '0': CMAKE_PREFIX_PATH=/home/linux/ros2_ws/install/pub1-3:/home/linux/ros2_ws/install/pub1-2:/opt/ros/foxy:/home/linux/ros2_ws/install/pub1-1:/home/linux/ros2_ws/install/pub1 /usr/bin/cmake --build /home/linux/ros2_ws/build/pub2_3 -- -j6 -l6
[11.424s] Invoking command in '/home/linux/ros2_ws/build/pub2_3': CMAKE_PREFIX_PATH=/home/linux/ros2_ws/install/pub1-3:/home/linux/ros2_ws/install/pub1-2:/opt/ros/foxy:/home/linux/ros2_ws/install/pub1-1:/home/linux/ros2_ws/install/pub1 /usr/bin/cmake --install /home/linux/ros2_ws/build/pub2_3
[11.432s] -- Install configuration: ""
[11.433s] -- Installing: /home/linux/ros2_ws/install/pub2_3/lib/pub2_3/pub_node
[11.434s] -- Set runtime path of "/home/linux/ros2_ws/install/pub2_3/lib/pub2_3/pub_node" to ""
[11.434s] -- Installing: /home/linux/ros2_ws/install/pub2_3/share/ament_index/resource_index/package_run_dependencies/pub2_3
[11.435s] -- Installing: /home/linux/ros2_ws/install/pub2_3/share/ament_index/resource_index/parent_prefix_path/pub2_3
[11.435s] -- Installing: /home/linux/ros2_ws/install/pub2_3/share/pub2_3/environment/ament_prefix_path.sh
[11.435s] -- Installing: /home/linux/ros2_ws/install/pub2_3/share/pub2_3/environment/ament_prefix_path.dsv
[11.436s] -- Installing: /home/linux/ros2_ws/install/pub2_3/share/pub2_3/environment/path.sh
[11.436s] -- Installing: /home/linux/ros2_ws/install/pub2_3/share/pub2_3/environment/path.dsv
[11.436s] -- Installing: /home/linux/ros2_ws/install/pub2_3/share/pub2_3/local_setup.bash
[11.436s] -- Installing: /home/linux/ros2_ws/install/pub2_3/share/pub2_3/local_setup.sh
[11.436s] -- Installing: /home/linux/ros2_ws/install/pub2_3/share/pub2_3/local_setup.zsh
[11.436s] -- Installing: /home/linux/ros2_ws/install/pub2_3/share/pub2_3/local_setup.dsv
[11.437s] -- Installing: /home/linux/ros2_ws/install/pub2_3/share/pub2_3/package.dsv
[11.437s] -- Installing: /home/linux/ros2_ws/install/pub2_3/share/ament_index/resource_index/packages/pub2_3
[11.437s] -- Installing: /home/linux/ros2_ws/install/pub2_3/share/pub2_3/cmake/pub2_3Config.cmake
[11.437s] -- Installing: /home/linux/ros2_ws/install/pub2_3/share/pub2_3/cmake/pub2_3Config-version.cmake
[11.437s] -- Installing: /home/linux/ros2_ws/install/pub2_3/share/pub2_3/package.xml
[11.440s] Invoked command in '/home/linux/ros2_ws/build/pub2_3' returned '0': CMAKE_PREFIX_PATH=/home/linux/ros2_ws/install/pub1-3:/home/linux/ros2_ws/install/pub1-2:/opt/ros/foxy:/home/linux/ros2_ws/install/pub1-1:/home/linux/ros2_ws/install/pub1 /usr/bin/cmake --install /home/linux/ros2_ws/build/pub2_3
