[0.409s] DEBUG:colcon:Command line arguments: ['/usr/bin/colcon', 'build', '--symlink-install', '--packages-select', 'pub2-1']
[0.410s] DEBUG:colcon:Parsed command line arguments: Namespace(allow_overriding=[], ament_cmake_args=None, base_paths=['.'], build_base='build', catkin_cmake_args=None, catkin_skip_building_tests=False, cmake_args=None, cmake_clean_cache=False, cmake_clean_first=False, cmake_force_configure=False, cmake_target=None, cmake_target_skip_unavailable=False, continue_on_error=False, event_handlers=None, executor='parallel', ignore_user_meta=False, install_base='install', log_base=None, log_level=None, main=<bound method BuildVerb.main of <colcon_core.verb.build.BuildVerb object at 0x7f439e6cda30>>, merge_install=False, metas=['./colcon.meta'], packages_above=None, packages_above_and_dependencies=None, packages_above_depth=None, packages_end=None, packages_ignore=None, packages_ignore_regex=None, packages_select=['pub2-1'], packages_select_build_failed=False, packages_select_by_dep=None, packages_select_regex=None, packages_select_test_failures=False, packages_skip=None, packages_skip_build_finished=False, packages_skip_by_dep=None, packages_skip_regex=None, packages_skip_test_passed=False, packages_skip_up_to=None, packages_start=None, packages_up_to=None, packages_up_to_regex=None, parallel_workers=6, paths=None, symlink_install=True, test_result_base=None, verb_extension=<colcon_core.verb.build.BuildVerb object at 0x7f439e6cda30>, verb_name='build', verb_parser=<colcon_defaults.argument_parser.defaults.DefaultArgumentsDecorator object at 0x7f439e6601c0>)
[0.615s] Level 1:colcon.colcon_core.package_discovery:discover_packages(colcon_meta) check parameters
[0.616s] Level 1:colcon.colcon_core.package_discovery:discover_packages(recursive) check parameters
[0.616s] Level 1:colcon.colcon_core.package_discovery:discover_packages(ignore) check parameters
[0.616s] Level 1:colcon.colcon_core.package_discovery:discover_packages(path) check parameters
[0.616s] Level 1:colcon.colcon_core.package_discovery:discover_packages(colcon_meta) discover
[0.616s] Level 1:colcon.colcon_core.package_discovery:discover_packages(recursive) discover
[0.616s] INFO:colcon.colcon_core.package_discovery:Crawling recursively for packages in '/home/linux/ros2_ws'
[0.616s] Level 1:colcon.colcon_core.package_identification:_identify(.) by extensions ['ignore', 'ignore_ament_install']
[0.617s] Level 1:colcon.colcon_core.package_identification:_identify(.) by extension 'ignore'
[0.617s] Level 1:colcon.colcon_core.package_identification:_identify(.) by extension 'ignore_ament_install'
[0.617s] Level 1:colcon.colcon_core.package_identification:_identify(.) by extensions ['colcon_pkg']
[0.617s] Level 1:colcon.colcon_core.package_identification:_identify(.) by extension 'colcon_pkg'
[0.617s] Level 1:colcon.colcon_core.package_identification:_identify(.) by extensions ['colcon_meta']
[0.617s] Level 1:colcon.colcon_core.package_identification:_identify(.) by extension 'colcon_meta'
[0.617s] Level 1:colcon.colcon_core.package_identification:_identify(.) by extensions ['ros']
[0.617s] Level 1:colcon.colcon_core.package_identification:_identify(.) by extension 'ros'
[0.628s] Level 1:colcon.colcon_core.package_identification:_identify(.) by extensions ['cmake', 'python']
[0.628s] Level 1:colcon.colcon_core.package_identification:_identify(.) by extension 'cmake'
[0.628s] Level 1:colcon.colcon_core.package_identification:_identify(.) by extension 'python'
[0.628s] Level 1:colcon.colcon_core.package_identification:_identify(.) by extensions ['python_setup_py']
[0.628s] Level 1:colcon.colcon_core.package_identification:_identify(.) by extension 'python_setup_py'
[0.629s] Level 1:colcon.colcon_core.package_identification:_identify(build) by extensions ['ignore', 'ignore_ament_install']
[0.629s] Level 1:colcon.colcon_core.package_identification:_identify(build) by extension 'ignore'
[0.629s] Level 1:colcon.colcon_core.package_identification:_identify(build) ignored
[0.630s] Level 1:colcon.colcon_core.package_identification:_identify(install) by extensions ['ignore', 'ignore_ament_install']
[0.630s] Level 1:colcon.colcon_core.package_identification:_identify(install) by extension 'ignore'
[0.630s] Level 1:colcon.colcon_core.package_identification:_identify(install) ignored
[0.630s] Level 1:colcon.colcon_core.package_identification:_identify(log) by extensions ['ignore', 'ignore_ament_install']
[0.630s] Level 1:colcon.colcon_core.package_identification:_identify(log) by extension 'ignore'
[0.630s] Level 1:colcon.colcon_core.package_identification:_identify(log) ignored
[0.630s] Level 1:colcon.colcon_core.package_identification:_identify(src) by extensions ['ignore', 'ignore_ament_install']
[0.630s] Level 1:colcon.colcon_core.package_identification:_identify(src) by extension 'ignore'
[0.630s] Level 1:colcon.colcon_core.package_identification:_identify(src) by extension 'ignore_ament_install'
[0.630s] Level 1:colcon.colcon_core.package_identification:_identify(src) by extensions ['colcon_pkg']
[0.630s] Level 1:colcon.colcon_core.package_identification:_identify(src) by extension 'colcon_pkg'
[0.630s] Level 1:colcon.colcon_core.package_identification:_identify(src) by extensions ['colcon_meta']
[0.630s] Level 1:colcon.colcon_core.package_identification:_identify(src) by extension 'colcon_meta'
[0.630s] Level 1:colcon.colcon_core.package_identification:_identify(src) by extensions ['ros']
[0.631s] Level 1:colcon.colcon_core.package_identification:_identify(src) by extension 'ros'
[0.631s] Level 1:colcon.colcon_core.package_identification:_identify(src) by extensions ['cmake', 'python']
[0.631s] Level 1:colcon.colcon_core.package_identification:_identify(src) by extension 'cmake'
[0.631s] Level 1:colcon.colcon_core.package_identification:_identify(src) by extension 'python'
[0.631s] Level 1:colcon.colcon_core.package_identification:_identify(src) by extensions ['python_setup_py']
[0.631s] Level 1:colcon.colcon_core.package_identification:_identify(src) by extension 'python_setup_py'
[0.631s] Level 1:colcon.colcon_core.package_identification:_identify(src/pub1) by extensions ['ignore', 'ignore_ament_install']
[0.632s] Level 1:colcon.colcon_core.package_identification:_identify(src/pub1) by extension 'ignore'
[0.632s] Level 1:colcon.colcon_core.package_identification:_identify(src/pub1) by extension 'ignore_ament_install'
[0.632s] Level 1:colcon.colcon_core.package_identification:_identify(src/pub1) by extensions ['colcon_pkg']
[0.632s] Level 1:colcon.colcon_core.package_identification:_identify(src/pub1) by extension 'colcon_pkg'
[0.632s] Level 1:colcon.colcon_core.package_identification:_identify(src/pub1) by extensions ['colcon_meta']
[0.632s] Level 1:colcon.colcon_core.package_identification:_identify(src/pub1) by extension 'colcon_meta'
[0.632s] Level 1:colcon.colcon_core.package_identification:_identify(src/pub1) by extensions ['ros']
[0.632s] Level 1:colcon.colcon_core.package_identification:_identify(src/pub1) by extension 'ros'
[0.637s] DEBUG:colcon.colcon_core.package_identification:Package 'src/pub1' with type 'ros.ament_cmake' and name 'pub1'
[0.638s] Level 1:colcon.colcon_core.package_identification:_identify(src/pub1-1) by extensions ['ignore', 'ignore_ament_install']
[0.638s] Level 1:colcon.colcon_core.package_identification:_identify(src/pub1-1) by extension 'ignore'
[0.638s] Level 1:colcon.colcon_core.package_identification:_identify(src/pub1-1) by extension 'ignore_ament_install'
[0.638s] Level 1:colcon.colcon_core.package_identification:_identify(src/pub1-1) by extensions ['colcon_pkg']
[0.638s] Level 1:colcon.colcon_core.package_identification:_identify(src/pub1-1) by extension 'colcon_pkg'
[0.638s] Level 1:colcon.colcon_core.package_identification:_identify(src/pub1-1) by extensions ['colcon_meta']
[0.638s] Level 1:colcon.colcon_core.package_identification:_identify(src/pub1-1) by extension 'colcon_meta'
[0.639s] Level 1:colcon.colcon_core.package_identification:_identify(src/pub1-1) by extensions ['ros']
[0.639s] Level 1:colcon.colcon_core.package_identification:_identify(src/pub1-1) by extension 'ros'
[0.640s] DEBUG:colcon.colcon_core.package_identification:Package 'src/pub1-1' with type 'ros.catkin' and name 'pub1-1'
[0.641s] Level 1:colcon.colcon_core.package_identification:_identify(src/pub1-2) by extensions ['ignore', 'ignore_ament_install']
[0.641s] Level 1:colcon.colcon_core.package_identification:_identify(src/pub1-2) by extension 'ignore'
[0.641s] Level 1:colcon.colcon_core.package_identification:_identify(src/pub1-2) by extension 'ignore_ament_install'
[0.641s] Level 1:colcon.colcon_core.package_identification:_identify(src/pub1-2) by extensions ['colcon_pkg']
[0.641s] Level 1:colcon.colcon_core.package_identification:_identify(src/pub1-2) by extension 'colcon_pkg'
[0.641s] Level 1:colcon.colcon_core.package_identification:_identify(src/pub1-2) by extensions ['colcon_meta']
[0.641s] Level 1:colcon.colcon_core.package_identification:_identify(src/pub1-2) by extension 'colcon_meta'
[0.641s] Level 1:colcon.colcon_core.package_identification:_identify(src/pub1-2) by extensions ['ros']
[0.641s] Level 1:colcon.colcon_core.package_identification:_identify(src/pub1-2) by extension 'ros'
[0.643s] DEBUG:colcon.colcon_core.package_identification:Package 'src/pub1-2' with type 'ros.ament_cmake' and name 'pub1-2'
[0.643s] Level 1:colcon.colcon_core.package_identification:_identify(src/pub1-3) by extensions ['ignore', 'ignore_ament_install']
[0.643s] Level 1:colcon.colcon_core.package_identification:_identify(src/pub1-3) by extension 'ignore'
[0.643s] Level 1:colcon.colcon_core.package_identification:_identify(src/pub1-3) by extension 'ignore_ament_install'
[0.643s] Level 1:colcon.colcon_core.package_identification:_identify(src/pub1-3) by extensions ['colcon_pkg']
[0.643s] Level 1:colcon.colcon_core.package_identification:_identify(src/pub1-3) by extension 'colcon_pkg'
[0.644s] Level 1:colcon.colcon_core.package_identification:_identify(src/pub1-3) by extensions ['colcon_meta']
[0.644s] Level 1:colcon.colcon_core.package_identification:_identify(src/pub1-3) by extension 'colcon_meta'
[0.644s] Level 1:colcon.colcon_core.package_identification:_identify(src/pub1-3) by extensions ['ros']
[0.644s] Level 1:colcon.colcon_core.package_identification:_identify(src/pub1-3) by extension 'ros'
[0.645s] DEBUG:colcon.colcon_core.package_identification:Package 'src/pub1-3' with type 'ros.ament_cmake' and name 'pub1-3'
[0.646s] Level 1:colcon.colcon_core.package_identification:_identify(src/pub2) by extensions ['ignore', 'ignore_ament_install']
[0.646s] Level 1:colcon.colcon_core.package_identification:_identify(src/pub2) by extension 'ignore'
[0.646s] Level 1:colcon.colcon_core.package_identification:_identify(src/pub2) by extension 'ignore_ament_install'
[0.646s] Level 1:colcon.colcon_core.package_identification:_identify(src/pub2) by extensions ['colcon_pkg']
[0.646s] Level 1:colcon.colcon_core.package_identification:_identify(src/pub2) by extension 'colcon_pkg'
[0.646s] Level 1:colcon.colcon_core.package_identification:_identify(src/pub2) by extensions ['colcon_meta']
[0.646s] Level 1:colcon.colcon_core.package_identification:_identify(src/pub2) by extension 'colcon_meta'
[0.646s] Level 1:colcon.colcon_core.package_identification:_identify(src/pub2) by extensions ['ros']
[0.646s] Level 1:colcon.colcon_core.package_identification:_identify(src/pub2) by extension 'ros'
[0.648s] DEBUG:colcon.colcon_core.package_identification:Package 'src/pub2' with type 'ros.ament_cmake' and name 'pub2'
[0.648s] Level 1:colcon.colcon_core.package_identification:_identify(src/pub2-1) by extensions ['ignore', 'ignore_ament_install']
[0.648s] Level 1:colcon.colcon_core.package_identification:_identify(src/pub2-1) by extension 'ignore'
[0.648s] Level 1:colcon.colcon_core.package_identification:_identify(src/pub2-1) by extension 'ignore_ament_install'
[0.648s] Level 1:colcon.colcon_core.package_identification:_identify(src/pub2-1) by extensions ['colcon_pkg']
[0.648s] Level 1:colcon.colcon_core.package_identification:_identify(src/pub2-1) by extension 'colcon_pkg'
[0.648s] Level 1:colcon.colcon_core.package_identification:_identify(src/pub2-1) by extensions ['colcon_meta']
[0.648s] Level 1:colcon.colcon_core.package_identification:_identify(src/pub2-1) by extension 'colcon_meta'
[0.648s] Level 1:colcon.colcon_core.package_identification:_identify(src/pub2-1) by extensions ['ros']
[0.648s] Level 1:colcon.colcon_core.package_identification:_identify(src/pub2-1) by extension 'ros'
[0.649s] DEBUG:colcon.colcon_core.package_identification:Package 'src/pub2-1' with type 'ros.ament_cmake' and name 'pub2-1'
[0.650s] Level 1:colcon.colcon_core.package_identification:_identify(src/pub2_3) by extensions ['ignore', 'ignore_ament_install']
[0.650s] Level 1:colcon.colcon_core.package_identification:_identify(src/pub2_3) by extension 'ignore'
[0.650s] Level 1:colcon.colcon_core.package_identification:_identify(src/pub2_3) by extension 'ignore_ament_install'
[0.650s] Level 1:colcon.colcon_core.package_identification:_identify(src/pub2_3) by extensions ['colcon_pkg']
[0.650s] Level 1:colcon.colcon_core.package_identification:_identify(src/pub2_3) by extension 'colcon_pkg'
[0.650s] Level 1:colcon.colcon_core.package_identification:_identify(src/pub2_3) by extensions ['colcon_meta']
[0.650s] Level 1:colcon.colcon_core.package_identification:_identify(src/pub2_3) by extension 'colcon_meta'
[0.650s] Level 1:colcon.colcon_core.package_identification:_identify(src/pub2_3) by extensions ['ros']
[0.650s] Level 1:colcon.colcon_core.package_identification:_identify(src/pub2_3) by extension 'ros'
[0.652s] DEBUG:colcon.colcon_core.package_identification:Package 'src/pub2_3' with type 'ros.ament_cmake' and name 'pub2_3'
[0.652s] Level 1:colcon.colcon_core.package_discovery:discover_packages(recursive) using defaults
[0.652s] Level 1:colcon.colcon_core.package_discovery:discover_packages(ignore) discover
[0.652s] Level 1:colcon.colcon_core.package_discovery:discover_packages(ignore) using defaults
[0.652s] Level 1:colcon.colcon_core.package_discovery:discover_packages(path) discover
[0.652s] Level 1:colcon.colcon_core.package_discovery:discover_packages(path) using defaults
[0.690s] INFO:colcon.colcon_core.package_selection:Skipping not selected package 'pub1' in 'src/pub1'
[0.690s] INFO:colcon.colcon_core.package_selection:Skipping not selected package 'pub1-1' in 'src/pub1-1'
[0.690s] INFO:colcon.colcon_core.package_selection:Skipping not selected package 'pub1-2' in 'src/pub1-2'
[0.690s] INFO:colcon.colcon_core.package_selection:Skipping not selected package 'pub1-3' in 'src/pub1-3'
[0.690s] INFO:colcon.colcon_core.package_selection:Skipping not selected package 'pub2' in 'src/pub2'
[0.690s] INFO:colcon.colcon_core.package_selection:Skipping not selected package 'pub2_3' in 'src/pub2_3'
[0.692s] Level 1:colcon.colcon_core.package_discovery:discover_packages(prefix_path) check parameters
[0.692s] Level 1:colcon.colcon_core.package_discovery:discover_packages(prefix_path) discover
[0.712s] DEBUG:colcon.colcon_installed_package_information.package_discovery:Found 6 installed packages in /home/linux/ros2_ws/install
[0.715s] DEBUG:colcon.colcon_installed_package_information.package_discovery:Found 258 installed packages in /opt/ros/foxy
[0.717s] Level 1:colcon.colcon_core.package_discovery:discover_packages(prefix_path) using defaults
[0.886s] Level 5:colcon.colcon_core.verb:set package 'pub2-1' build argument 'cmake_args' from command line to 'None'
[0.887s] Level 5:colcon.colcon_core.verb:set package 'pub2-1' build argument 'cmake_target' from command line to 'None'
[0.887s] Level 5:colcon.colcon_core.verb:set package 'pub2-1' build argument 'cmake_target_skip_unavailable' from command line to 'False'
[0.887s] Level 5:colcon.colcon_core.verb:set package 'pub2-1' build argument 'cmake_clean_cache' from command line to 'False'
[0.887s] Level 5:colcon.colcon_core.verb:set package 'pub2-1' build argument 'cmake_clean_first' from command line to 'False'
[0.887s] Level 5:colcon.colcon_core.verb:set package 'pub2-1' build argument 'cmake_force_configure' from command line to 'False'
[0.887s] Level 5:colcon.colcon_core.verb:set package 'pub2-1' build argument 'ament_cmake_args' from command line to 'None'
[0.887s] Level 5:colcon.colcon_core.verb:set package 'pub2-1' build argument 'catkin_cmake_args' from command line to 'None'
[0.887s] Level 5:colcon.colcon_core.verb:set package 'pub2-1' build argument 'catkin_skip_building_tests' from command line to 'False'
[0.887s] DEBUG:colcon.colcon_core.verb:Building package 'pub2-1' with the following arguments: {'ament_cmake_args': None, 'build_base': '/home/linux/ros2_ws/build/pub2-1', 'catkin_cmake_args': None, 'catkin_skip_building_tests': False, 'cmake_args': None, 'cmake_clean_cache': False, 'cmake_clean_first': False, 'cmake_force_configure': False, 'cmake_target': None, 'cmake_target_skip_unavailable': False, 'install_base': '/home/linux/ros2_ws/install/pub2-1', 'merge_install': False, 'path': '/home/linux/ros2_ws/src/pub2-1', 'symlink_install': True, 'test_result_base': None}
[0.887s] INFO:colcon.colcon_core.executor:Executing jobs using 'parallel' executor
[0.888s] DEBUG:colcon.colcon_parallel_executor.executor.parallel:run_until_complete
[0.888s] INFO:colcon.colcon_ros.task.ament_cmake.build:Building ROS package in '/home/linux/ros2_ws/src/pub2-1' with build type 'ament_cmake'
[0.888s] INFO:colcon.colcon_cmake.task.cmake.build:Building CMake package in '/home/linux/ros2_ws/src/pub2-1'
[0.899s] INFO:colcon.colcon_core.plugin_system:Skipping extension 'colcon_core.shell.bat': Not used on non-Windows systems
[0.899s] INFO:colcon.colcon_core.shell:Skip shell extension 'powershell' for command environment: Not usable outside of PowerShell
[0.899s] DEBUG:colcon.colcon_core.shell:Skip shell extension 'dsv' for command environment
[0.914s] DEBUG:colcon.colcon_core.event_handler.log_command:Invoking command in '/home/linux/ros2_ws/build/pub2-1': CMAKE_PREFIX_PATH=/home/linux/ros2_ws/install/pub2:/home/linux/ros2_ws/install/pub2_3:/home/linux/ros2_ws/install/pub1-3:/home/linux/ros2_ws/install/pub1-2:/opt/ros/foxy:/home/linux/ros2_ws/install/pub1-1:/home/linux/ros2_ws/install/pub1 /usr/bin/cmake /home/linux/ros2_ws/src/pub2-1 -DAMENT_CMAKE_SYMLINK_INSTALL=1 -DCMAKE_INSTALL_PREFIX=/home/linux/ros2_ws/install/pub2-1
[8.667s] DEBUG:colcon.colcon_core.event_handler.log_command:Invoked command in '/home/linux/ros2_ws/build/pub2-1' returned '0': CMAKE_PREFIX_PATH=/home/linux/ros2_ws/install/pub2:/home/linux/ros2_ws/install/pub2_3:/home/linux/ros2_ws/install/pub1-3:/home/linux/ros2_ws/install/pub1-2:/opt/ros/foxy:/home/linux/ros2_ws/install/pub1-1:/home/linux/ros2_ws/install/pub1 /usr/bin/cmake /home/linux/ros2_ws/src/pub2-1 -DAMENT_CMAKE_SYMLINK_INSTALL=1 -DCMAKE_INSTALL_PREFIX=/home/linux/ros2_ws/install/pub2-1
[8.670s] DEBUG:colcon.colcon_core.event_handler.log_command:Invoking command in '/home/linux/ros2_ws/build/pub2-1': CMAKE_PREFIX_PATH=/home/linux/ros2_ws/install/pub2:/home/linux/ros2_ws/install/pub2_3:/home/linux/ros2_ws/install/pub1-3:/home/linux/ros2_ws/install/pub1-2:/opt/ros/foxy:/home/linux/ros2_ws/install/pub1-1:/home/linux/ros2_ws/install/pub1 /usr/bin/cmake --build /home/linux/ros2_ws/build/pub2-1 -- -j6 -l6
[11.982s] DEBUG:colcon.colcon_core.event_handler.log_command:Invoked command in '/home/linux/ros2_ws/build/pub2-1' returned '0': CMAKE_PREFIX_PATH=/home/linux/ros2_ws/install/pub2:/home/linux/ros2_ws/install/pub2_3:/home/linux/ros2_ws/install/pub1-3:/home/linux/ros2_ws/install/pub1-2:/opt/ros/foxy:/home/linux/ros2_ws/install/pub1-1:/home/linux/ros2_ws/install/pub1 /usr/bin/cmake --build /home/linux/ros2_ws/build/pub2-1 -- -j6 -l6
[11.996s] DEBUG:colcon.colcon_core.event_handler.log_command:Invoking command in '/home/linux/ros2_ws/build/pub2-1': CMAKE_PREFIX_PATH=/home/linux/ros2_ws/install/pub2:/home/linux/ros2_ws/install/pub2_3:/home/linux/ros2_ws/install/pub1-3:/home/linux/ros2_ws/install/pub1-2:/opt/ros/foxy:/home/linux/ros2_ws/install/pub1-1:/home/linux/ros2_ws/install/pub1 /usr/bin/cmake --install /home/linux/ros2_ws/build/pub2-1
[12.150s] Level 1:colcon.colcon_core.environment:create_environment_scripts_only(pub2-1)
[12.150s] DEBUG:colcon.colcon_core.event_handler.log_command:Invoked command in '/home/linux/ros2_ws/build/pub2-1' returned '0': CMAKE_PREFIX_PATH=/home/linux/ros2_ws/install/pub2:/home/linux/ros2_ws/install/pub2_3:/home/linux/ros2_ws/install/pub1-3:/home/linux/ros2_ws/install/pub1-2:/opt/ros/foxy:/home/linux/ros2_ws/install/pub1-1:/home/linux/ros2_ws/install/pub1 /usr/bin/cmake --install /home/linux/ros2_ws/build/pub2-1
[12.164s] Level 1:colcon.colcon_core.environment:checking '/home/linux/ros2_ws/install/pub2-1' for CMake module files
[12.164s] Level 1:colcon.colcon_core.environment:checking '/home/linux/ros2_ws/install/pub2-1' for CMake config files
[12.165s] Level 1:colcon.colcon_core.shell:create_environment_hook('pub2-1', 'cmake_prefix_path')
[12.165s] INFO:colcon.colcon_core.shell:Creating environment hook '/home/linux/ros2_ws/install/pub2-1/share/pub2-1/hook/cmake_prefix_path.ps1'
[12.166s] INFO:colcon.colcon_core.shell:Creating environment descriptor '/home/linux/ros2_ws/install/pub2-1/share/pub2-1/hook/cmake_prefix_path.dsv'
[12.167s] INFO:colcon.colcon_core.shell:Creating environment hook '/home/linux/ros2_ws/install/pub2-1/share/pub2-1/hook/cmake_prefix_path.sh'
[12.169s] Level 1:colcon.colcon_core.environment:checking '/home/linux/ros2_ws/install/pub2-1/lib'
[12.169s] Level 1:colcon.colcon_core.environment:checking '/home/linux/ros2_ws/install/pub2-1/bin'
[12.170s] Level 1:colcon.colcon_core.environment:checking '/home/linux/ros2_ws/install/pub2-1/lib/pkgconfig/pub2-1.pc'
[12.170s] Level 1:colcon.colcon_core.environment:checking '/home/linux/ros2_ws/install/pub2-1/lib/python3.8/site-packages'
[12.170s] Level 1:colcon.colcon_core.environment:checking '/home/linux/ros2_ws/install/pub2-1/bin'
[12.170s] INFO:colcon.colcon_core.shell:Creating package script '/home/linux/ros2_ws/install/pub2-1/share/pub2-1/package.ps1'
[12.172s] INFO:colcon.colcon_core.shell:Creating package descriptor '/home/linux/ros2_ws/install/pub2-1/share/pub2-1/package.dsv'
[12.173s] INFO:colcon.colcon_core.shell:Creating package script '/home/linux/ros2_ws/install/pub2-1/share/pub2-1/package.sh'
[12.174s] INFO:colcon.colcon_core.shell:Creating package script '/home/linux/ros2_ws/install/pub2-1/share/pub2-1/package.bash'
[12.176s] INFO:colcon.colcon_core.shell:Creating package script '/home/linux/ros2_ws/install/pub2-1/share/pub2-1/package.zsh'
[12.177s] Level 1:colcon.colcon_core.environment:create_file_with_runtime_dependencies(/home/linux/ros2_ws/install/pub2-1/share/colcon-core/packages/pub2-1)
[12.178s] Level 1:colcon.colcon_core.environment:create_environment_scripts_only(pub2-1)
[12.178s] Level 1:colcon.colcon_core.environment:checking '/home/linux/ros2_ws/install/pub2-1' for CMake module files
[12.179s] Level 1:colcon.colcon_core.environment:checking '/home/linux/ros2_ws/install/pub2-1' for CMake config files
[12.179s] Level 1:colcon.colcon_core.shell:create_environment_hook('pub2-1', 'cmake_prefix_path')
[12.179s] INFO:colcon.colcon_core.shell:Creating environment hook '/home/linux/ros2_ws/install/pub2-1/share/pub2-1/hook/cmake_prefix_path.ps1'
[12.180s] INFO:colcon.colcon_core.shell:Creating environment descriptor '/home/linux/ros2_ws/install/pub2-1/share/pub2-1/hook/cmake_prefix_path.dsv'
[12.180s] INFO:colcon.colcon_core.shell:Creating environment hook '/home/linux/ros2_ws/install/pub2-1/share/pub2-1/hook/cmake_prefix_path.sh'
[12.180s] Level 1:colcon.colcon_core.environment:checking '/home/linux/ros2_ws/install/pub2-1/lib'
[12.180s] Level 1:colcon.colcon_core.environment:checking '/home/linux/ros2_ws/install/pub2-1/bin'
[12.180s] Level 1:colcon.colcon_core.environment:checking '/home/linux/ros2_ws/install/pub2-1/lib/pkgconfig/pub2-1.pc'
[12.181s] Level 1:colcon.colcon_core.environment:checking '/home/linux/ros2_ws/install/pub2-1/lib/python3.8/site-packages'
[12.181s] Level 1:colcon.colcon_core.environment:checking '/home/linux/ros2_ws/install/pub2-1/bin'
[12.181s] INFO:colcon.colcon_core.shell:Creating package script '/home/linux/ros2_ws/install/pub2-1/share/pub2-1/package.ps1'
[12.182s] INFO:colcon.colcon_core.shell:Creating package descriptor '/home/linux/ros2_ws/install/pub2-1/share/pub2-1/package.dsv'
[12.182s] INFO:colcon.colcon_core.shell:Creating package script '/home/linux/ros2_ws/install/pub2-1/share/pub2-1/package.sh'
[12.183s] INFO:colcon.colcon_core.shell:Creating package script '/home/linux/ros2_ws/install/pub2-1/share/pub2-1/package.bash'
[12.183s] INFO:colcon.colcon_core.shell:Creating package script '/home/linux/ros2_ws/install/pub2-1/share/pub2-1/package.zsh'
[12.183s] Level 1:colcon.colcon_core.environment:create_file_with_runtime_dependencies(/home/linux/ros2_ws/install/pub2-1/share/colcon-core/packages/pub2-1)
[12.184s] DEBUG:colcon.colcon_parallel_executor.executor.parallel:closing loop
[12.184s] DEBUG:colcon.colcon_parallel_executor.executor.parallel:loop closed
[12.184s] DEBUG:colcon.colcon_parallel_executor.executor.parallel:run_until_complete finished with '0'
[12.184s] DEBUG:colcon.colcon_core.event_reactor:joining thread
[12.262s] INFO:colcon.colcon_core.plugin_system:Skipping extension 'colcon_notification.desktop_notification.notify_send': Could not find 'notify-send'
[12.262s] INFO:colcon.colcon_core.plugin_system:Skipping extension 'colcon_notification.desktop_notification.terminal_notifier': Not used on non-Darwin systems
[12.262s] INFO:colcon.colcon_core.plugin_system:Skipping extension 'colcon_notification.desktop_notification.win32': Not used on non-Windows systems
[12.263s] INFO:colcon.colcon_notification.desktop_notification:Sending desktop notification using 'notify2'
[12.264s] DEBUG:colcon.colcon_notification.desktop_notification.notify2:Failed to initialize notify2: org.freedesktop.DBus.Error.ServiceUnknown: The name org.freedesktop.Notifications was not provided by any .service files
[12.264s] DEBUG:colcon.colcon_core.event_reactor:joined thread
[12.264s] INFO:colcon.colcon_core.shell:Creating prefix script '/home/linux/ros2_ws/install/local_setup.ps1'
[12.266s] INFO:colcon.colcon_core.shell:Creating prefix util module '/home/linux/ros2_ws/install/_local_setup_util_ps1.py'
[12.267s] INFO:colcon.colcon_core.shell:Creating prefix chain script '/home/linux/ros2_ws/install/setup.ps1'
[12.269s] INFO:colcon.colcon_core.shell:Creating prefix script '/home/linux/ros2_ws/install/local_setup.sh'
[12.270s] INFO:colcon.colcon_core.shell:Creating prefix util module '/home/linux/ros2_ws/install/_local_setup_util_sh.py'
[12.270s] INFO:colcon.colcon_core.shell:Creating prefix chain script '/home/linux/ros2_ws/install/setup.sh'
[12.272s] INFO:colcon.colcon_core.shell:Creating prefix script '/home/linux/ros2_ws/install/local_setup.bash'
[12.273s] INFO:colcon.colcon_core.shell:Creating prefix chain script '/home/linux/ros2_ws/install/setup.bash'
[12.274s] INFO:colcon.colcon_core.shell:Creating prefix script '/home/linux/ros2_ws/install/local_setup.zsh'
[12.275s] INFO:colcon.colcon_core.shell:Creating prefix chain script '/home/linux/ros2_ws/install/setup.zsh'
