-- Found ament_cmake: 0.9.12 (/opt/ros/foxy/share/ament_cmake/cmake)
-- Using PYTHON_EXECUTABLE: /usr/bin/python3
-- Found rclcpp: 2.4.3 (/opt/ros/foxy/share/rclcpp/cmake)
-- Using all available rosidl_typesupport_c: rosidl_typesupport_fastrtps_c;rosidl_typesupport_introspection_c
-- Found rosidl_adapter: 1.3.1 (/opt/ros/foxy/share/rosidl_adapter/cmake)
-- Using all available rosidl_typesupport_cpp: rosidl_typesupport_fastrtps_cpp;rosidl_typesupport_introspection_cpp
-- Found rmw_implementation_cmake: 1.0.4 (/opt/ros/foxy/share/rmw_implementation_cmake/cmake)
-- Using RMW implementation 'rmw_fastrtps_cpp' as default
-- Configuring done
-- Generating done
-- Build files have been written to: /home/linux/ros2_ws/build/pub1-1
[35m[1mScanning dependencies of target pub1[0m
[ 50%] [32mBuilding CXX object CMakeFiles/pub1.dir/src/pub1.cpp.o[0m
[100%] [32m[1mLinking CXX executable pub1[0m
[100%] Built target pub1
-- Install configuration: ""
-- Installing: /home/linux/ros2_ws/install/pub1-1/lib/pub1-1/pub1
-- Set runtime path of "/home/linux/ros2_ws/install/pub1-1/lib/pub1-1/pub1" to ""
-- Installing: /home/linux/ros2_ws/install/pub1-1/share/ament_index/resource_index/package_run_dependencies/pub1-1
-- Installing: /home/linux/ros2_ws/install/pub1-1/share/ament_index/resource_index/parent_prefix_path/pub1-1
-- Installing: /home/linux/ros2_ws/install/pub1-1/share/pub1-1/environment/ament_prefix_path.sh
-- Installing: /home/linux/ros2_ws/install/pub1-1/share/pub1-1/environment/ament_prefix_path.dsv
-- Installing: /home/linux/ros2_ws/install/pub1-1/share/pub1-1/environment/path.sh
-- Installing: /home/linux/ros2_ws/install/pub1-1/share/pub1-1/environment/path.dsv
-- Installing: /home/linux/ros2_ws/install/pub1-1/share/pub1-1/local_setup.bash
-- Installing: /home/linux/ros2_ws/install/pub1-1/share/pub1-1/local_setup.sh
-- Installing: /home/linux/ros2_ws/install/pub1-1/share/pub1-1/local_setup.zsh
-- Installing: /home/linux/ros2_ws/install/pub1-1/share/pub1-1/local_setup.dsv
-- Installing: /home/linux/ros2_ws/install/pub1-1/share/pub1-1/package.dsv
-- Installing: /home/linux/ros2_ws/install/pub1-1/share/ament_index/resource_index/packages/pub1-1
-- Installing: /home/linux/ros2_ws/install/pub1-1/share/pub1-1/cmake/pub1-1Config.cmake
-- Installing: /home/linux/ros2_ws/install/pub1-1/share/pub1-1/cmake/pub1-1Config-version.cmake
-- Installing: /home/linux/ros2_ws/install/pub1-1/share/pub1-1/package.xml
