[0.017s] Invoking command in '/home/linux/ros2_ws/build/pub1-1': /usr/bin/cmake /home/linux/ros2_ws/src/pub1-1 -DCATKIN_INSTALL_INTO_PREFIX_ROOT=0 -DCATKIN_SYMLINK_INSTALL=ON -DCMAKE_INSTALL_PREFIX=/home/linux/ros2_ws/install/pub1-1
[0.101s] -- Found ament_cmake: 0.9.12 (/opt/ros/foxy/share/ament_cmake/cmake)
[0.130s] -- Using PYTHON_EXECUTABLE: /usr/bin/python3
[0.332s] -- Found rclcpp: 2.4.3 (/opt/ros/foxy/share/rclcpp/cmake)
[0.547s] -- Using all available rosidl_typesupport_c: rosidl_typesupport_fastrtps_c;rosidl_typesupport_introspection_c
[0.555s] -- Found rosidl_adapter: 1.3.1 (/opt/ros/foxy/share/rosidl_adapter/cmake)
[4.673s] -- Using all available rosidl_typesupport_cpp: rosidl_typesupport_fastrtps_cpp;rosidl_typesupport_introspection_cpp
[4.817s] -- Found rmw_implementation_cmake: 1.0.4 (/opt/ros/foxy/share/rmw_implementation_cmake/cmake)
[4.820s] -- Using RMW implementation 'rmw_fastrtps_cpp' as default
[5.076s] -- Configuring done
[5.088s] -- Generating done
[5.089s] CMake Warning:
[5.089s]   Manually-specified variables were not used by the project:
[5.089s] 
[5.089s]     CATKIN_INSTALL_INTO_PREFIX_ROOT
[5.089s]     CATKIN_SYMLINK_INSTALL
[5.089s] 
[5.089s] 
[5.092s] -- Build files have been written to: /home/linux/ros2_ws/build/pub1-1
[5.114s] Invoked command in '/home/linux/ros2_ws/build/pub1-1' returned '0': /usr/bin/cmake /home/linux/ros2_ws/src/pub1-1 -DCATKIN_INSTALL_INTO_PREFIX_ROOT=0 -DCATKIN_SYMLINK_INSTALL=ON -DCMAKE_INSTALL_PREFIX=/home/linux/ros2_ws/install/pub1-1
[5.117s] Invoking command in '/home/linux/ros2_ws/build/pub1-1': /usr/bin/cmake --build /home/linux/ros2_ws/build/pub1-1 -- -j6 -l6
[5.161s] [35m[1mScanning dependencies of target pub1[0m
[5.308s] [ 50%] [32mBuilding CXX object CMakeFiles/pub1.dir/src/pub1.cpp.o[0m
[8.392s] [100%] [32m[1mLinking CXX executable pub1[0m
[8.710s] [100%] Built target pub1
[8.721s] Invoked command in '/home/linux/ros2_ws/build/pub1-1' returned '0': /usr/bin/cmake --build /home/linux/ros2_ws/build/pub1-1 -- -j6 -l6
[8.733s] Invoking command in '/home/linux/ros2_ws/build/pub1-1': /usr/bin/cmake --install /home/linux/ros2_ws/build/pub1-1
[8.743s] -- Install configuration: ""
[8.743s] -- Installing: /home/linux/ros2_ws/install/pub1-1/lib/pub1-1/pub1
[8.744s] -- Set runtime path of "/home/linux/ros2_ws/install/pub1-1/lib/pub1-1/pub1" to ""
[8.745s] -- Installing: /home/linux/ros2_ws/install/pub1-1/share/ament_index/resource_index/package_run_dependencies/pub1-1
[8.745s] -- Installing: /home/linux/ros2_ws/install/pub1-1/share/ament_index/resource_index/parent_prefix_path/pub1-1
[8.745s] -- Installing: /home/linux/ros2_ws/install/pub1-1/share/pub1-1/environment/ament_prefix_path.sh
[8.746s] -- Installing: /home/linux/ros2_ws/install/pub1-1/share/pub1-1/environment/ament_prefix_path.dsv
[8.746s] -- Installing: /home/linux/ros2_ws/install/pub1-1/share/pub1-1/environment/path.sh
[8.746s] -- Installing: /home/linux/ros2_ws/install/pub1-1/share/pub1-1/environment/path.dsv
[8.747s] -- Installing: /home/linux/ros2_ws/install/pub1-1/share/pub1-1/local_setup.bash
[8.747s] -- Installing: /home/linux/ros2_ws/install/pub1-1/share/pub1-1/local_setup.sh
[8.747s] -- Installing: /home/linux/ros2_ws/install/pub1-1/share/pub1-1/local_setup.zsh
[8.747s] -- Installing: /home/linux/ros2_ws/install/pub1-1/share/pub1-1/local_setup.dsv
[8.747s] -- Installing: /home/linux/ros2_ws/install/pub1-1/share/pub1-1/package.dsv
[8.747s] -- Installing: /home/linux/ros2_ws/install/pub1-1/share/ament_index/resource_index/packages/pub1-1
[8.747s] -- Installing: /home/linux/ros2_ws/install/pub1-1/share/pub1-1/cmake/pub1-1Config.cmake
[8.748s] -- Installing: /home/linux/ros2_ws/install/pub1-1/share/pub1-1/cmake/pub1-1Config-version.cmake
[8.748s] -- Installing: /home/linux/ros2_ws/install/pub1-1/share/pub1-1/package.xml
[8.750s] Invoked command in '/home/linux/ros2_ws/build/pub1-1' returned '0': /usr/bin/cmake --install /home/linux/ros2_ws/build/pub1-1
