-- Found ament_cmake: 0.9.12 (/opt/ros/foxy/share/ament_cmake/cmake)
-- Using PYTHON_EXECUTABLE: /usr/bin/python3
-- Override CMake install command with custom implementation using symlinks instead of copying resources
-- Found rclcpp: 2.4.3 (/opt/ros/foxy/share/rclcpp/cmake)
-- Using all available rosidl_typesupport_c: rosidl_typesupport_fastrtps_c;rosidl_typesupport_introspection_c
-- Found rosidl_adapter: 1.3.1 (/opt/ros/foxy/share/rosidl_adapter/cmake)
-- Using all available rosidl_typesupport_cpp: rosidl_typesupport_fastrtps_cpp;rosidl_typesupport_introspection_cpp
-- Found rmw_implementation_cmake: 1.0.4 (/opt/ros/foxy/share/rmw_implementation_cmake/cmake)
-- Using RMW implementation 'rmw_fastrtps_cpp' as default
-- Configuring done
-- Generating done
-- Build files have been written to: /home/linux/ros2_ws/build/psub1-1
[35m[1mScanning dependencies of target pub[0m
[35m[1mScanning dependencies of target sub[0m
[ 50%] [32mBuilding CXX object CMakeFiles/pub.dir/src/pub.cpp.o[0m
[ 50%] [32mBuilding CXX object CMakeFiles/sub.dir/src/sub.cpp.o[0m
[ 75%] [32m[1mLinking CXX executable pub[0m
[ 75%] Built target pub
[100%] [32m[1mLinking CXX executable sub[0m
[100%] Built target sub
-- Install configuration: ""
-- Execute custom install script
-- Symlinking: /home/linux/ros2_ws/install/psub1-1/lib/psub1-1/pub
-- Symlinking: /home/linux/ros2_ws/install/psub1-1/lib/psub1-1/sub
-- Symlinking: /home/linux/ros2_ws/install/psub1-1/share/ament_index/resource_index/package_run_dependencies/psub1-1
-- Symlinking: /home/linux/ros2_ws/install/psub1-1/share/ament_index/resource_index/parent_prefix_path/psub1-1
-- Symlinking: /home/linux/ros2_ws/install/psub1-1/share/psub1-1/environment/ament_prefix_path.sh
-- Symlinking: /home/linux/ros2_ws/install/psub1-1/share/psub1-1/environment/ament_prefix_path.dsv
-- Symlinking: /home/linux/ros2_ws/install/psub1-1/share/psub1-1/environment/path.sh
-- Symlinking: /home/linux/ros2_ws/install/psub1-1/share/psub1-1/environment/path.dsv
-- Symlinking: /home/linux/ros2_ws/install/psub1-1/share/psub1-1/local_setup.bash
-- Symlinking: /home/linux/ros2_ws/install/psub1-1/share/psub1-1/local_setup.sh
-- Symlinking: /home/linux/ros2_ws/install/psub1-1/share/psub1-1/local_setup.zsh
-- Symlinking: /home/linux/ros2_ws/install/psub1-1/share/psub1-1/local_setup.dsv
-- Symlinking: /home/linux/ros2_ws/install/psub1-1/share/psub1-1/package.dsv
-- Symlinking: /home/linux/ros2_ws/install/psub1-1/share/ament_index/resource_index/packages/psub1-1
-- Symlinking: /home/linux/ros2_ws/install/psub1-1/share/psub1-1/cmake/psub1-1Config.cmake
-- Symlinking: /home/linux/ros2_ws/install/psub1-1/share/psub1-1/cmake/psub1-1Config-version.cmake
-- Symlinking: /home/linux/ros2_ws/install/psub1-1/share/psub1-1/package.xml
