[0.027s] Invoking command in '/home/linux/ros2_ws/build/psub1-1': CMAKE_PREFIX_PATH=/home/linux/ros2_ws/install/pub2_3:/home/linux/ros2_ws/install/pub2-3:/home/linux/ros2_ws/install/pub2-2:/home/linux/ros2_ws/install/pub2-1:/home/linux/ros2_ws/install/pub2:/home/linux/ros2_ws/install/pub1-3:/home/linux/ros2_ws/install/pub1-2:/opt/ros/foxy:/home/linux/ros2_ws/install/pub1-1:/home/linux/ros2_ws/install/pub1:/home/linux/ros2_ws/install/psub1 /usr/bin/cmake /home/linux/ros2_ws/src/psub1-1 -DAMENT_CMAKE_SYMLINK_INSTALL=1 -DCMAKE_INSTALL_PREFIX=/home/linux/ros2_ws/install/psub1-1
[0.130s] -- Found ament_cmake: 0.9.12 (/opt/ros/foxy/share/ament_cmake/cmake)
[0.158s] -- Using PYTHON_EXECUTABLE: /usr/bin/python3
[0.346s] -- Override CMake install command with custom implementation using symlinks instead of copying resources
[0.386s] -- Found rclcpp: 2.4.3 (/opt/ros/foxy/share/rclcpp/cmake)
[0.607s] -- Using all available rosidl_typesupport_c: rosidl_typesupport_fastrtps_c;rosidl_typesupport_introspection_c
[0.614s] -- Found rosidl_adapter: 1.3.1 (/opt/ros/foxy/share/rosidl_adapter/cmake)
[4.909s] -- Using all available rosidl_typesupport_cpp: rosidl_typesupport_fastrtps_cpp;rosidl_typesupport_introspection_cpp
[4.981s] -- Found rmw_implementation_cmake: 1.0.4 (/opt/ros/foxy/share/rmw_implementation_cmake/cmake)
[4.984s] -- Using RMW implementation 'rmw_fastrtps_cpp' as default
[5.231s] -- Configuring done
[5.249s] -- Generating done
[5.254s] -- Build files have been written to: /home/linux/ros2_ws/build/psub1-1
[5.272s] Invoked command in '/home/linux/ros2_ws/build/psub1-1' returned '0': CMAKE_PREFIX_PATH=/home/linux/ros2_ws/install/pub2_3:/home/linux/ros2_ws/install/pub2-3:/home/linux/ros2_ws/install/pub2-2:/home/linux/ros2_ws/install/pub2-1:/home/linux/ros2_ws/install/pub2:/home/linux/ros2_ws/install/pub1-3:/home/linux/ros2_ws/install/pub1-2:/opt/ros/foxy:/home/linux/ros2_ws/install/pub1-1:/home/linux/ros2_ws/install/pub1:/home/linux/ros2_ws/install/psub1 /usr/bin/cmake /home/linux/ros2_ws/src/psub1-1 -DAMENT_CMAKE_SYMLINK_INSTALL=1 -DCMAKE_INSTALL_PREFIX=/home/linux/ros2_ws/install/psub1-1
[5.276s] Invoking command in '/home/linux/ros2_ws/build/psub1-1': CMAKE_PREFIX_PATH=/home/linux/ros2_ws/install/pub2_3:/home/linux/ros2_ws/install/pub2-3:/home/linux/ros2_ws/install/pub2-2:/home/linux/ros2_ws/install/pub2-1:/home/linux/ros2_ws/install/pub2:/home/linux/ros2_ws/install/pub1-3:/home/linux/ros2_ws/install/pub1-2:/opt/ros/foxy:/home/linux/ros2_ws/install/pub1-1:/home/linux/ros2_ws/install/pub1:/home/linux/ros2_ws/install/psub1 /usr/bin/cmake --build /home/linux/ros2_ws/build/psub1-1 -- -j6 -l6
[5.314s] [35m[1mScanning dependencies of target pub[0m
[5.314s] [35m[1mScanning dependencies of target sub[0m
[5.438s] [ 50%] [32mBuilding CXX object CMakeFiles/pub.dir/src/pub.cpp.o[0m
[5.438s] [ 50%] [32mBuilding CXX object CMakeFiles/sub.dir/src/sub.cpp.o[0m
[8.407s] [ 75%] [32m[1mLinking CXX executable pub[0m
[8.694s] [ 75%] Built target pub
[10.032s] [100%] [32m[1mLinking CXX executable sub[0m
[10.346s] [100%] Built target sub
[10.356s] Invoked command in '/home/linux/ros2_ws/build/psub1-1' returned '0': CMAKE_PREFIX_PATH=/home/linux/ros2_ws/install/pub2_3:/home/linux/ros2_ws/install/pub2-3:/home/linux/ros2_ws/install/pub2-2:/home/linux/ros2_ws/install/pub2-1:/home/linux/ros2_ws/install/pub2:/home/linux/ros2_ws/install/pub1-3:/home/linux/ros2_ws/install/pub1-2:/opt/ros/foxy:/home/linux/ros2_ws/install/pub1-1:/home/linux/ros2_ws/install/pub1:/home/linux/ros2_ws/install/psub1 /usr/bin/cmake --build /home/linux/ros2_ws/build/psub1-1 -- -j6 -l6
[10.368s] Invoking command in '/home/linux/ros2_ws/build/psub1-1': CMAKE_PREFIX_PATH=/home/linux/ros2_ws/install/pub2_3:/home/linux/ros2_ws/install/pub2-3:/home/linux/ros2_ws/install/pub2-2:/home/linux/ros2_ws/install/pub2-1:/home/linux/ros2_ws/install/pub2:/home/linux/ros2_ws/install/pub1-3:/home/linux/ros2_ws/install/pub1-2:/opt/ros/foxy:/home/linux/ros2_ws/install/pub1-1:/home/linux/ros2_ws/install/pub1:/home/linux/ros2_ws/install/psub1 /usr/bin/cmake --install /home/linux/ros2_ws/build/psub1-1
[10.375s] -- Install configuration: ""
[10.376s] -- Execute custom install script
[10.377s] -- Symlinking: /home/linux/ros2_ws/install/psub1-1/lib/psub1-1/pub
[10.385s] -- Symlinking: /home/linux/ros2_ws/install/psub1-1/lib/psub1-1/sub
[10.394s] -- Symlinking: /home/linux/ros2_ws/install/psub1-1/share/ament_index/resource_index/package_run_dependencies/psub1-1
[10.402s] -- Symlinking: /home/linux/ros2_ws/install/psub1-1/share/ament_index/resource_index/parent_prefix_path/psub1-1
[10.412s] -- Symlinking: /home/linux/ros2_ws/install/psub1-1/share/psub1-1/environment/ament_prefix_path.sh
[10.420s] -- Symlinking: /home/linux/ros2_ws/install/psub1-1/share/psub1-1/environment/ament_prefix_path.dsv
[10.429s] -- Symlinking: /home/linux/ros2_ws/install/psub1-1/share/psub1-1/environment/path.sh
[10.438s] -- Symlinking: /home/linux/ros2_ws/install/psub1-1/share/psub1-1/environment/path.dsv
[10.446s] -- Symlinking: /home/linux/ros2_ws/install/psub1-1/share/psub1-1/local_setup.bash
[10.455s] -- Symlinking: /home/linux/ros2_ws/install/psub1-1/share/psub1-1/local_setup.sh
[10.463s] -- Symlinking: /home/linux/ros2_ws/install/psub1-1/share/psub1-1/local_setup.zsh
[10.471s] -- Symlinking: /home/linux/ros2_ws/install/psub1-1/share/psub1-1/local_setup.dsv
[10.480s] -- Symlinking: /home/linux/ros2_ws/install/psub1-1/share/psub1-1/package.dsv
[10.488s] -- Symlinking: /home/linux/ros2_ws/install/psub1-1/share/ament_index/resource_index/packages/psub1-1
[10.497s] -- Symlinking: /home/linux/ros2_ws/install/psub1-1/share/psub1-1/cmake/psub1-1Config.cmake
[10.506s] -- Symlinking: /home/linux/ros2_ws/install/psub1-1/share/psub1-1/cmake/psub1-1Config-version.cmake
[10.514s] -- Symlinking: /home/linux/ros2_ws/install/psub1-1/share/psub1-1/package.xml
[10.525s] Invoked command in '/home/linux/ros2_ws/build/psub1-1' returned '0': CMAKE_PREFIX_PATH=/home/linux/ros2_ws/install/pub2_3:/home/linux/ros2_ws/install/pub2-3:/home/linux/ros2_ws/install/pub2-2:/home/linux/ros2_ws/install/pub2-1:/home/linux/ros2_ws/install/pub2:/home/linux/ros2_ws/install/pub1-3:/home/linux/ros2_ws/install/pub1-2:/opt/ros/foxy:/home/linux/ros2_ws/install/pub1-1:/home/linux/ros2_ws/install/pub1:/home/linux/ros2_ws/install/psub1 /usr/bin/cmake --install /home/linux/ros2_ws/build/psub1-1
